###############################################################################
#                                                                             #
# IAR ELF Linker V6.10.1.52143/W32 for ARM              03/Jul/2017  10:11:36 #
# Copyright 2007-2010 IAR Systems AB.                                         #
#                                                                             #
#    Output file  =  D:\work\project\PROJECT\N141\ARKN141\20170622\xspace_tul #
#                    v_20170702\xspace\proj\ARKN141_DEMO\TULV_BB_IMX323\Exe\A #
#                    RKN141_DEMO.out                                          #
#    Map file     =  D:\work\project\PROJECT\N141\ARKN141\20170622\xspace_tul #
#                    v_20170702\xspace\proj\ARKN141_DEMO\TULV_BB_IMX323\List\ #
#                    ARKN141_DEMO.map                                         #
#    Command line =  -f D:\work\project\PROJECT\N141\ARKN141\20170622\xspace_ #
#                    tulv_20170702\xspace\proj\ARKN141_DEMO\EW6F08.tmp        #
#                    ("C:\Program Files (x86)\IAR Systems\Embedded Workbench  #
#                    6.0\arm\PowerPac\RTOS\Lib\os5t_al__d.a"                  #
#                    D:\work\project\PROJECT\N141\ARKN141\20170622\xspace_tul #
#                    v_20170702\xspace\hwlib\lpng167.a                        #
#                    D:\work\project\PROJECT\N141\ARKN141\20170622\xspace_tul #
#                    v_20170702\xspace\hwlib\speech_decoder_arm.a             #
#                    D:\work\project\PROJECT\N141\ARKN141\20170622\xspace_tul #
#                    v_20170702\xspace\hwlib\speech_decoder_thumb.a           #
#                    D:\work\project\PROJECT\N141\ARKN141\20170622\xspace_tul #
#                    v_20170702\xspace\hwlib\zlib-1.2.8.a                     #
#                    D:\work\project\PROJECT\N141\ARKN141\20170622\xspace_tul #
#                    v_20170702\xspace\proj\ARKN141_DEMO\TULV_BB_IMX323\Obj\A #
#                    udioFunction.o D:\work\project\PROJECT\N141\ARKN141\2017 #
#                    0622\xspace_tulv_20170702\xspace\proj\ARKN141_DEMO\TULV_ #
#                    BB_IMX323\Obj\CdrRequest.o D:\work\project\PROJECT\N141\ #
#                    ARKN141\20170622\xspace_tulv_20170702\xspace\proj\ARKN14 #
#                    1_DEMO\TULV_BB_IMX323\Obj\ConfigDrive.o                  #
#                    D:\work\project\PROJECT\N141\ARKN141\20170622\xspace_tul #
#                    v_20170702\xspace\proj\ARKN141_DEMO\TULV_BB_IMX323\Obj\C #
#                    puClkCounter.o D:\work\project\PROJECT\N141\ARKN141\2017 #
#                    0622\xspace_tulv_20170702\xspace\proj\ARKN141_DEMO\TULV_ #
#                    BB_IMX323\Obj\DecGetOption.o                             #
#                    D:\work\project\PROJECT\N141\ARKN141\20170622\xspace_tul #
#                    v_20170702\xspace\proj\ARKN141_DEMO\TULV_BB_IMX323\Obj\E #
#                    ncGetOption.o D:\work\project\PROJECT\N141\ARKN141\20170 #
#                    622\xspace_tulv_20170702\xspace\proj\ARKN141_DEMO\TULV_B #
#                    B_IMX323\Obj\EncJpeg.o D:\work\project\PROJECT\N141\ARKN #
#                    141\20170622\xspace_tulv_20170702\xspace\proj\ARKN141_DE #
#                    MO\TULV_BB_IMX323\Obj\EncJpegCodeFrame.o                 #
#                    D:\work\project\PROJECT\N141\ARKN141\20170622\xspace_tul #
#                    v_20170702\xspace\proj\ARKN141_DEMO\TULV_BB_IMX323\Obj\E #
#                    ncJpegInit.o D:\work\project\PROJECT\N141\ARKN141\201706 #
#                    22\xspace_tulv_20170702\xspace\proj\ARKN141_DEMO\TULV_BB #
#                    _IMX323\Obj\EncJpegPutBits.o                             #
#                    D:\work\project\PROJECT\N141\ARKN141\20170622\xspace_tul #
#                    v_20170702\xspace\proj\ARKN141_DEMO\TULV_BB_IMX323\Obj\F #
#                    AT_API.o D:\work\project\PROJECT\N141\ARKN141\20170622\x #
#                    space_tulv_20170702\xspace\proj\ARKN141_DEMO\TULV_BB_IMX #
#                    323\Obj\FAT_CheckDisk.o D:\work\project\PROJECT\N141\ARK #
#                    N141\20170622\xspace_tulv_20170702\xspace\proj\ARKN141_D #
#                    EMO\TULV_BB_IMX323\Obj\FAT_Dir.o                         #
#                    D:\work\project\PROJECT\N141\ARKN141\20170622\xspace_tul #
#                    v_20170702\xspace\proj\ARKN141_DEMO\TULV_BB_IMX323\Obj\F #
#                    AT_DirEntry.o D:\work\project\PROJECT\N141\ARKN141\20170 #
#                    622\xspace_tulv_20170702\xspace\proj\ARKN141_DEMO\TULV_B #
#                    B_IMX323\Obj\FAT_DiskInfo.o                              #
#                    D:\work\project\PROJECT\N141\ARKN141\20170622\xspace_tul #
#                    v_20170702\xspace\proj\ARKN141_DEMO\TULV_BB_IMX323\Obj\F #
#                    AT_Format.o D:\work\project\PROJECT\N141\ARKN141\2017062 #
#                    2\xspace_tulv_20170702\xspace\proj\ARKN141_DEMO\TULV_BB_ #
#                    IMX323\Obj\FAT_FormatSD.o D:\work\project\PROJECT\N141\A #
#                    RKN141\20170622\xspace_tulv_20170702\xspace\proj\ARKN141 #
#                    _DEMO\TULV_BB_IMX323\Obj\FAT_FreeCluster.o               #
#                    D:\work\project\PROJECT\N141\ARKN141\20170622\xspace_tul #
#                    v_20170702\xspace\proj\ARKN141_DEMO\TULV_BB_IMX323\Obj\F #
#                    AT_GetFileClusterSectorInfo.o                            #
#                    D:\work\project\PROJECT\N141\ARKN141\20170622\xspace_tul #
#                    v_20170702\xspace\proj\ARKN141_DEMO\TULV_BB_IMX323\Obj\F #
#                    AT_Ioct.o D:\work\project\PROJECT\N141\ARKN141\20170622\ #
#                    xspace_tulv_20170702\xspace\proj\ARKN141_DEMO\TULV_BB_IM #
#                    X323\Obj\FAT_LFN.o D:\work\project\PROJECT\N141\ARKN141\ #
#                    20170622\xspace_tulv_20170702\xspace\proj\ARKN141_DEMO\T #
#                    ULV_BB_IMX323\Obj\FAT_Misc.o                             #
#                    D:\work\project\PROJECT\N141\ARKN141\20170622\xspace_tul #
#                    v_20170702\xspace\proj\ARKN141_DEMO\TULV_BB_IMX323\Obj\F #
#                    AT_Move.o D:\work\project\PROJECT\N141\ARKN141\20170622\ #
#                    xspace_tulv_20170702\xspace\proj\ARKN141_DEMO\TULV_BB_IM #
#                    X323\Obj\FAT_Open.o D:\work\project\PROJECT\N141\ARKN141 #
#                    \20170622\xspace_tulv_20170702\xspace\proj\ARKN141_DEMO\ #
#                    TULV_BB_IMX323\Obj\FAT_Read.o                            #
#                    D:\work\project\PROJECT\N141\ARKN141\20170622\xspace_tul #
#                    v_20170702\xspace\proj\ARKN141_DEMO\TULV_BB_IMX323\Obj\F #
#                    AT_Rename.o D:\work\project\PROJECT\N141\ARKN141\2017062 #
#                    2\xspace_tulv_20170702\xspace\proj\ARKN141_DEMO\TULV_BB_ #
#                    IMX323\Obj\FAT_SetEndOfFile.o                            #
#                    D:\work\project\PROJECT\N141\ARKN141\20170622\xspace_tul #
#                    v_20170702\xspace\proj\ARKN141_DEMO\TULV_BB_IMX323\Obj\F #
#                    AT_VolumeLabel.o D:\work\project\PROJECT\N141\ARKN141\20 #
#                    170622\xspace_tulv_20170702\xspace\proj\ARKN141_DEMO\TUL #
#                    V_BB_IMX323\Obj\FAT_Write.o                              #
#                    D:\work\project\PROJECT\N141\ARKN141\20170622\xspace_tul #
#                    v_20170702\xspace\proj\ARKN141_DEMO\TULV_BB_IMX323\Obj\F #
#                    S_AddSpaceHex.o D:\work\project\PROJECT\N141\ARKN141\201 #
#                    70622\xspace_tulv_20170702\xspace\proj\ARKN141_DEMO\TULV #
#                    _BB_IMX323\Obj\FS_AssignCache.o                          #
#                    D:\work\project\PROJECT\N141\ARKN141\20170622\xspace_tul #
#                    v_20170702\xspace\proj\ARKN141_DEMO\TULV_BB_IMX323\Obj\F #
#                    S_Attrib.o D:\work\project\PROJECT\N141\ARKN141\20170622 #
#                    \xspace_tulv_20170702\xspace\proj\ARKN141_DEMO\TULV_BB_I #
#                    MX323\Obj\FS_CLib.o D:\work\project\PROJECT\N141\ARKN141 #
#                    \20170622\xspace_tulv_20170702\xspace\proj\ARKN141_DEMO\ #
#                    TULV_BB_IMX323\Obj\FS_CacheAll.o                         #
#                    D:\work\project\PROJECT\N141\ARKN141\20170622\xspace_tul #
#                    v_20170702\xspace\proj\ARKN141_DEMO\TULV_BB_IMX323\Obj\F #
#                    S_CacheMan.o D:\work\project\PROJECT\N141\ARKN141\201706 #
#                    22\xspace_tulv_20170702\xspace\proj\ARKN141_DEMO\TULV_BB #
#                    _IMX323\Obj\FS_CacheRW.o D:\work\project\PROJECT\N141\AR #
#                    KN141\20170622\xspace_tulv_20170702\xspace\proj\ARKN141_ #
#                    DEMO\TULV_BB_IMX323\Obj\FS_CacheRWQuota.o                #
#                    D:\work\project\PROJECT\N141\ARKN141\20170622\xspace_tul #
#                    v_20170702\xspace\proj\ARKN141_DEMO\TULV_BB_IMX323\Obj\F #
#                    S_CopyFile.o D:\work\project\PROJECT\N141\ARKN141\201706 #
#                    22\xspace_tulv_20170702\xspace\proj\ARKN141_DEMO\TULV_BB #
#                    _IMX323\Obj\FS_Core.o D:\work\project\PROJECT\N141\ARKN1 #
#                    41\20170622\xspace_tulv_20170702\xspace\proj\ARKN141_DEM #
#                    O\TULV_BB_IMX323\Obj\FS_CreateDir.o                      #
#                    D:\work\project\PROJECT\N141\ARKN141\20170622\xspace_tul #
#                    v_20170702\xspace\proj\ARKN141_DEMO\TULV_BB_IMX323\Obj\F #
#                    S_Dir.o D:\work\project\PROJECT\N141\ARKN141\20170622\xs #
#                    pace_tulv_20170702\xspace\proj\ARKN141_DEMO\TULV_BB_IMX3 #
#                    23\Obj\FS_DirOld.o D:\work\project\PROJECT\N141\ARKN141\ #
#                    20170622\xspace_tulv_20170702\xspace\proj\ARKN141_DEMO\T #
#                    ULV_BB_IMX323\Obj\FS_ErrorNo2Text.o                      #
#                    D:\work\project\PROJECT\N141\ARKN141\20170622\xspace_tul #
#                    v_20170702\xspace\proj\ARKN141_DEMO\TULV_BB_IMX323\Obj\F #
#                    S_ErrorOut.o D:\work\project\PROJECT\N141\ARKN141\201706 #
#                    22\xspace_tulv_20170702\xspace\proj\ARKN141_DEMO\TULV_BB #
#                    _IMX323\Obj\FS_FRead.o D:\work\project\PROJECT\N141\ARKN #
#                    141\20170622\xspace_tulv_20170702\xspace\proj\ARKN141_DE #
#                    MO\TULV_BB_IMX323\Obj\FS_FWrite.o                        #
#                    D:\work\project\PROJECT\N141\ARKN141\20170622\xspace_tul #
#                    v_20170702\xspace\proj\ARKN141_DEMO\TULV_BB_IMX323\Obj\F #
#                    S_Format.o D:\work\project\PROJECT\N141\ARKN141\20170622 #
#                    \xspace_tulv_20170702\xspace\proj\ARKN141_DEMO\TULV_BB_I #
#                    MX323\Obj\FS_GetFilePos.o D:\work\project\PROJECT\N141\A #
#                    RKN141\20170622\xspace_tulv_20170702\xspace\proj\ARKN141 #
#                    _DEMO\TULV_BB_IMX323\Obj\FS_GetFileSize.o                #
#                    D:\work\project\PROJECT\N141\ARKN141\20170622\xspace_tul #
#                    v_20170702\xspace\proj\ARKN141_DEMO\TULV_BB_IMX323\Obj\F #
#                    S_GetNumFiles.o D:\work\project\PROJECT\N141\ARKN141\201 #
#                    70622\xspace_tulv_20170702\xspace\proj\ARKN141_DEMO\TULV #
#                    _BB_IMX323\Obj\FS_GetNumOpenFiles.o                      #
#                    D:\work\project\PROJECT\N141\ARKN141\20170622\xspace_tul #
#                    v_20170702\xspace\proj\ARKN141_DEMO\TULV_BB_IMX323\Obj\F #
#                    S_Journal.o D:\work\project\PROJECT\N141\ARKN141\2017062 #
#                    2\xspace_tulv_20170702\xspace\proj\ARKN141_DEMO\TULV_BB_ #
#                    IMX323\Obj\FS_Log.o D:\work\project\PROJECT\N141\ARKN141 #
#                    \20170622\xspace_tulv_20170702\xspace\proj\ARKN141_DEMO\ #
#                    TULV_BB_IMX323\Obj\FS_LogBlock.o                         #
#                    D:\work\project\PROJECT\N141\ARKN141\20170622\xspace_tul #
#                    v_20170702\xspace\proj\ARKN141_DEMO\TULV_BB_IMX323\Obj\F #
#                    S_LogVolume.o D:\work\project\PROJECT\N141\ARKN141\20170 #
#                    622\xspace_tulv_20170702\xspace\proj\ARKN141_DEMO\TULV_B #
#                    B_IMX323\Obj\FS_Misc.o D:\work\project\PROJECT\N141\ARKN #
#                    141\20170622\xspace_tulv_20170702\xspace\proj\ARKN141_DE #
#                    MO\TULV_BB_IMX323\Obj\FS_Move.o                          #
#                    D:\work\project\PROJECT\N141\ARKN141\20170622\xspace_tul #
#                    v_20170702\xspace\proj\ARKN141_DEMO\TULV_BB_IMX323\Obj\F #
#                    S_OS.o D:\work\project\PROJECT\N141\ARKN141\20170622\xsp #
#                    ace_tulv_20170702\xspace\proj\ARKN141_DEMO\TULV_BB_IMX32 #
#                    3\Obj\FS_OS_Interface.o D:\work\project\PROJECT\N141\ARK #
#                    N141\20170622\xspace_tulv_20170702\xspace\proj\ARKN141_D #
#                    EMO\TULV_BB_IMX323\Obj\FS_Partition.o                    #
#                    D:\work\project\PROJECT\N141\ARKN141\20170622\xspace_tul #
#                    v_20170702\xspace\proj\ARKN141_DEMO\TULV_BB_IMX323\Obj\F #
#                    S_Read.o D:\work\project\PROJECT\N141\ARKN141\20170622\x #
#                    space_tulv_20170702\xspace\proj\ARKN141_DEMO\TULV_BB_IMX #
#                    323\Obj\FS_Rename.o D:\work\project\PROJECT\N141\ARKN141 #
#                    \20170622\xspace_tulv_20170702\xspace\proj\ARKN141_DEMO\ #
#                    TULV_BB_IMX323\Obj\FS_SetEndOfFile.o                     #
#                    D:\work\project\PROJECT\N141\ARKN141\20170622\xspace_tul #
#                    v_20170702\xspace\proj\ARKN141_DEMO\TULV_BB_IMX323\Obj\F #
#                    S_SetFilePos.o D:\work\project\PROJECT\N141\ARKN141\2017 #
#                    0622\xspace_tulv_20170702\xspace\proj\ARKN141_DEMO\TULV_ #
#                    BB_IMX323\Obj\FS_Storage.o D:\work\project\PROJECT\N141\ #
#                    ARKN141\20170622\xspace_tulv_20170702\xspace\proj\ARKN14 #
#                    1_DEMO\TULV_BB_IMX323\Obj\FS_Time.o                      #
#                    D:\work\project\PROJECT\N141\ARKN141\20170622\xspace_tul #
#                    v_20170702\xspace\proj\ARKN141_DEMO\TULV_BB_IMX323\Obj\F #
#                    S_Truncate.o D:\work\project\PROJECT\N141\ARKN141\201706 #
#                    22\xspace_tulv_20170702\xspace\proj\ARKN141_DEMO\TULV_BB #
#                    _IMX323\Obj\FS_Unmount.o D:\work\project\PROJECT\N141\AR #
#                    KN141\20170622\xspace_tulv_20170702\xspace\proj\ARKN141_ #
#                    DEMO\TULV_BB_IMX323\Obj\FS_Verify.o                      #
#                    D:\work\project\PROJECT\N141\ARKN141\20170622\xspace_tul #
#                    v_20170702\xspace\proj\ARKN141_DEMO\TULV_BB_IMX323\Obj\F #
#                    S_Volume.o D:\work\project\PROJECT\N141\ARKN141\20170622 #
#                    \xspace_tulv_20170702\xspace\proj\ARKN141_DEMO\TULV_BB_I #
#                    MX323\Obj\FS_Warn.o D:\work\project\PROJECT\N141\ARKN141 #
#                    \20170622\xspace_tulv_20170702\xspace\proj\ARKN141_DEMO\ #
#                    TULV_BB_IMX323\Obj\FS_Write.o                            #
#                    D:\work\project\PROJECT\N141\ARKN141\20170622\xspace_tul #
#                    v_20170702\xspace\proj\ARKN141_DEMO\TULV_BB_IMX323\Obj\F #
#                    S_X_Panic.o D:\work\project\PROJECT\N141\ARKN141\2017062 #
#                    2\xspace_tulv_20170702\xspace\proj\ARKN141_DEMO\TULV_BB_ #
#                    IMX323\Obj\FS__ECC256.o D:\work\project\PROJECT\N141\ARK #
#                    N141\20170622\xspace_tulv_20170702\xspace\proj\ARKN141_D #
#                    EMO\TULV_BB_IMX323\Obj\FS_memcpy.o                       #
#                    D:\work\project\PROJECT\N141\ARKN141\20170622\xspace_tul #
#                    v_20170702\xspace\proj\ARKN141_DEMO\TULV_BB_IMX323\Obj\G #
#                    em_isp.o D:\work\project\PROJECT\N141\ARKN141\20170622\x #
#                    space_tulv_20170702\xspace\proj\ARKN141_DEMO\TULV_BB_IMX #
#                    323\Obj\Gem_isp_ae.o D:\work\project\PROJECT\N141\ARKN14 #
#                    1\20170622\xspace_tulv_20170702\xspace\proj\ARKN141_DEMO #
#                    \TULV_BB_IMX323\Obj\Gem_isp_awb.o                        #
#                    D:\work\project\PROJECT\N141\ARKN141\20170622\xspace_tul #
#                    v_20170702\xspace\proj\ARKN141_DEMO\TULV_BB_IMX323\Obj\G #
#                    em_isp_colors.o D:\work\project\PROJECT\N141\ARKN141\201 #
#                    70622\xspace_tulv_20170702\xspace\proj\ARKN141_DEMO\TULV #
#                    _BB_IMX323\Obj\Gem_isp_config.o                          #
#                    D:\work\project\PROJECT\N141\ARKN141\20170622\xspace_tul #
#                    v_20170702\xspace\proj\ARKN141_DEMO\TULV_BB_IMX323\Obj\G #
#                    em_isp_debug.o D:\work\project\PROJECT\N141\ARKN141\2017 #
#                    0622\xspace_tulv_20170702\xspace\proj\ARKN141_DEMO\TULV_ #
#                    BB_IMX323\Obj\Gem_isp_denoise.o                          #
#                    D:\work\project\PROJECT\N141\ARKN141\20170622\xspace_tul #
#                    v_20170702\xspace\proj\ARKN141_DEMO\TULV_BB_IMX323\Obj\G #
#                    em_isp_enhance.o D:\work\project\PROJECT\N141\ARKN141\20 #
#                    170622\xspace_tulv_20170702\xspace\proj\ARKN141_DEMO\TUL #
#                    V_BB_IMX323\Obj\Gem_isp_eris.o                           #
#                    D:\work\project\PROJECT\N141\ARKN141\20170622\xspace_tul #
#                    v_20170702\xspace\proj\ARKN141_DEMO\TULV_BB_IMX323\Obj\G #
#                    em_isp_fesp.o D:\work\project\PROJECT\N141\ARKN141\20170 #
#                    622\xspace_tulv_20170702\xspace\proj\ARKN141_DEMO\TULV_B #
#                    B_IMX323\Obj\Gem_isp_io.o D:\work\project\PROJECT\N141\A #
#                    RKN141\20170622\xspace_tulv_20170702\xspace\proj\ARKN141 #
#                    _DEMO\TULV_BB_IMX323\Obj\Gem_isp_sys.o                   #
#                    D:\work\project\PROJECT\N141\ARKN141\20170622\xspace_tul #
#                    v_20170702\xspace\proj\ARKN141_DEMO\TULV_BB_IMX323\Obj\H #
#                    264Cabac.o D:\work\project\PROJECT\N141\ARKN141\20170622 #
#                    \xspace_tulv_20170702\xspace\proj\ARKN141_DEMO\TULV_BB_I #
#                    MX323\Obj\H264CodeFrame.o D:\work\project\PROJECT\N141\A #
#                    RKN141\20170622\xspace_tulv_20170702\xspace\proj\ARKN141 #
#                    _DEMO\TULV_BB_IMX323\Obj\H264DecTestBench.o              #
#                    D:\work\project\PROJECT\N141\ARKN141\20170622\xspace_tul #
#                    v_20170702\xspace\proj\ARKN141_DEMO\TULV_BB_IMX323\Obj\H #
#                    264EncApi.o D:\work\project\PROJECT\N141\ARKN141\2017062 #
#                    2\xspace_tulv_20170702\xspace\proj\ARKN141_DEMO\TULV_BB_ #
#                    IMX323\Obj\H264Init.o D:\work\project\PROJECT\N141\ARKN1 #
#                    41\20170622\xspace_tulv_20170702\xspace\proj\ARKN141_DEM #
#                    O\TULV_BB_IMX323\Obj\H264Mad.o                           #
#                    D:\work\project\PROJECT\N141\ARKN141\20170622\xspace_tul #
#                    v_20170702\xspace\proj\ARKN141_DEMO\TULV_BB_IMX323\Obj\H #
#                    264NalUnit.o D:\work\project\PROJECT\N141\ARKN141\201706 #
#                    22\xspace_tulv_20170702\xspace\proj\ARKN141_DEMO\TULV_BB #
#                    _IMX323\Obj\H264PictureParameterSet.o                    #
#                    D:\work\project\PROJECT\N141\ARKN141\20170622\xspace_tul #
#                    v_20170702\xspace\proj\ARKN141_DEMO\TULV_BB_IMX323\Obj\H #
#                    264PutBits.o D:\work\project\PROJECT\N141\ARKN141\201706 #
#                    22\xspace_tulv_20170702\xspace\proj\ARKN141_DEMO\TULV_BB #
#                    _IMX323\Obj\H264RateControl.o                            #
#                    D:\work\project\PROJECT\N141\ARKN141\20170622\xspace_tul #
#                    v_20170702\xspace\proj\ARKN141_DEMO\TULV_BB_IMX323\Obj\H #
#                    264Sei.o D:\work\project\PROJECT\N141\ARKN141\20170622\x #
#                    space_tulv_20170702\xspace\proj\ARKN141_DEMO\TULV_BB_IMX #
#                    323\Obj\H264SequenceParameterSet.o                       #
#                    D:\work\project\PROJECT\N141\ARKN141\20170622\xspace_tul #
#                    v_20170702\xspace\proj\ARKN141_DEMO\TULV_BB_IMX323\Obj\H #
#                    264Slice.o D:\work\project\PROJECT\N141\ARKN141\20170622 #
#                    \xspace_tulv_20170702\xspace\proj\ARKN141_DEMO\TULV_BB_I #
#                    MX323\Obj\H264TestBench.o D:\work\project\PROJECT\N141\A #
#                    RKN141\20170622\xspace_tulv_20170702\xspace\proj\ARKN141 #
#                    _DEMO\TULV_BB_IMX323\Obj\H264TestId.o                    #
#                    D:\work\project\PROJECT\N141\ARKN141\20170622\xspace_tul #
#                    v_20170702\xspace\proj\ARKN141_DEMO\TULV_BB_IMX323\Obj\I #
#                    O.o D:\work\project\PROJECT\N141\ARKN141\20170622\xspace #
#                    _tulv_20170702\xspace\proj\ARKN141_DEMO\TULV_BB_IMX323\O #
#                    bj\InitSetting.o D:\work\project\PROJECT\N141\ARKN141\20 #
#                    170622\xspace_tulv_20170702\xspace\proj\ARKN141_DEMO\TUL #
#                    V_BB_IMX323\Obj\IntegrationTestRegister.o                #
#                    D:\work\project\PROJECT\N141\ARKN141\20170622\xspace_tul #
#                    v_20170702\xspace\proj\ARKN141_DEMO\TULV_BB_IMX323\Obj\J #
#                    pegEncApi.o D:\work\project\PROJECT\N141\ARKN141\2017062 #
#                    2\xspace_tulv_20170702\xspace\proj\ARKN141_DEMO\TULV_BB_ #
#                    IMX323\Obj\JpegEncTestBench.o                            #
#                    D:\work\project\PROJECT\N141\ARKN141\20170622\xspace_tul #
#                    v_20170702\xspace\proj\ARKN141_DEMO\TULV_BB_IMX323\Obj\J #
#                    pegdectestbench.o D:\work\project\PROJECT\N141\ARKN141\2 #
#                    0170622\xspace_tulv_20170702\xspace\proj\ARKN141_DEMO\TU #
#                    LV_BB_IMX323\Obj\OS_Error.o                              #
#                    D:\work\project\PROJECT\N141\ARKN141\20170622\xspace_tul #
#                    v_20170702\xspace\proj\ARKN141_DEMO\TULV_BB_IMX323\Obj\S #
#                    D_MMC1_Drive.o D:\work\project\PROJECT\N141\ARKN141\2017 #
#                    0622\xspace_tulv_20170702\xspace\proj\ARKN141_DEMO\TULV_ #
#                    BB_IMX323\Obj\SD_MMC_Drive.o                             #
#                    D:\work\project\PROJECT\N141\ARKN141\20170622\xspace_tul #
#                    v_20170702\xspace\proj\ARKN141_DEMO\TULV_BB_IMX323\Obj\S #
#                    ensorCommon.o D:\work\project\PROJECT\N141\ARKN141\20170 #
#                    622\xspace_tulv_20170702\xspace\proj\ARKN141_DEMO\TULV_B #
#                    B_IMX323\Obj\SystemAPI.o D:\work\project\PROJECT\N141\AR #
#                    KN141\20170622\xspace_tulv_20170702\xspace\proj\ARKN141_ #
#                    DEMO\TULV_BB_IMX323\Obj\Uart_Protocal.o                  #
#                    D:\work\project\PROJECT\N141\ARKN141\20170622\xspace_tul #
#                    v_20170702\xspace\proj\ARKN141_DEMO\TULV_BB_IMX323\Obj\U #
#                    sbRequest.o D:\work\project\PROJECT\N141\ARKN141\2017062 #
#                    2\xspace_tulv_20170702\xspace\proj\ARKN141_DEMO\TULV_BB_ #
#                    IMX323\Obj\UvcRequest.o D:\work\project\PROJECT\N141\ARK #
#                    N141\20170622\xspace_tulv_20170702\xspace\proj\ARKN141_D #
#                    EMO\TULV_BB_IMX323\Obj\UvcVideo.o                        #
#                    D:\work\project\PROJECT\N141\ARKN141\20170622\xspace_tul #
#                    v_20170702\xspace\proj\ARKN141_DEMO\TULV_BB_IMX323\Obj\V #
#                    ideoFunction.o D:\work\project\PROJECT\N141\ARKN141\2017 #
#                    0622\xspace_tulv_20170702\xspace\proj\ARKN141_DEMO\TULV_ #
#                    BB_IMX323\Obj\alert_view.o D:\work\project\PROJECT\N141\ #
#                    ARKN141\20170622\xspace_tulv_20170702\xspace\proj\ARKN14 #
#                    1_DEMO\TULV_BB_IMX323\Obj\ap0330.o                       #
#                    D:\work\project\PROJECT\N141\ARKN141\20170622\xspace_tul #
#                    v_20170702\xspace\proj\ARKN141_DEMO\TULV_BB_IMX323\Obj\a #
#                    pp_album.o D:\work\project\PROJECT\N141\ARKN141\20170622 #
#                    \xspace_tulv_20170702\xspace\proj\ARKN141_DEMO\TULV_BB_I #
#                    MX323\Obj\app_albumlistview.o                            #
#                    D:\work\project\PROJECT\N141\ARKN141\20170622\xspace_tul #
#                    v_20170702\xspace\proj\ARKN141_DEMO\TULV_BB_IMX323\Obj\a #
#                    pp_albumview.o D:\work\project\PROJECT\N141\ARKN141\2017 #
#                    0622\xspace_tulv_20170702\xspace\proj\ARKN141_DEMO\TULV_ #
#                    BB_IMX323\Obj\app_button.o D:\work\project\PROJECT\N141\ #
#                    ARKN141\20170622\xspace_tulv_20170702\xspace\proj\ARKN14 #
#                    1_DEMO\TULV_BB_IMX323\Obj\app_datetimesetting.o          #
#                    D:\work\project\PROJECT\N141\ARKN141\20170622\xspace_tul #
#                    v_20170702\xspace\proj\ARKN141_DEMO\TULV_BB_IMX323\Obj\a #
#                    pp_format.o D:\work\project\PROJECT\N141\ARKN141\2017062 #
#                    2\xspace_tulv_20170702\xspace\proj\ARKN141_DEMO\TULV_BB_ #
#                    IMX323\Obj\app_gps_alarm.o D:\work\project\PROJECT\N141\ #
#                    ARKN141\20170622\xspace_tulv_20170702\xspace\proj\ARKN14 #
#                    1_DEMO\TULV_BB_IMX323\Obj\app_icon_library.o             #
#                    D:\work\project\PROJECT\N141\ARKN141\20170622\xspace_tul #
#                    v_20170702\xspace\proj\ARKN141_DEMO\TULV_BB_IMX323\Obj\a #
#                    pp_init.o D:\work\project\PROJECT\N141\ARKN141\20170622\ #
#                    xspace_tulv_20170702\xspace\proj\ARKN141_DEMO\TULV_BB_IM #
#                    X323\Obj\app_main.o D:\work\project\PROJECT\N141\ARKN141 #
#                    \20170622\xspace_tulv_20170702\xspace\proj\ARKN141_DEMO\ #
#                    TULV_BB_IMX323\Obj\app_menudata.o                        #
#                    D:\work\project\PROJECT\N141\ARKN141\20170622\xspace_tul #
#                    v_20170702\xspace\proj\ARKN141_DEMO\TULV_BB_IMX323\Obj\a #
#                    pp_menuid.o D:\work\project\PROJECT\N141\ARKN141\2017062 #
#                    2\xspace_tulv_20170702\xspace\proj\ARKN141_DEMO\TULV_BB_ #
#                    IMX323\Obj\app_menuoptionview.o                          #
#                    D:\work\project\PROJECT\N141\ARKN141\20170622\xspace_tul #
#                    v_20170702\xspace\proj\ARKN141_DEMO\TULV_BB_IMX323\Obj\a #
#                    pp_messageview.o D:\work\project\PROJECT\N141\ARKN141\20 #
#                    170622\xspace_tulv_20170702\xspace\proj\ARKN141_DEMO\TUL #
#                    V_BB_IMX323\Obj\app_okcancelview.o                       #
#                    D:\work\project\PROJECT\N141\ARKN141\20170622\xspace_tul #
#                    v_20170702\xspace\proj\ARKN141_DEMO\TULV_BB_IMX323\Obj\a #
#                    pp_onekey_photograph.o D:\work\project\PROJECT\N141\ARKN #
#                    141\20170622\xspace_tulv_20170702\xspace\proj\ARKN141_DE #
#                    MO\TULV_BB_IMX323\Obj\app_photo.o                        #
#                    D:\work\project\PROJECT\N141\ARKN141\20170622\xspace_tul #
#                    v_20170702\xspace\proj\ARKN141_DEMO\TULV_BB_IMX323\Obj\a #
#                    pp_processview.o D:\work\project\PROJECT\N141\ARKN141\20 #
#                    170622\xspace_tulv_20170702\xspace\proj\ARKN141_DEMO\TUL #
#                    V_BB_IMX323\Obj\app_recycleview.o                        #
#                    D:\work\project\PROJECT\N141\ARKN141\20170622\xspace_tul #
#                    v_20170702\xspace\proj\ARKN141_DEMO\TULV_BB_IMX323\Obj\a #
#                    pp_romimage.o D:\work\project\PROJECT\N141\ARKN141\20170 #
#                    622\xspace_tulv_20170702\xspace\proj\ARKN141_DEMO\TULV_B #
#                    B_IMX323\Obj\app_settingview.o                           #
#                    D:\work\project\PROJECT\N141\ARKN141\20170622\xspace_tul #
#                    v_20170702\xspace\proj\ARKN141_DEMO\TULV_BB_IMX323\Obj\a #
#                    pp_soundvolumeview.o D:\work\project\PROJECT\N141\ARKN14 #
#                    1\20170622\xspace_tulv_20170702\xspace\proj\ARKN141_DEMO #
#                    \TULV_BB_IMX323\Obj\app_switch_button.o                  #
#                    D:\work\project\PROJECT\N141\ARKN141\20170622\xspace_tul #
#                    v_20170702\xspace\proj\ARKN141_DEMO\TULV_BB_IMX323\Obj\a #
#                    pp_systemsettingview.o D:\work\project\PROJECT\N141\ARKN #
#                    141\20170622\xspace_tulv_20170702\xspace\proj\ARKN141_DE #
#                    MO\TULV_BB_IMX323\Obj\app_systemupdate.o                 #
#                    D:\work\project\PROJECT\N141\ARKN141\20170622\xspace_tul #
#                    v_20170702\xspace\proj\ARKN141_DEMO\TULV_BB_IMX323\Obj\a #
#                    pp_systemversionview.o D:\work\project\PROJECT\N141\ARKN #
#                    141\20170622\xspace_tulv_20170702\xspace\proj\ARKN141_DE #
#                    MO\TULV_BB_IMX323\Obj\app_task.o                         #
#                    D:\work\project\PROJECT\N141\ARKN141\20170622\xspace_tul #
#                    v_20170702\xspace\proj\ARKN141_DEMO\TULV_BB_IMX323\Obj\a #
#                    pp_time.o D:\work\project\PROJECT\N141\ARKN141\20170622\ #
#                    xspace_tulv_20170702\xspace\proj\ARKN141_DEMO\TULV_BB_IM #
#                    X323\Obj\app_titlebar.o D:\work\project\PROJECT\N141\ARK #
#                    N141\20170622\xspace_tulv_20170702\xspace\proj\ARKN141_D #
#                    EMO\TULV_BB_IMX323\Obj\app_video.o                       #
#                    D:\work\project\PROJECT\N141\ARKN141\20170622\xspace_tul #
#                    v_20170702\xspace\proj\ARKN141_DEMO\TULV_BB_IMX323\Obj\a #
#                    pp_videolistview.o D:\work\project\PROJECT\N141\ARKN141\ #
#                    20170622\xspace_tulv_20170702\xspace\proj\ARKN141_DEMO\T #
#                    ULV_BB_IMX323\Obj\app_videosettingview.o                 #
#                    D:\work\project\PROJECT\N141\ARKN141\20170622\xspace_tul #
#                    v_20170702\xspace\proj\ARKN141_DEMO\TULV_BB_IMX323\Obj\a #
#                    pp_videoview.o D:\work\project\PROJECT\N141\ARKN141\2017 #
#                    0622\xspace_tulv_20170702\xspace\proj\ARKN141_DEMO\TULV_ #
#                    BB_IMX323\Obj\app_voice.o D:\work\project\PROJECT\N141\A #
#                    RKN141\20170622\xspace_tulv_20170702\xspace\proj\ARKN141 #
#                    _DEMO\TULV_BB_IMX323\Obj\ar0238.o                        #
#                    D:\work\project\PROJECT\N141\ARKN141\20170622\xspace_tul #
#                    v_20170702\xspace\proj\ARKN141_DEMO\TULV_BB_IMX323\Obj\a #
#                    rkn141_cmos_sensor_ar0238.o                              #
#                    D:\work\project\PROJECT\N141\ARKN141\20170622\xspace_tul #
#                    v_20170702\xspace\proj\ARKN141_DEMO\TULV_BB_IMX323\Obj\a #
#                    rkn141_cmos_sensor_ar0238_io.o                           #
#                    D:\work\project\PROJECT\N141\ARKN141\20170622\xspace_tul #
#                    v_20170702\xspace\proj\ARKN141_DEMO\TULV_BB_IMX323\Obj\a #
#                    rkn141_cmos_sensor_ar0330.o                              #
#                    D:\work\project\PROJECT\N141\ARKN141\20170622\xspace_tul #
#                    v_20170702\xspace\proj\ARKN141_DEMO\TULV_BB_IMX323\Obj\a #
#                    rkn141_cmos_sensor_ar0330_io.o                           #
#                    D:\work\project\PROJECT\N141\ARKN141\20170622\xspace_tul #
#                    v_20170702\xspace\proj\ARKN141_DEMO\TULV_BB_IMX323\Obj\a #
#                    rkn141_cmos_sensor_bg0806.o                              #
#                    D:\work\project\PROJECT\N141\ARKN141\20170622\xspace_tul #
#                    v_20170702\xspace\proj\ARKN141_DEMO\TULV_BB_IMX323\Obj\a #
#                    rkn141_cmos_sensor_bg0806_io.o                           #
#                    D:\work\project\PROJECT\N141\ARKN141\20170622\xspace_tul #
#                    v_20170702\xspace\proj\ARKN141_DEMO\TULV_BB_IMX323\Obj\a #
#                    rkn141_cmos_sensor_imx322.o                              #
#                    D:\work\project\PROJECT\N141\ARKN141\20170622\xspace_tul #
#                    v_20170702\xspace\proj\ARKN141_DEMO\TULV_BB_IMX323\Obj\a #
#                    rkn141_cmos_sensor_imx322_io.o                           #
#                    D:\work\project\PROJECT\N141\ARKN141\20170622\xspace_tul #
#                    v_20170702\xspace\proj\ARKN141_DEMO\TULV_BB_IMX323\Obj\a #
#                    rkn141_cmos_sensor_ps1210k.o                             #
#                    D:\work\project\PROJECT\N141\ARKN141\20170622\xspace_tul #
#                    v_20170702\xspace\proj\ARKN141_DEMO\TULV_BB_IMX323\Obj\a #
#                    rkn141_cmos_sensor_ps1210k_io.o                          #
#                    D:\work\project\PROJECT\N141\ARKN141\20170622\xspace_tul #
#                    v_20170702\xspace\proj\ARKN141_DEMO\TULV_BB_IMX323\Obj\a #
#                    rkn141_codec.o D:\work\project\PROJECT\N141\ARKN141\2017 #
#                    0622\xspace_tulv_20170702\xspace\proj\ARKN141_DEMO\TULV_ #
#                    BB_IMX323\Obj\arkn141_codec_test.o                       #
#                    D:\work\project\PROJECT\N141\ARKN141\20170622\xspace_tul #
#                    v_20170702\xspace\proj\ARKN141_DEMO\TULV_BB_IMX323\Obj\a #
#                    rkn141_h264_decoder.o D:\work\project\PROJECT\N141\ARKN1 #
#                    41\20170622\xspace_tulv_20170702\xspace\proj\ARKN141_DEM #
#                    O\TULV_BB_IMX323\Obj\arkn141_h264_encoder.o              #
#                    D:\work\project\PROJECT\N141\ARKN141\20170622\xspace_tul #
#                    v_20170702\xspace\proj\ARKN141_DEMO\TULV_BB_IMX323\Obj\a #
#                    rkn141_h264_encoder_test.o D:\work\project\PROJECT\N141\ #
#                    ARKN141\20170622\xspace_tulv_20170702\xspace\proj\ARKN14 #
#                    1_DEMO\TULV_BB_IMX323\Obj\arkn141_isp_exposure.o         #
#                    D:\work\project\PROJECT\N141\ARKN141\20170622\xspace_tul #
#                    v_20170702\xspace\proj\ARKN141_DEMO\TULV_BB_IMX323\Obj\a #
#                    rkn141_isp_exposure_cmos.o D:\work\project\PROJECT\N141\ #
#                    ARKN141\20170622\xspace_tulv_20170702\xspace\proj\ARKN14 #
#                    1_DEMO\TULV_BB_IMX323\Obj\arkn141_jpeg_decoder.o         #
#                    D:\work\project\PROJECT\N141\ARKN141\20170622\xspace_tul #
#                    v_20170702\xspace\proj\ARKN141_DEMO\TULV_BB_IMX323\Obj\a #
#                    rkn141_jpeg_encoder.o D:\work\project\PROJECT\N141\ARKN1 #
#                    41\20170622\xspace_tulv_20170702\xspace\proj\ARKN141_DEM #
#                    O\TULV_BB_IMX323\Obj\arkn141_jpeg_test.o                 #
#                    D:\work\project\PROJECT\N141\ARKN141\20170622\xspace_tul #
#                    v_20170702\xspace\proj\ARKN141_DEMO\TULV_BB_IMX323\Obj\a #
#                    rkn141_scale.o D:\work\project\PROJECT\N141\ARKN141\2017 #
#                    0622\xspace_tulv_20170702\xspace\proj\ARKN141_DEMO\TULV_ #
#                    BB_IMX323\Obj\avi_codec_task.o                           #
#                    D:\work\project\PROJECT\N141\ARKN141\20170622\xspace_tul #
#                    v_20170702\xspace\proj\ARKN141_DEMO\TULV_BB_IMX323\Obj\a #
#                    vio.o D:\work\project\PROJECT\N141\ARKN141\20170622\xspa #
#                    ce_tulv_20170702\xspace\proj\ARKN141_DEMO\TULV_BB_IMX323 #
#                    \Obj\bg0806.o D:\work\project\PROJECT\N141\ARKN141\20170 #
#                    622\xspace_tulv_20170702\xspace\proj\ARKN141_DEMO\TULV_B #
#                    B_IMX323\Obj\bqueue.o D:\work\project\PROJECT\N141\ARKN1 #
#                    41\20170622\xspace_tulv_20170702\xspace\proj\ARKN141_DEM #
#                    O\TULV_BB_IMX323\Obj\calender.o                          #
#                    D:\work\project\PROJECT\N141\ARKN141\20170622\xspace_tul #
#                    v_20170702\xspace\proj\ARKN141_DEMO\TULV_BB_IMX323\Obj\c #
#                    amera_task.o D:\work\project\PROJECT\N141\ARKN141\201706 #
#                    22\xspace_tulv_20170702\xspace\proj\ARKN141_DEMO\TULV_BB #
#                    _IMX323\Obj\clock.o D:\work\project\PROJECT\N141\ARKN141 #
#                    \20170622\xspace_tulv_20170702\xspace\proj\ARKN141_DEMO\ #
#                    TULV_BB_IMX323\Obj\common_chardef.o                      #
#                    D:\work\project\PROJECT\N141\ARKN141\20170622\xspace_tul #
#                    v_20170702\xspace\proj\ARKN141_DEMO\TULV_BB_IMX323\Obj\c #
#                    ommon_chartype.o D:\work\project\PROJECT\N141\ARKN141\20 #
#                    170622\xspace_tulv_20170702\xspace\proj\ARKN141_DEMO\TUL #
#                    V_BB_IMX323\Obj\common_rbtr.o                            #
#                    D:\work\project\PROJECT\N141\ARKN141\20170622\xspace_tul #
#                    v_20170702\xspace\proj\ARKN141_DEMO\TULV_BB_IMX323\Obj\c #
#                    ommon_string.o D:\work\project\PROJECT\N141\ARKN141\2017 #
#                    0622\xspace_tulv_20170702\xspace\proj\ARKN141_DEMO\TULV_ #
#                    BB_IMX323\Obj\common_wstring.o                           #
#                    D:\work\project\PROJECT\N141\ARKN141\20170622\xspace_tul #
#                    v_20170702\xspace\proj\ARKN141_DEMO\TULV_BB_IMX323\Obj\c #
#                    ortex_a5_board_cstartup_iar.o                            #
#                    D:\work\project\PROJECT\N141\ARKN141\20170622\xspace_tul #
#                    v_20170702\xspace\proj\ARKN141_DEMO\TULV_BB_IMX323\Obj\c #
#                    ortex_a5_cp15.o D:\work\project\PROJECT\N141\ARKN141\201 #
#                    70622\xspace_tulv_20170702\xspace\proj\ARKN141_DEMO\TULV #
#                    _BB_IMX323\Obj\cortex_a5_cp15_asm_iar.o                  #
#                    D:\work\project\PROJECT\N141\ARKN141\20170622\xspace_tul #
#                    v_20170702\xspace\proj\ARKN141_DEMO\TULV_BB_IMX323\Obj\c #
#                    ortex_a5_mmu.o D:\work\project\PROJECT\N141\ARKN141\2017 #
#                    0622\xspace_tulv_20170702\xspace\proj\ARKN141_DEMO\TULV_ #
#                    BB_IMX323\Obj\crc16.o D:\work\project\PROJECT\N141\ARKN1 #
#                    41\20170622\xspace_tulv_20170702\xspace\proj\ARKN141_DEM #
#                    O\TULV_BB_IMX323\Obj\csc.o D:\work\project\PROJECT\N141\ #
#                    ARKN141\20170622\xspace_tulv_20170702\xspace\proj\ARKN14 #
#                    1_DEMO\TULV_BB_IMX323\Obj\descript.o                     #
#                    D:\work\project\PROJECT\N141\ARKN141\20170622\xspace_tul #
#                    v_20170702\xspace\proj\ARKN141_DEMO\TULV_BB_IMX323\Obj\d #
#                    escript_def.o D:\work\project\PROJECT\N141\ARKN141\20170 #
#                    622\xspace_tulv_20170702\xspace\proj\ARKN141_DEMO\TULV_B #
#                    B_IMX323\Obj\desktop.o D:\work\project\PROJECT\N141\ARKN #
#                    141\20170622\xspace_tulv_20170702\xspace\proj\ARKN141_DE #
#                    MO\TULV_BB_IMX323\Obj\dma.o                              #
#                    D:\work\project\PROJECT\N141\ARKN141\20170622\xspace_tul #
#                    v_20170702\xspace\proj\ARKN141_DEMO\TULV_BB_IMX323\Obj\d #
#                    wl_iar.o D:\work\project\PROJECT\N141\ARKN141\20170622\x #
#                    space_tulv_20170702\xspace\proj\ARKN141_DEMO\TULV_BB_IMX #
#                    323\Obj\dwl_x170_iar_no_drv.o                            #
#                    D:\work\project\PROJECT\N141\ARKN141\20170622\xspace_tul #
#                    v_20170702\xspace\proj\ARKN141_DEMO\TULV_BB_IMX323\Obj\e #
#                    ncasiccontroller.o D:\work\project\PROJECT\N141\ARKN141\ #
#                    20170622\xspace_tulv_20170702\xspace\proj\ARKN141_DEMO\T #
#                    ULV_BB_IMX323\Obj\encasiccontroller_v2.o                 #
#                    D:\work\project\PROJECT\N141\ARKN141\20170622\xspace_tul #
#                    v_20170702\xspace\proj\ARKN141_DEMO\TULV_BB_IMX323\Obj\e #
#                    ncpreprocess.o D:\work\project\PROJECT\N141\ARKN141\2017 #
#                    0622\xspace_tulv_20170702\xspace\proj\ARKN141_DEMO\TULV_ #
#                    BB_IMX323\Obj\ewl_x280_common.o                          #
#                    D:\work\project\PROJECT\N141\ARKN141\20170622\xspace_tul #
#                    v_20170702\xspace\proj\ARKN141_DEMO\TULV_BB_IMX323\Obj\e #
#                    wl_x280_polling.o D:\work\project\PROJECT\N141\ARKN141\2 #
#                    0170622\xspace_tulv_20170702\xspace\proj\ARKN141_DEMO\TU #
#                    LV_BB_IMX323\Obj\exception_dump.o                        #
#                    D:\work\project\PROJECT\N141\ARKN141\20170622\xspace_tul #
#                    v_20170702\xspace\proj\ARKN141_DEMO\TULV_BB_IMX323\Obj\f #
#                    lash.o D:\work\project\PROJECT\N141\ARKN141\20170622\xsp #
#                    ace_tulv_20170702\xspace\proj\ARKN141_DEMO\TULV_BB_IMX32 #
#                    3\Obj\fs_cache_file_test.o D:\work\project\PROJECT\N141\ #
#                    ARKN141\20170622\xspace_tulv_20170702\xspace\proj\ARKN14 #
#                    1_DEMO\TULV_BB_IMX323\Obj\fs_sd1_test.o                  #
#                    D:\work\project\PROJECT\N141\ARKN141\20170622\xspace_tul #
#                    v_20170702\xspace\proj\ARKN141_DEMO\TULV_BB_IMX323\Obj\f #
#                    s_sd_test.o D:\work\project\PROJECT\N141\ARKN141\2017062 #
#                    2\xspace_tulv_20170702\xspace\proj\ARKN141_DEMO\TULV_BB_ #
#                    IMX323\Obj\g_sensor.o D:\work\project\PROJECT\N141\ARKN1 #
#                    41\20170622\xspace_tulv_20170702\xspace\proj\ARKN141_DEM #
#                    O\TULV_BB_IMX323\Obj\gif.o D:\work\project\PROJECT\N141\ #
#                    ARKN141\20170622\xspace_tulv_20170702\xspace\proj\ARKN14 #
#                    1_DEMO\TULV_BB_IMX323\Obj\globaldata.o                   #
#                    D:\work\project\PROJECT\N141\ARKN141\20170622\xspace_tul #
#                    v_20170702\xspace\proj\ARKN141_DEMO\TULV_BB_IMX323\Obj\g #
#                    lobalfunc.o D:\work\project\PROJECT\N141\ARKN141\2017062 #
#                    2\xspace_tulv_20170702\xspace\proj\ARKN141_DEMO\TULV_BB_ #
#                    IMX323\Obj\gpio.o D:\work\project\PROJECT\N141\ARKN141\2 #
#                    0170622\xspace_tulv_20170702\xspace\proj\ARKN141_DEMO\TU #
#                    LV_BB_IMX323\Obj\gpio_function.o                         #
#                    D:\work\project\PROJECT\N141\ARKN141\20170622\xspace_tul #
#                    v_20170702\xspace\proj\ARKN141_DEMO\TULV_BB_IMX323\Obj\g #
#                    pioi2c.o D:\work\project\PROJECT\N141\ARKN141\20170622\x #
#                    space_tulv_20170702\xspace\proj\ARKN141_DEMO\TULV_BB_IMX #
#                    323\Obj\h264_pp_pipeline.o D:\work\project\PROJECT\N141\ #
#                    ARKN141\20170622\xspace_tulv_20170702\xspace\proj\ARKN14 #
#                    1_DEMO\TULV_BB_IMX323\Obj\h264decapi.o                   #
#                    D:\work\project\PROJECT\N141\ARKN141\20170622\xspace_tul #
#                    v_20170702\xspace\proj\ARKN141_DEMO\TULV_BB_IMX323\Obj\h #
#                    264decapi_e.o D:\work\project\PROJECT\N141\ARKN141\20170 #
#                    622\xspace_tulv_20170702\xspace\proj\ARKN141_DEMO\TULV_B #
#                    B_IMX323\Obj\h264encapi_ext.o                            #
#                    D:\work\project\PROJECT\N141\ARKN141\20170622\xspace_tul #
#                    v_20170702\xspace\proj\ARKN141_DEMO\TULV_BB_IMX323\Obj\h #
#                    264hwd_asic.o D:\work\project\PROJECT\N141\ARKN141\20170 #
#                    622\xspace_tulv_20170702\xspace\proj\ARKN141_DEMO\TULV_B #
#                    B_IMX323\Obj\h264hwd_byte_stream.o                       #
#                    D:\work\project\PROJECT\N141\ARKN141\20170622\xspace_tul #
#                    v_20170702\xspace\proj\ARKN141_DEMO\TULV_BB_IMX323\Obj\h #
#                    264hwd_cabac.o D:\work\project\PROJECT\N141\ARKN141\2017 #
#                    0622\xspace_tulv_20170702\xspace\proj\ARKN141_DEMO\TULV_ #
#                    BB_IMX323\Obj\h264hwd_cavlc.o                            #
#                    D:\work\project\PROJECT\N141\ARKN141\20170622\xspace_tul #
#                    v_20170702\xspace\proj\ARKN141_DEMO\TULV_BB_IMX323\Obj\h #
#                    264hwd_conceal.o D:\work\project\PROJECT\N141\ARKN141\20 #
#                    170622\xspace_tulv_20170702\xspace\proj\ARKN141_DEMO\TUL #
#                    V_BB_IMX323\Obj\h264hwd_decoder.o                        #
#                    D:\work\project\PROJECT\N141\ARKN141\20170622\xspace_tul #
#                    v_20170702\xspace\proj\ARKN141_DEMO\TULV_BB_IMX323\Obj\h #
#                    264hwd_dpb.o D:\work\project\PROJECT\N141\ARKN141\201706 #
#                    22\xspace_tulv_20170702\xspace\proj\ARKN141_DEMO\TULV_BB #
#                    _IMX323\Obj\h264hwd_inter_prediction.o                   #
#                    D:\work\project\PROJECT\N141\ARKN141\20170622\xspace_tul #
#                    v_20170702\xspace\proj\ARKN141_DEMO\TULV_BB_IMX323\Obj\h #
#                    264hwd_intra_prediction.o D:\work\project\PROJECT\N141\A #
#                    RKN141\20170622\xspace_tulv_20170702\xspace\proj\ARKN141 #
#                    _DEMO\TULV_BB_IMX323\Obj\h264hwd_macroblock_layer.o      #
#                    D:\work\project\PROJECT\N141\ARKN141\20170622\xspace_tul #
#                    v_20170702\xspace\proj\ARKN141_DEMO\TULV_BB_IMX323\Obj\h #
#                    264hwd_nal_unit.o D:\work\project\PROJECT\N141\ARKN141\2 #
#                    0170622\xspace_tulv_20170702\xspace\proj\ARKN141_DEMO\TU #
#                    LV_BB_IMX323\Obj\h264hwd_neighbour.o                     #
#                    D:\work\project\PROJECT\N141\ARKN141\20170622\xspace_tul #
#                    v_20170702\xspace\proj\ARKN141_DEMO\TULV_BB_IMX323\Obj\h #
#                    264hwd_pic_order_cnt.o D:\work\project\PROJECT\N141\ARKN #
#                    141\20170622\xspace_tulv_20170702\xspace\proj\ARKN141_DE #
#                    MO\TULV_BB_IMX323\Obj\h264hwd_pic_param_set.o            #
#                    D:\work\project\PROJECT\N141\ARKN141\20170622\xspace_tul #
#                    v_20170702\xspace\proj\ARKN141_DEMO\TULV_BB_IMX323\Obj\h #
#                    264hwd_seq_param_set.o D:\work\project\PROJECT\N141\ARKN #
#                    141\20170622\xspace_tulv_20170702\xspace\proj\ARKN141_DE #
#                    MO\TULV_BB_IMX323\Obj\h264hwd_slice_data.o               #
#                    D:\work\project\PROJECT\N141\ARKN141\20170622\xspace_tul #
#                    v_20170702\xspace\proj\ARKN141_DEMO\TULV_BB_IMX323\Obj\h #
#                    264hwd_slice_group_map.o D:\work\project\PROJECT\N141\AR #
#                    KN141\20170622\xspace_tulv_20170702\xspace\proj\ARKN141_ #
#                    DEMO\TULV_BB_IMX323\Obj\h264hwd_slice_header.o           #
#                    D:\work\project\PROJECT\N141\ARKN141\20170622\xspace_tul #
#                    v_20170702\xspace\proj\ARKN141_DEMO\TULV_BB_IMX323\Obj\h #
#                    264hwd_storage.o D:\work\project\PROJECT\N141\ARKN141\20 #
#                    170622\xspace_tulv_20170702\xspace\proj\ARKN141_DEMO\TUL #
#                    V_BB_IMX323\Obj\h264hwd_stream.o                         #
#                    D:\work\project\PROJECT\N141\ARKN141\20170622\xspace_tul #
#                    v_20170702\xspace\proj\ARKN141_DEMO\TULV_BB_IMX323\Obj\h #
#                    264hwd_util.o D:\work\project\PROJECT\N141\ARKN141\20170 #
#                    622\xspace_tulv_20170702\xspace\proj\ARKN141_DEMO\TULV_B #
#                    B_IMX323\Obj\h264hwd_vlc.o D:\work\project\PROJECT\N141\ #
#                    ARKN141\20170622\xspace_tulv_20170702\xspace\proj\ARKN14 #
#                    1_DEMO\TULV_BB_IMX323\Obj\h264hwd_vui.o                  #
#                    D:\work\project\PROJECT\N141\ARKN141\20170622\xspace_tul #
#                    v_20170702\xspace\proj\ARKN141_DEMO\TULV_BB_IMX323\Obj\h #
#                    ardtimer_task.o D:\work\project\PROJECT\N141\ARKN141\201 #
#                    70622\xspace_tulv_20170702\xspace\proj\ARKN141_DEMO\TULV #
#                    _BB_IMX323\Obj\hdmi.o D:\work\project\PROJECT\N141\ARKN1 #
#                    41\20170622\xspace_tulv_20170702\xspace\proj\ARKN141_DEM #
#                    O\TULV_BB_IMX323\Obj\hdmi_i2c.o                          #
#                    D:\work\project\PROJECT\N141\ARKN141\20170622\xspace_tul #
#                    v_20170702\xspace\proj\ARKN141_DEMO\TULV_BB_IMX323\Obj\h #
#                    dmi_main.o D:\work\project\PROJECT\N141\ARKN141\20170622 #
#                    \xspace_tulv_20170702\xspace\proj\ARKN141_DEMO\TULV_BB_I #
#                    MX323\Obj\hdmitx_drv.o D:\work\project\PROJECT\N141\ARKN #
#                    141\20170622\xspace_tulv_20170702\xspace\proj\ARKN141_DE #
#                    MO\TULV_BB_IMX323\Obj\hdmitx_hdcp.o                      #
#                    D:\work\project\PROJECT\N141\ARKN141\20170622\xspace_tul #
#                    v_20170702\xspace\proj\ARKN141_DEMO\TULV_BB_IMX323\Obj\h #
#                    dmitx_input.o D:\work\project\PROJECT\N141\ARKN141\20170 #
#                    622\xspace_tulv_20170702\xspace\proj\ARKN141_DEMO\TULV_B #
#                    B_IMX323\Obj\hdmitx_sys.o D:\work\project\PROJECT\N141\A #
#                    RKN141\20170622\xspace_tulv_20170702\xspace\proj\ARKN141 #
#                    _DEMO\TULV_BB_IMX323\Obj\hongjing_uart_socket.o          #
#                    D:\work\project\PROJECT\N141\ARKN141\20170622\xspace_tul #
#                    v_20170702\xspace\proj\ARKN141_DEMO\TULV_BB_IMX323\Obj\h #
#                    w_osd_layer_iar.o D:\work\project\PROJECT\N141\ARKN141\2 #
#                    0170622\xspace_tulv_20170702\xspace\proj\ARKN141_DEMO\TU #
#                    LV_BB_IMX323\Obj\hx170dec.o                              #
#                    D:\work\project\PROJECT\N141\ARKN141\20170622\xspace_tul #
#                    v_20170702\xspace\proj\ARKN141_DEMO\TULV_BB_IMX323\Obj\h #
#                    x280enc.o D:\work\project\PROJECT\N141\ARKN141\20170622\ #
#                    xspace_tulv_20170702\xspace\proj\ARKN141_DEMO\TULV_BB_IM #
#                    X323\Obj\imx322.o D:\work\project\PROJECT\N141\ARKN141\2 #
#                    0170622\xspace_tulv_20170702\xspace\proj\ARKN141_DEMO\TU #
#                    LV_BB_IMX323\Obj\interrupt.o                             #
#                    D:\work\project\PROJECT\N141\ARKN141\20170622\xspace_tul #
#                    v_20170702\xspace\proj\ARKN141_DEMO\TULV_BB_IMX323\Obj\i #
#                    rq.o D:\work\project\PROJECT\N141\ARKN141\20170622\xspac #
#                    e_tulv_20170702\xspace\proj\ARKN141_DEMO\TULV_BB_IMX323\ #
#                    Obj\itu656.o D:\work\project\PROJECT\N141\ARKN141\201706 #
#                    22\xspace_tulv_20170702\xspace\proj\ARKN141_DEMO\TULV_BB #
#                    _IMX323\Obj\itu656_test.o D:\work\project\PROJECT\N141\A #
#                    RKN141\20170622\xspace_tulv_20170702\xspace\proj\ARKN141 #
#                    _DEMO\TULV_BB_IMX323\Obj\jpeg_task.o                     #
#                    D:\work\project\PROJECT\N141\ARKN141\20170622\xspace_tul #
#                    v_20170702\xspace\proj\ARKN141_DEMO\TULV_BB_IMX323\Obj\j #
#                    pegdecapi.o D:\work\project\PROJECT\N141\ARKN141\2017062 #
#                    2\xspace_tulv_20170702\xspace\proj\ARKN141_DEMO\TULV_BB_ #
#                    IMX323\Obj\jpegdechdrs.o D:\work\project\PROJECT\N141\AR #
#                    KN141\20170622\xspace_tulv_20170702\xspace\proj\ARKN141_ #
#                    DEMO\TULV_BB_IMX323\Obj\jpegdecinternal.o                #
#                    D:\work\project\PROJECT\N141\ARKN141\20170622\xspace_tul #
#                    v_20170702\xspace\proj\ARKN141_DEMO\TULV_BB_IMX323\Obj\j #
#                    pegdecscan.o D:\work\project\PROJECT\N141\ARKN141\201706 #
#                    22\xspace_tulv_20170702\xspace\proj\ARKN141_DEMO\TULV_BB #
#                    _IMX323\Obj\jpegdecutils.o D:\work\project\PROJECT\N141\ #
#                    ARKN141\20170622\xspace_tulv_20170702\xspace\proj\ARKN14 #
#                    1_DEMO\TULV_BB_IMX323\Obj\lcd.o                          #
#                    D:\work\project\PROJECT\N141\ARKN141\20170622\xspace_tul #
#                    v_20170702\xspace\proj\ARKN141_DEMO\TULV_BB_IMX323\Obj\l #
#                    cdc_rgb_RM68172.o D:\work\project\PROJECT\N141\ARKN141\2 #
#                    0170622\xspace_tulv_20170702\xspace\proj\ARKN141_DEMO\TU #
#                    LV_BB_IMX323\Obj\main.o D:\work\project\PROJECT\N141\ARK #
#                    N141\20170622\xspace_tulv_20170702\xspace\proj\ARKN141_D #
#                    EMO\TULV_BB_IMX323\Obj\message_task.o                    #
#                    D:\work\project\PROJECT\N141\ARKN141\20170622\xspace_tul #
#                    v_20170702\xspace\proj\ARKN141_DEMO\TULV_BB_IMX323\Obj\o #
#                    n2_TestBench.o D:\work\project\PROJECT\N141\ARKN141\2017 #
#                    0622\xspace_tulv_20170702\xspace\proj\ARKN141_DEMO\TULV_ #
#                    BB_IMX323\Obj\onekeyphotograph_task.o                    #
#                    D:\work\project\PROJECT\N141\ARKN141\20170622\xspace_tul #
#                    v_20170702\xspace\proj\ARKN141_DEMO\TULV_BB_IMX323\Obj\o #
#                    s_change_task.o D:\work\project\PROJECT\N141\ARKN141\201 #
#                    70622\xspace_tulv_20170702\xspace\proj\ARKN141_DEMO\TULV #
#                    _BB_IMX323\Obj\pc_main.o D:\work\project\PROJECT\N141\AR #
#                    KN141\20170622\xspace_tulv_20170702\xspace\proj\ARKN141_ #
#                    DEMO\TULV_BB_IMX323\Obj\ps1210k.o                        #
#                    D:\work\project\PROJECT\N141\ARKN141\20170622\xspace_tul #
#                    v_20170702\xspace\proj\ARKN141_DEMO\TULV_BB_IMX323\Obj\p #
#                    wm.o D:\work\project\PROJECT\N141\ARKN141\20170622\xspac #
#                    e_tulv_20170702\xspace\proj\ARKN141_DEMO\TULV_BB_IMX323\ #
#                    Obj\queue.o D:\work\project\PROJECT\N141\ARKN141\2017062 #
#                    2\xspace_tulv_20170702\xspace\proj\ARKN141_DEMO\TULV_BB_ #
#                    IMX323\Obj\recycle_video_alert_view.o                    #
#                    D:\work\project\PROJECT\N141\ARKN141\20170622\xspace_tul #
#                    v_20170702\xspace\proj\ARKN141_DEMO\TULV_BB_IMX323\Obj\r #
#                    ecycle_video_graph_view.o D:\work\project\PROJECT\N141\A #
#                    RKN141\20170622\xspace_tulv_20170702\xspace\proj\ARKN141 #
#                    _DEMO\TULV_BB_IMX323\Obj\refbuffer.o                     #
#                    D:\work\project\PROJECT\N141\ARKN141\20170622\xspace_tul #
#                    v_20170702\xspace\proj\ARKN141_DEMO\TULV_BB_IMX323\Obj\r #
#                    egdrv.o D:\work\project\PROJECT\N141\ARKN141\20170622\xs #
#                    pace_tulv_20170702\xspace\proj\ARKN141_DEMO\TULV_BB_IMX3 #
#                    23\Obj\rtc.o D:\work\project\PROJECT\N141\ARKN141\201706 #
#                    22\xspace_tulv_20170702\xspace\proj\ARKN141_DEMO\TULV_BB #
#                    _IMX323\Obj\rtosinit.o D:\work\project\PROJECT\N141\ARKN #
#                    141\20170622\xspace_tulv_20170702\xspace\proj\ARKN141_DE #
#                    MO\TULV_BB_IMX323\Obj\sdmmc.o                            #
#                    D:\work\project\PROJECT\N141\ARKN141\20170622\xspace_tul #
#                    v_20170702\xspace\proj\ARKN141_DEMO\TULV_BB_IMX323\Obj\s #
#                    ensor_task.o D:\work\project\PROJECT\N141\ARKN141\201706 #
#                    22\xspace_tulv_20170702\xspace\proj\ARKN141_DEMO\TULV_BB #
#                    _IMX323\Obj\sensorlib.o D:\work\project\PROJECT\N141\ARK #
#                    N141\20170622\xspace_tulv_20170702\xspace\proj\ARKN141_D #
#                    EMO\TULV_BB_IMX323\Obj\sha1.o                            #
#                    D:\work\project\PROJECT\N141\ARKN141\20170622\xspace_tul #
#                    v_20170702\xspace\proj\ARKN141_DEMO\TULV_BB_IMX323\Obj\s #
#                    rgb.o D:\work\project\PROJECT\N141\ARKN141\20170622\xspa #
#                    ce_tulv_20170702\xspace\proj\ARKN141_DEMO\TULV_BB_IMX323 #
#                    \Obj\ssi.o D:\work\project\PROJECT\N141\ARKN141\20170622 #
#                    \xspace_tulv_20170702\xspace\proj\ARKN141_DEMO\TULV_BB_I #
#                    MX323\Obj\system_check.o D:\work\project\PROJECT\N141\AR #
#                    KN141\20170622\xspace_tulv_20170702\xspace\proj\ARKN141_ #
#                    DEMO\TULV_BB_IMX323\Obj\target.o                         #
#                    D:\work\project\PROJECT\N141\ARKN141\20170622\xspace_tul #
#                    v_20170702\xspace\proj\ARKN141_DEMO\TULV_BB_IMX323\Obj\t #
#                    arget_ucosii.o D:\work\project\PROJECT\N141\ARKN141\2017 #
#                    0622\xspace_tulv_20170702\xspace\proj\ARKN141_DEMO\TULV_ #
#                    BB_IMX323\Obj\tiledref.o D:\work\project\PROJECT\N141\AR #
#                    KN141\20170622\xspace_tulv_20170702\xspace\proj\ARKN141_ #
#                    DEMO\TULV_BB_IMX323\Obj\timer.o                          #
#                    D:\work\project\PROJECT\N141\ARKN141\20170622\xspace_tul #
#                    v_20170702\xspace\proj\ARKN141_DEMO\TULV_BB_IMX323\Obj\t #
#                    p_icn85xx.o D:\work\project\PROJECT\N141\ARKN141\2017062 #
#                    2\xspace_tulv_20170702\xspace\proj\ARKN141_DEMO\TULV_BB_ #
#                    IMX323\Obj\tv_ntsc.o D:\work\project\PROJECT\N141\ARKN14 #
#                    1\20170622\xspace_tulv_20170702\xspace\proj\ARKN141_DEMO #
#                    \TULV_BB_IMX323\Obj\tv_pal.o                             #
#                    D:\work\project\PROJECT\N141\ARKN141\20170622\xspace_tul #
#                    v_20170702\xspace\proj\ARKN141_DEMO\TULV_BB_IMX323\Obj\u #
#                    art.o D:\work\project\PROJECT\N141\ARKN141\20170622\xspa #
#                    ce_tulv_20170702\xspace\proj\ARKN141_DEMO\TULV_BB_IMX323 #
#                    \Obj\ucFS_Version.o D:\work\project\PROJECT\N141\ARKN141 #
#                    \20170622\xspace_tulv_20170702\xspace\proj\ARKN141_DEMO\ #
#                    TULV_BB_IMX323\Obj\vidstabalg.o                          #
#                    D:\work\project\PROJECT\N141\ARKN141\20170622\xspace_tul #
#                    v_20170702\xspace\proj\ARKN141_DEMO\TULV_BB_IMX323\Obj\v #
#                    idstabapi.o D:\work\project\PROJECT\N141\ARKN141\2017062 #
#                    2\xspace_tulv_20170702\xspace\proj\ARKN141_DEMO\TULV_BB_ #
#                    IMX323\Obj\vidstabcommon.o D:\work\project\PROJECT\N141\ #
#                    ARKN141\20170622\xspace_tulv_20170702\xspace\proj\ARKN14 #
#                    1_DEMO\TULV_BB_IMX323\Obj\vidstabinternal.o              #
#                    D:\work\project\PROJECT\N141\ARKN141\20170622\xspace_tul #
#                    v_20170702\xspace\proj\ARKN141_DEMO\TULV_BB_IMX323\Obj\w #
#                    dt.o D:\work\project\PROJECT\N141\ARKN141\20170622\xspac #
#                    e_tulv_20170702\xspace\proj\ARKN141_DEMO\TULV_BB_IMX323\ #
#                    Obj\workaround.o D:\work\project\PROJECT\N141\ARKN141\20 #
#                    170622\xspace_tulv_20170702\xspace\proj\ARKN141_DEMO\TUL #
#                    V_BB_IMX323\Obj\xm_adc.o D:\work\project\PROJECT\N141\AR #
#                    KN141\20170622\xspace_tulv_20170702\xspace\proj\ARKN141_ #
#                    DEMO\TULV_BB_IMX323\Obj\xm_argb32bpp_drv.o               #
#                    D:\work\project\PROJECT\N141\ARKN141\20170622\xspace_tul #
#                    v_20170702\xspace\proj\ARKN141_DEMO\TULV_BB_IMX323\Obj\x #
#                    m_at.o D:\work\project\PROJECT\N141\ARKN141\20170622\xsp #
#                    ace_tulv_20170702\xspace\proj\ARKN141_DEMO\TULV_BB_IMX32 #
#                    3\Obj\xm_autotest.o D:\work\project\PROJECT\N141\ARKN141 #
#                    \20170622\xspace_tulv_20170702\xspace\proj\ARKN141_DEMO\ #
#                    TULV_BB_IMX323\Obj\xm_canvas.o                           #
#                    D:\work\project\PROJECT\N141\ARKN141\20170622\xspace_tul #
#                    v_20170702\xspace\proj\ARKN141_DEMO\TULV_BB_IMX323\Obj\x #
#                    m_core_file.o D:\work\project\PROJECT\N141\ARKN141\20170 #
#                    622\xspace_tulv_20170702\xspace\proj\ARKN141_DEMO\TULV_B #
#                    B_IMX323\Obj\xm_core_linear_memory.o                     #
#                    D:\work\project\PROJECT\N141\ARKN141\20170622\xspace_tul #
#                    v_20170702\xspace\proj\ARKN141_DEMO\TULV_BB_IMX323\Obj\x #
#                    m_edog_socket_zcwy.o D:\work\project\PROJECT\N141\ARKN14 #
#                    1\20170622\xspace_tulv_20170702\xspace\proj\ARKN141_DEMO #
#                    \TULV_BB_IMX323\Obj\xm_fb_argb454_drv.o                  #
#                    D:\work\project\PROJECT\N141\ARKN141\20170622\xspace_tul #
#                    v_20170702\xspace\proj\ARKN141_DEMO\TULV_BB_IMX323\Obj\x #
#                    m_fb_argb888_drv.o D:\work\project\PROJECT\N141\ARKN141\ #
#                    20170622\xspace_tulv_20170702\xspace\proj\ARKN141_DEMO\T #
#                    ULV_BB_IMX323\Obj\xm_fb_drv.o                            #
#                    D:\work\project\PROJECT\N141\ARKN141\20170622\xspace_tul #
#                    v_20170702\xspace\proj\ARKN141_DEMO\TULV_BB_IMX323\Obj\x #
#                    m_fb_rgb565_drv.o D:\work\project\PROJECT\N141\ARKN141\2 #
#                    0170622\xspace_tulv_20170702\xspace\proj\ARKN141_DEMO\TU #
#                    LV_BB_IMX323\Obj\xm_file.o D:\work\project\PROJECT\N141\ #
#                    ARKN141\20170622\xspace_tulv_20170702\xspace\proj\ARKN14 #
#                    1_DEMO\TULV_BB_IMX323\Obj\xm_file_manager_task.o         #
#                    D:\work\project\PROJECT\N141\ARKN141\20170622\xspace_tul #
#                    v_20170702\xspace\proj\ARKN141_DEMO\TULV_BB_IMX323\Obj\x #
#                    m_gdi_graph.o D:\work\project\PROJECT\N141\ARKN141\20170 #
#                    622\xspace_tulv_20170702\xspace\proj\ARKN141_DEMO\TULV_B #
#                    B_IMX323\Obj\xm_gdi_image.o                              #
#                    D:\work\project\PROJECT\N141\ARKN141\20170622\xspace_tul #
#                    v_20170702\xspace\proj\ARKN141_DEMO\TULV_BB_IMX323\Obj\x #
#                    m_gdi_rom_image.o D:\work\project\PROJECT\N141\ARKN141\2 #
#                    0170622\xspace_tulv_20170702\xspace\proj\ARKN141_DEMO\TU #
#                    LV_BB_IMX323\Obj\xm_h264_cache_command_queue.o           #
#                    D:\work\project\PROJECT\N141\ARKN141\20170622\xspace_tul #
#                    v_20170702\xspace\proj\ARKN141_DEMO\TULV_BB_IMX323\Obj\x #
#                    m_h264_cache_file.o D:\work\project\PROJECT\N141\ARKN141 #
#                    \20170622\xspace_tulv_20170702\xspace\proj\ARKN141_DEMO\ #
#                    TULV_BB_IMX323\Obj\xm_h264_file.o                        #
#                    D:\work\project\PROJECT\N141\ARKN141\20170622\xspace_tul #
#                    v_20170702\xspace\proj\ARKN141_DEMO\TULV_BB_IMX323\Obj\x #
#                    m_hybrid_stream.o D:\work\project\PROJECT\N141\ARKN141\2 #
#                    0170622\xspace_tulv_20170702\xspace\proj\ARKN141_DEMO\TU #
#                    LV_BB_IMX323\Obj\xm_i2c.o D:\work\project\PROJECT\N141\A #
#                    RKN141\20170622\xspace_tulv_20170702\xspace\proj\ARKN141 #
#                    _DEMO\TULV_BB_IMX323\Obj\xm_icon_manage.o                #
#                    D:\work\project\PROJECT\N141\ARKN141\20170622\xspace_tul #
#                    v_20170702\xspace\proj\ARKN141_DEMO\TULV_BB_IMX323\Obj\x #
#                    m_iisadc.o D:\work\project\PROJECT\N141\ARKN141\20170622 #
#                    \xspace_tulv_20170702\xspace\proj\ARKN141_DEMO\TULV_BB_I #
#                    MX323\Obj\xm_isp_scalar.o D:\work\project\PROJECT\N141\A #
#                    RKN141\20170622\xspace_tulv_20170702\xspace\proj\ARKN141 #
#                    _DEMO\TULV_BB_IMX323\Obj\xm_itu656_in.o                  #
#                    D:\work\project\PROJECT\N141\ARKN141\20170622\xspace_tul #
#                    v_20170702\xspace\proj\ARKN141_DEMO\TULV_BB_IMX323\Obj\x #
#                    m_kbd_drv.o D:\work\project\PROJECT\N141\ARKN141\2017062 #
#                    2\xspace_tulv_20170702\xspace\proj\ARKN141_DEMO\TULV_BB_ #
#                    IMX323\Obj\xm_led.o D:\work\project\PROJECT\N141\ARKN141 #
#                    \20170622\xspace_tulv_20170702\xspace\proj\ARKN141_DEMO\ #
#                    TULV_BB_IMX323\Obj\xm_osd_framebuffer.o                  #
#                    D:\work\project\PROJECT\N141\ARKN141\20170622\xspace_tul #
#                    v_20170702\xspace\proj\ARKN141_DEMO\TULV_BB_IMX323\Obj\x #
#                    m_osd_framebuffer_config.o D:\work\project\PROJECT\N141\ #
#                    ARKN141\20170622\xspace_tulv_20170702\xspace\proj\ARKN14 #
#                    1_DEMO\TULV_BB_IMX323\Obj\xm_osd_layer.o                 #
#                    D:\work\project\PROJECT\N141\ARKN141\20170622\xspace_tul #
#                    v_20170702\xspace\proj\ARKN141_DEMO\TULV_BB_IMX323\Obj\x #
#                    m_osd_layer_animate.o D:\work\project\PROJECT\N141\ARKN1 #
#                    41\20170622\xspace_tulv_20170702\xspace\proj\ARKN141_DEM #
#                    O\TULV_BB_IMX323\Obj\xm_osd_layer_gif.o                  #
#                    D:\work\project\PROJECT\N141\ARKN141\20170622\xspace_tul #
#                    v_20170702\xspace\proj\ARKN141_DEMO\TULV_BB_IMX323\Obj\x #
#                    m_power.o D:\work\project\PROJECT\N141\ARKN141\20170622\ #
#                    xspace_tulv_20170702\xspace\proj\ARKN141_DEMO\TULV_BB_IM #
#                    X323\Obj\xm_recycle.o D:\work\project\PROJECT\N141\ARKN1 #
#                    41\20170622\xspace_tulv_20170702\xspace\proj\ARKN141_DEM #
#                    O\TULV_BB_IMX323\Obj\xm_semaphore.o                      #
#                    D:\work\project\PROJECT\N141\ARKN141\20170622\xspace_tul #
#                    v_20170702\xspace\proj\ARKN141_DEMO\TULV_BB_IMX323\Obj\x #
#                    m_system_update.o D:\work\project\PROJECT\N141\ARKN141\2 #
#                    0170622\xspace_tulv_20170702\xspace\proj\ARKN141_DEMO\TU #
#                    LV_BB_IMX323\Obj\xm_tester.o                             #
#                    D:\work\project\PROJECT\N141\ARKN141\20170622\xspace_tul #
#                    v_20170702\xspace\proj\ARKN141_DEMO\TULV_BB_IMX323\Obj\x #
#                    m_tester_script.o D:\work\project\PROJECT\N141\ARKN141\2 #
#                    0170622\xspace_tulv_20170702\xspace\proj\ARKN141_DEMO\TU #
#                    LV_BB_IMX323\Obj\xm_time_drv.o                           #
#                    "D:\work\project\PROJECT\N141\ARKN141\20170622\xspace_tu #
#                    lv_20170702\xspace\proj\ARKN141_DEMO\TULV_BB_IMX323\Obj\ #
#                    xm_touch_drv .o" D:\work\project\PROJECT\N141\ARKN141\20 #
#                    170622\xspace_tulv_20170702\xspace\proj\ARKN141_DEMO\TUL #
#                    V_BB_IMX323\Obj\xm_uart.o D:\work\project\PROJECT\N141\A #
#                    RKN141\20170622\xspace_tulv_20170702\xspace\proj\ARKN141 #
#                    _DEMO\TULV_BB_IMX323\Obj\xm_uart_drv.o                   #
#                    D:\work\project\PROJECT\N141\ARKN141\20170622\xspace_tul #
#                    v_20170702\xspace\proj\ARKN141_DEMO\TULV_BB_IMX323\Obj\x #
#                    m_uart_socket.o D:\work\project\PROJECT\N141\ARKN141\201 #
#                    70622\xspace_tulv_20170702\xspace\proj\ARKN141_DEMO\TULV #
#                    _BB_IMX323\Obj\xm_uvc_socket.o                           #
#                    D:\work\project\PROJECT\N141\ARKN141\20170622\xspace_tul #
#                    v_20170702\xspace\proj\ARKN141_DEMO\TULV_BB_IMX323\Obj\x #
#                    m_video_task.o D:\work\project\PROJECT\N141\ARKN141\2017 #
#                    0622\xspace_tulv_20170702\xspace\proj\ARKN141_DEMO\TULV_ #
#                    BB_IMX323\Obj\xm_win_base.o                              #
#                    D:\work\project\PROJECT\N141\ARKN141\20170622\xspace_tul #
#                    v_20170702\xspace\proj\ARKN141_DEMO\TULV_BB_IMX323\Obj\x #
#                    m_win_gdi.o D:\work\project\PROJECT\N141\ARKN141\2017062 #
#                    2\xspace_tulv_20170702\xspace\proj\ARKN141_DEMO\TULV_BB_ #
#                    IMX323\Obj\xm_win_main.o D:\work\project\PROJECT\N141\AR #
#                    KN141\20170622\xspace_tulv_20170702\xspace\proj\ARKN141_ #
#                    DEMO\TULV_BB_IMX323\Obj\xm_win_mem.o                     #
#                    D:\work\project\PROJECT\N141\ARKN141\20170622\xspace_tul #
#                    v_20170702\xspace\proj\ARKN141_DEMO\TULV_BB_IMX323\Obj\x #
#                    m_win_user.o D:\work\project\PROJECT\N141\ARKN141\201706 #
#                    22\xspace_tulv_20170702\xspace\proj\ARKN141_DEMO\TULV_BB #
#                    _IMX323\Obj\xm_win_widget.o                              #
#                    D:\work\project\PROJECT\N141\ARKN141\20170622\xspace_tul #
#                    v_20170702\xspace\proj\ARKN141_DEMO\TULV_BB_IMX323\Obj\x #
#                    m_xml.o D:\work\project\PROJECT\N141\ARKN141\20170622\xs #
#                    pace_tulv_20170702\xspace\proj\ARKN141_DEMO\TULV_BB_IMX3 #
#                    23\Obj\xmvideoitem.o -o D:\work\project\PROJECT\N141\ARK #
#                    N141\20170622\xspace_tulv_20170702\xspace\proj\ARKN141_D #
#                    EMO\TULV_BB_IMX323\Exe\ARKN141_DEMO.out --map            #
#                    D:\work\project\PROJECT\N141\ARKN141\20170622\xspace_tul #
#                    v_20170702\xspace\proj\ARKN141_DEMO\TULV_BB_IMX323\List\ #
#                    ARKN141_DEMO.map --config D:\work\project\PROJECT\N141\A #
#                    RKN141\20170622\xspace_tulv_20170702\xspace\proj\ARKN141 #
#                    _DEMO\arkn141_tulv_480x800.icf                           #
#                    --image_input=D:\work\project\PROJECT\N141\ARKN141\20170 #
#                    622\xspace_tulv_20170702\xspace\proj\ARKN141_DEMO\..\..\ #
#                    rtos\core\rom.bin,_ROM_BIN_,_ROM_SECTION_,32             #
#                    --image_input=D:\work\project\PROJECT\N141\ARKN141\20170 #
#                    622\xspace_tulv_20170702\xspace\proj\ARKN141_DEMO\..\..\ #
#                    rtos\core\dvr.jpg,_DVR_BIN_,_DVR_SECTION_,32             #
#                    D:\work\project\PROJECT\N141\ARKN141\20170622\xspace_tul #
#                    v_20170702\xspace\proj\ARKN141_DEMO\..\..\hwlib\libavcod #
#                    ec.a D:\work\project\PROJECT\N141\ARKN141\20170622\xspac #
#                    e_tulv_20170702\xspace\proj\ARKN141_DEMO\..\..\hwlib\lib #
#                    avformat.a D:\work\project\PROJECT\N141\ARKN141\20170622 #
#                    \xspace_tulv_20170702\xspace\proj\ARKN141_DEMO\..\..\hwl #
#                    ib\libavutil.a --entry __iar_program_start)              #
#                                                                             #
#                                                                             #
###############################################################################

*******************************************************************************
*** MESSAGES
***

Warning[Lt017]: Old abi version used in g729_dec.o(speech_decoder_thumb.a) and
          25 other objects
Warning[Lt009]: Inconsistent wchar_t size
          D:\work\project\PROJECT\N141\ARKN141\20170622\xspace_tulv_20170702\xs
                    pace\proj\ARKN141_DEMO\TULV_BB_IMX323\Obj\AudioFunction.o
                    and 539 other objects has wchar_t size 16 bits
          tachograph.o(libavformat.a) and 50 other objects has wchar_t size 32
                    bits
Warning[Lt010]: Inconsistent enum container size
          D:\work\project\PROJECT\N141\ARKN141\20170622\xspace_tulv_20170702\xs
                    pace\proj\ARKN141_DEMO\TULV_BB_IMX323\Obj\EncJpeg.o and 160
                    other objects uses smallest possible
          tachograph.o(libavformat.a) and 50 other objects uses word size


*******************************************************************************
*** RUNTIME MODEL ATTRIBUTES
***

CppFlavor                   = *
__CPP_Exceptions            = *
__CPP_Language              = C++
__SystemLibrary             = DLib
__dlib_iterator_debugging   = 0
__dlib_jmp_buf_num_elements = 8
__iar_jmp_buf_elem_needed   = 8


*******************************************************************************
*** PLACEMENT SUMMARY
***

"A1":  place at 0x80000000 { ro section .intvec };
"P3":  place in [from 0x80000080 to 0x802fffff] { ro };
"P4":  place in [from 0x80300000 to 0x83ffffff] {
          rw, block CSTACK, block SVC_STACK, block IRQ_STACK, block FIQ_STACK,
          block UND_STACK, block ABT_STACK, block HEAP };

  Section                 Kind        Address       Size  Object
  -------                 ----        -------       ----  ------
"A1":                                               0x40
  .intvec                 ro code  0x80000000       0x40  cortex_a5_board_cstartup_iar.o [1]
                                 - 0x80000040       0x40

"P3":                                           0x1f3240
  _ROM_SECTION_                    0x80000080    0xe3b27  <Block>
    _ROM_SECTION_         const    0x80000080    0xe3b27  rom.bin [2]
  .text                   ro code  0x800e3bb0     0xb930  utils.o [6]
  .text                   ro code  0x800ef4e0       0x24  strspn.o [4]
  .text                   ro code  0x800ef510      0xb20  mem.o [7]
  .text                   ro code  0x800f0030       0x54  strlen.o [11]
  .text                   ro code  0x800f0084       0x74  strcmp.o [11]
  .text                   ro code  0x800f00f8       0x14  xmvideoitem.o [1]
  .text                   ro code  0x800f0110      0x710  log.o [7]
  .text                   ro code  0x800f0820        0xa  strtol.o [4]
  .text                   ro code  0x800f082a        0xa  abort.o [4]
  .text                   ro code  0x800f0834       0x30  S32ToDbl.o [9]
  .text                   ro code  0x800f0864      0x38c  DblDiv.o [9]
  .text                   ro code  0x800f0bf0      0x204  DblMul.o [9]
  .text                   ro code  0x800f0df4       0x14  DblLogGt.o [11]
  .text                   ro code  0x800f0e10      0xab0  rational.o [7]
  .text                   ro code  0x800f18c0      0x1ec  DblSub.o [9]
  .text                   ro code  0x800f1ab0      0xac0  avpacket.o [5]
  .text                   ro code  0x800f2570      0xf30  parseutils.o [7]
  .text                   ro code  0x800f34a0       0x20  strchr.o [11]
  .text                   ro code  0x800f34c0      0x680  avstring.o [7]
  Veneer                  ro code  0x800f3b40        0x8  - Linker created -
  .text                   ro code  0x800f3b48        0x4  xmvideoitem.o [1]
  Veneer                  ro code  0x800f3b4c        0x8  - Linker created -
  .text                   ro code  0x800f3b54        0x4  xmvideoitem.o [1]
  .text                   ro code  0x800f3b60      0x900  mathematics.o [7]
  .text                   ro code  0x800f4460     0x1b90  mux.o [6]
  .text                   ro code  0x800f5ff0       0x3c  vsnprint.o [4]
  .text                   ro code  0x800f6030     0x5ff0  utils.o [5]
  .text                   ro code  0x800fc020      0x1a8  I32DivMod.o [11]
  Veneer                  ro code  0x800fc1c8        0x8  - Linker created -
  Veneer                  ro code  0x800fc1d0        0x8  - Linker created -
  .text                   ro code  0x800fc1d8      0x164  avio.o [1]
  .text                   ro code  0x800fc33c       0x48  snprintf.o [4]
  .text                   ro code  0x800fc390       0x80  time.o [7]
  .text                   ro code  0x800fc410      0x184  I64DivMod.o [11]
  .text                   ro code  0x800fc5a0      0x4d0  dict.o [7]
  .text                   ro code  0x800fca70       0x24  strcspn.o [4]
  .text                   ro code  0x800fca94       0xac  DblToFlt.o [9]
  .text                   ro code  0x800fcb40       0x40  lrintf.o [9]
  .text                   ro code  0x800fcb80       0x5c  S64ToDbl.o [11]
  .text                   ro code  0x800fcbe0      0x470  options.o [5]
  .text                   ro code  0x800fd050      0xc60  parser.o [5]
  .text                   ro code  0x800fdcb0     0x3b00  opt.o [7]
  .text                   ro code  0x801017b0     0x3560  aviobuf.o [6]
  .text                   ro code  0x80104d10       0x14  memmove.o [11]
  .text                   ro code  0x80104d30      0x6c0  buffer.o [7]
  .text                   ro code  0x801053f0       0x14  DblLogGe.o [11]
  .text                   ro code  0x80105404       0x14  DblLogLe.o [11]
  .text                   ro code  0x80105418       0x60  DblToS32.o [9]
  .text                   ro code  0x80105478       0x70  I64ToFlt.o [11]
  .text                   ro code  0x801054e8      0x1c0  FltDiv.o [9]
  .text                   ro code  0x801056a8       0x64  FltToDbl.o [9]
  .text                   ro code  0x80105710     0x1360  id3v2.o [6]
  .text                   ro code  0x80106a70       0x24  xmvideoitem.o [1]
  .text                   ro code  0x80106aa0      0x100  codec_desc.o [5]
  .text                   ro code  0x80106ba0     0x18b0  tachograph.o [6]
  .text                   ro code  0x80108450      0xbd0  avio.o [6]
  .text.unlikely          ro code  0x80109020      0x110  utils.o [5]
  .text                   ro code  0x80109130       0x14  DblLogLt.o [11]
  .text                   ro code  0x80109150       0x30  raw.o [5]
  .text                   ro code  0x80109180      0x670  rawdec.o [5]
  .text                   ro code  0x801097f0       0x4c  llrint.o [9]
  .text                   ro code  0x8010983c      0x140  DblAdd.o [9]
  .text                   ro code  0x80109980      0x150  options.o [6]
  .text                   ro code  0x80109ad0     0x1280  target.o [1]
[...]
totalZeros_14           0x801c4c70       0x4  Data  Lc  h264hwd_cavlc.o [1]
totalZeros_1_0          0x801c4a28      0x20  Data  Lc  h264hwd_cavlc.o [1]
totalZeros_1_1          0x801c4a48      0x20  Data  Lc  h264hwd_cavlc.o [1]
totalZeros_2            0x801c4a68      0x40  Data  Lc  h264hwd_cavlc.o [1]
totalZeros_3            0x801c4aa8      0x40  Data  Lc  h264hwd_cavlc.o [1]
totalZeros_4            0x801c4ae8      0x20  Data  Lc  h264hwd_cavlc.o [1]
totalZeros_5            0x801c4b08      0x20  Data  Lc  h264hwd_cavlc.o [1]
totalZeros_6            0x801c4b28      0x40  Data  Lc  h264hwd_cavlc.o [1]
totalZeros_7            0x801c4b68      0x40  Data  Lc  h264hwd_cavlc.o [1]
totalZeros_8            0x801c4ba8      0x40  Data  Lc  h264hwd_cavlc.o [1]
totalZeros_9            0x801c4be8      0x40  Data  Lc  h264hwd_cavlc.o [1]
toupper                 0x80161dac       0x4  Code  Gb  FAT_VolumeLabel.o [1]
tp_down                 0x83bb0cf4       0x4  Data  Lc  tp_icn85xx.o [1]
tp_icn85xxTask          0x8018c518      0x88  Code  Lc  tp_icn85xx.o [1]
tp_icn85xx_intr         0x8018c14c       0xc  Code  Lc  tp_icn85xx.o [1]
tpd_probe               0x8018c158     0x1a8  Code  Lc  tp_icn85xx.o [1]
translate_gamma_flags   0x8014ffac      0x50  Code  Lc  pngrtran.o [8]
trunc                   0x80126e6b      0x12  Code  Gb  trunc.o [9]
try_decode_frame        0x800ebac1     0x36e  Code  Lc  utils.o [6]
txt.4128                0x801f1d30      0x1c  Data  Lc  bprint.o [7]
txtColor                0x83bd41dc       0x4  Data  Gb  xm_win_gdi.o [1]
tzone                   0x8014e200       0x1  Data  Lc  xlocale_c.o [4]
uart0_init              0x8012b34c      0xa4  Code  Gb  uart.o [1]
uart0_send_char         0x8012b3f0      0x34  Code  Gb  uart.o [1]
uartInit                0x83bd4a22       0x1  Data  Lc  xm_uart_drv.o [1]
uart_access_sema        0x83bd3654      0xa0  Data  Lc  xm_uart.o [1]
uart_ch_buff            0x83bd4a20       0x2  Data  Lc  xm_uart_drv.o [1]
uart_ch_size            0x83bd4a14       0x4  Data  Lc  xm_uart_drv.o [1]
uart_device             0x83bd3630      0x20  Data  Lc  xm_uart.o [1]
uart_inited             0x83bd3650       0x1  Data  Lc  xm_uart.o [1]
uart_last_key           0x83bd4a18       0x4  Data  Lc  xm_uart_drv.o [1]
uart_recv               0x83bd4a1c       0x4  Data  Lc  xm_uart_drv.o [1]
ulChip                  0x83bd47b0       0x4  Data  Lc  ssi.o [1]
ulaw2linear             0x801ee051      0x22  Code  Lc  pcm.o [5]
unselect_i2c_pad        0x8012e0fc      0x1c  Code  Lc  xm_i2c.o [1]
update_audio_cur_attribute
                        0x80169278      0x64  Code  Gb  globalfunc.o [1]
update_exc_err          0x8019bf5c     0x158  Code  Gb  taming.o [13]
update_frame_pool       0x800faa21     0x4d0  Code  Lc  utils.o [5]
update_initial_timestamps
                        0x800e7d21     0x64a  Code  Lc  utils.o [6]
update_model            0x801ce580     0x1a8  Code  Lc  H264Mad.o [1]
update_model            0x801cca28     0x1ec  Code  Lc  H264RateControl.o [1]
update_rc_error         0x801cc384      0x94  Code  Lc  H264RateControl.o [1]
update_stream_timings   0x800e7851     0x45c  Code  Lc  utils.o [6]
update_tables           0x801ce448      0x5c  Code  Lc  H264Mad.o [1]
update_tables           0x801cc9b4      0x74  Code  Lc  H264RateControl.o [1]
update_video_cur_attribute
                        0x801691f4      0x84  Code  Gb  globalfunc.o [1]
updatewindow            0x80150eac     0x120  Code  Lc  inflate.o [14]
url_alloc_for_protocol  0x801087c1     0x1ea  Code  Lc  avio.o [6]
url_feof                0x80102751      0x1c  Code  Gb  aviobuf.o [6]
urlcontext_child_class_next
                        0x801084b1      0x5e  Code  Lc  avio.o [6]
urlcontext_child_next   0x80108491      0x18  Code  Lc  avio.o [6]
urlcontext_to_name      0x80108471      0x1a  Code  Lc  avio.o [6]
usb_di_count            0x83bd4b40       0x4  Data  Lc  pc_main.o [1]
usb_dma_interrupt       0x8015de70       0x4  Code  Gb  interrupt.o [1]
usb_endpoints_reset     0x8015d97c     0x144  Code  Gb  interrupt.o [1]
usb_ep0_isr             0x8015dc00     0x15c  Code  Gb  interrupt.o [1]
usb_ep0_transfer        0x8016a838      0xb8  Code  Gb  UsbRequest.o [1]
usb_fetch_out           0x80169b48      0x84  Code  Gb  UsbRequest.o [1]
usb_init_descriptor     0x80169a04      0xf8  Code  Gb  UsbRequest.o [1]
usb_interrupt_rom       0x8015dd5c      0xe4  Code  Gb  interrupt.o [1]
usb_proc_cmd            0x8016a748      0xe8  Code  Gb  UsbRequest.o [1]
usb_read_cmd            0x8015db84      0x7c  Code  Gb  interrupt.o [1]
usb_request             0x8016a6e4      0x60  Code  Gb  UsbRequest.o [1]
usb_reset               0x8015dac0      0x84  Code  Gb  interrupt.o [1]
usb_resume              0x8015db50      0x14  Code  Gb  interrupt.o [1]
usb_setup_in            0x80169b1c      0x2c  Code  Gb  UsbRequest.o [1]
usb_start_video         0x80169afc      0x20  Code  Gb  UsbRequest.o [1]
usb_suspend             0x8015db64      0x20  Code  Gb  interrupt.o [1]
usb_video_opened        0x83bb0b18       0x4  Data  Lc  xm_video_task.o [1]
use_color               0x83bb1b10       0x4  Data  Lc  log.o [7]
uvc_command             0x83bb0b98       0x4  Data  Lc  CdrRequest.o [1]
uvc_dma_stop            0x8014b8a8      0x74  Code  Lc  UvcVideo.o [1]
uvc_message_socket_access_sema
                        0x83bd48d8      0x14  Data  Lc  xm_uvc_socket.o [1]
uvc_output_image_cx     0x83bd4a34       0x4  Data  Lc  UvcVideo.o [1]
uvc_output_image_cy     0x83bd4a38       0x4  Data  Lc  UvcVideo.o [1]
uvc_parameter           0x83bb0bb0     0x100  Data  Lc  CdrRequest.o [1]
uvc_parameter_len       0x83bb0b9c       0x4  Data  Lc  CdrRequest.o [1]
uvc_parameter_received  0x83bb0ba0       0x4  Data  Lc  CdrRequest.o [1]
uvc_request             0x8017aea8      0xc4  Code  Gb  UvcRequest.o [1]
uvc_response_command    0x83bb0ba4       0x4  Data  Lc  CdrRequest.o [1]
uvc_response_data       0x83bb0cb0      0x40  Data  Lc  CdrRequest.o [1]
uvc_response_left_to_transfer
                        0x83bb0bac       0x4  Data  Lc  CdrRequest.o [1]
uvc_response_len        0x83bb0ba8       0x4  Data  Lc  CdrRequest.o [1]
uvc_socket_enabled      0x83bb1cd8       0x4  Data  Lc  xm_uvc_socket.o [1]
uvc_socket_inited       0x83bd48d4       0x4  Data  Lc  xm_uvc_socket.o [1]
uvc_usb_dma_transfer_finish_interrupt
                        0x8014b91c      0x2c  Code  Gb  UvcVideo.o [1]
v_read_frame            0x80164d0c      0x3c  Code  Gb  g729_dec.o [13]
vaddr_to_page_addr      0x8012b31c      0x18  Code  Gb  cortex_a5_mmu.o [1]
verify_buffer           0x83bcf000    0x1000  Data  Lc  xm_h264_cache_file.o [1]
verify_expr             0x8010b1a1      0xf0  Code  Lc  eval.o [7]
verify_icon_state       0x8013d2a0      0x60  Code  Lc  xm_icon_manage.o [1]
videoItemMonitorSema    0x83bd4678      0x14  Data  Lc  xmvideoitem.o [1]
videoItemMutexSema      0x83bd4664      0x14  Data  Lc  xmvideoitem.o [1]
videoListViewBtn_0      0x801dfb88      0x30  Data  Lc  app_videolistview.o [1]
videoListViewBtn_1      0x801dfbb8      0x30  Data  Lc  app_videolistview.o [1]
videoRecordBtn          0x801e34b0      0x18  Data  Lc  app_videosettingview.o [1]
videoViewBtn_0          0x801e0788      0x24  Data  Lc  app_videoview.o [1]
video_control_get_cur   0x8019482c     0x308  Code  Gb  VideoFunction.o [1]
video_control_get_def   0x80194ebc     0x258  Code  Gb  VideoFunction.o [1]
video_control_get_info  0x8019525c     0x1e0  Code  Gb  VideoFunction.o [1]
video_control_get_len   0x80195444      0xe8  Code  Gb  VideoFunction.o [1]
video_control_get_max   0x80194c94     0x228  Code  Gb  VideoFunction.o [1]
video_control_get_min   0x80194b34     0x160  Code  Gb  VideoFunction.o [1]
video_control_get_res   0x80195120     0x12c  Code  Gb  VideoFunction.o [1]
video_control_set_cur   0x80194308     0x524  Code  Gb  VideoFunction.o [1]
video_framebuffer       0x83bb0b04       0x4  Data  Lc  xm_video_task.o [1]
video_get_buffer        0x800f7da1     0x258  Code  Lc  utils.o [5]
video_h                 0x83bb0b0c       0x4  Data  Lc  xm_video_task.o [1]
video_isp_scalar_fifo   0x83bb09d0     0x130  Data  Lc  xm_video_task.o [1]
video_isp_scalar_inited
                        0x83bb0b00       0x4  Data  Lc  xm_video_task.o [1]
video_item_alarm_time   0x83bb063c       0x4  Data  Lc  xmvideoitem.o [1]
video_item_count        0x83bb0640       0x4  Data  Lc  xmvideoitem.o [1]
video_item_locked_space
                        0x83bb0630       0x8  Data  Lc  xmvideoitem.o [1]
video_item_next         0x83bb0620       0x8  Data  Lc  xmvideoitem.o [1]
video_item_recycle_space
                        0x83bb0628       0x8  Data  Lc  xmvideoitem.o [1]
video_path              0x83baee70       0x4  Data  Lc  main.o [1]
video_path_count        0x83bb0664       0x4  Data  Lc  xmvideoitem.o [1]
video_path_name         0x83bb0680     0x100  Data  Lc  xmvideoitem.o [1]
video_rate_abbrs        0x801e9248      0x60  Data  Lc  parseutils.o [7]
video_scalar_frame_exit
                        0x8011a494      0x40  Code  Lc  xm_video_task.o [1]
video_scalar_frame_init
                        0x8011a4d4      0xe8  Code  Lc  xm_video_task.o [1]
video_scalar_object     0x83bb0b14       0x4  Data  Lc  xm_video_task.o [1]
video_size_abbrs        0x801e8be4     0x204  Data  Lc  parseutils.o [7]
video_stream_get_cur    0x8019570c     0x120  Code  Gb  VideoFunction.o [1]
video_stream_set_cur    0x8019552c     0x1dc  Code  Gb  VideoFunction.o [1]
video_task_semaphore    0x83bb0b70      0x14  Data  Lc  xm_video_task.o [1]
video_temp_index        0x83bb066c       0x4  Data  Lc  xmvideoitem.o [1]
video_volume_count      0x83bb0668       0x4  Data  Lc  xmvideoitem.o [1]
video_volume_name       0x83bb0780      0x80  Data  Lc  xmvideoitem.o [1]
video_w                 0x83bb0b08       0x4  Data  Lc  xm_video_task.o [1]
videoitem_debug         0x83bb067c       0x4  Data  Lc  xmvideoitem.o [1]
videoitem_free          0x80131ea0      0x60  Code  Lc  xmvideoitem.o [1]
videoitem_int           0x80131de0      0x44  Code  Gb  xmvideoitem.o [1]
videoitem_malloc        0x80131e24      0x7c  Code  Lc  xmvideoitem.o [1]
videoitem_service_opened
                        0x83bb0674       0x4  Data  Lc  xmvideoitem.o [1]
videorecord_mode        0x83bb0678       0x4  Data  Lc  xmvideoitem.o [1]
view_animating_direction
                        0x83bb0354       0x4  Data  Lc  xm_win_user.o [1]
view_default_align      0x83bb0360       0x4  Data  Lc  xm_win_user.o [1]
view_default_horz_ratio
                        0x83bb0358       0x4  Data  Lc  xm_win_user.o [1]
view_default_vert_ratio
                        0x83bb035c       0x4  Data  Lc  xm_win_user.o [1]
voice_array             0x83baadbc      0x20  Data  Lc  app_voice.o [1]
voice_count             0x83baaddc       0x4  Data  Lc  app_voice.o [1]
voice_decode            0x80153668      0x48  Code  Lc  app_voice.o [1]
voice_id_2_rom_res      0x80153524      0x2c  Code  Gb  app_voice.o [1]
voice_index             0x83baade0       0x4  Data  Lc  app_voice.o [1]
voice_prompts_count_sema
                        0x83baadf4       0x4  Data  Lc  app_voice.o [1]
voice_prompts_count_sema_name
                        0x83baadf0       0x4  Data  Lc  app_voice.o [1]
voice_prompts_sema      0x83baadec       0x4  Data  Lc  app_voice.o [1]
voice_prompts_sema_name
                        0x83baade8       0x4  Data  Lc  app_voice.o [1]
voice_text              0x83bb1a68      0x14  Data  Lc  app_voice.o [1]
voicing                 0x83bb1a50       0x2  Data  Lc  g729_dec.o [13]
vsnprintf               0x800f5ff1      0x3c  Code  Gb  vsnprint.o [4]
vsscanf                 0x80112cb9      0x1c  Code  Gb  vsscanf.o [4]
wAutoPowerOffTime       0x83bb18c4       0x2  Data  Lc  target.o [1]
warned.9050             0x83bd4bb4       0x4  Data  Lc  mux.o [6]
watchdog_reset          0x8011d630      0x14  Code  Gb  wdt.o [1]
wav_inited              0x83bd4218       0x4  Data  Lc  xm_iisadc.o [1]
week_day                0x8012c6f4      0xf8  Code  Gb  rtc.o [1]
white_datetime_char_length
                        0x8018a468      0x38  Data  Lc  app_time.o [1]
white_datetime_char_offset
                        0x8018a430      0x38  Data  Lc  app_time.o [1]
widget_count            0x83bb0365       0x1  Data  Lc  xm_win_user.o [1]
widget_flag             0x83bb05f8       0x8  Data  Lc  xm_win_user.o [1]
widget_userdata         0x83bb0600      0x20  Data  Lc  xm_win_user.o [1]
window_count            0x83bb0364       0x1  Data  Lc  xm_win_user.o [1]
window_stack            0x83bb0264      0xe0  Data  Lc  xm_win_user.o [1]
wingdi_exit             0x8012ac88       0x4  Code  Gb  xm_win_gdi.o [1]
wingdi_init             0x8012abec      0x9c  Code  Gb  xm_win_gdi.o [1]
winmem_init             0x801531bc      0x54  Code  Gb  xm_win_mem.o [1]
winmem_restore_environment
                        0x80153264      0x58  Code  Gb  xm_win_mem.o [1]
winmem_save_environment
                        0x80153210      0x54  Code  Gb  xm_win_mem.o [1]
winuser_exit            0x801542e4       0x4  Code  Gb  xm_win_user.o [1]
winuser_init            0x8015422c      0xb8  Code  Gb  xm_win_user.o [1]
workingFifoSampleCount  0x83bd4204       0x8  Data  Lc  xm_iisadc.o [1]
wrap_timestamp          0x800e3be1      0xe6  Code  Lc  utils.o [6]
write                   0x80113dd8      0x4c  Code  Gb  xm_core_file.o [1]
write_number            0x800fe1e1     0x1e6  Code  Lc  opt.o [7]
write_packet            0x800f4511     0x148  Code  Lc  mux.o [6]
write_video_frame       0x80107641      0xfe  Code  Lc  tachograph.o [6]
writel                  0x8016a9bc       0x8  Code  Gb  hx280enc.o [1]
x0                      0x83bb1c18       0x2  Data  Lc  mul64_op.o [12]
x1                      0x83bb1c1a       0x2  Data  Lc  mul64_op.o [12]
x264_arkn141_H264SliceReady
                        0x801c5a14       0x4  Code  Gb  arkn141_h264_encoder.o [1]
x264_arkn141_close_encoder
                        0x801c621c      0x84  Code  Gb  arkn141_h264_encoder.o [1]
x264_arkn141_defaults   0x801ef520      0x28  Data  Lc  x264_arkn141.o [5]
x264_arkn141_encoder_encode
                        0x801c6544     0x530  Code  Gb  arkn141_h264_encoder.o [1]
x264_arkn141_encoder_headers
                        0x801c63e4     0x160  Code  Gb  arkn141_h264_encoder.o [1]
x264_arkn141_open_encoder
                        0x801c62a0     0x144  Code  Gb  arkn141_h264_encoder.o [1]
x264_arkn141_param_default
                        0x801c5a18     0x198  Code  Gb  arkn141_h264_encoder.o [1]
x264_arkn141_parse_param
                        0x801c6a78     0x988  Code  Gb  arkn141_h264_encoder.o [1]
xm_adc_init             0x8011eaa4     0x10c  Code  Gb  xm_adc.o [1]
xm_arkn141_isp_set_exposure_compensation
                        0x801315d4      0x88  Code  Gb  Gem_isp.o [1]
xm_arkn141_isp_set_sharpening_value
                        0x8013165c      0xb0  Code  Gb  Gem_isp.o [1]
xm_autotest_init        0x8015b940      0x18  Code  Gb  xm_at.o [1]
xm_autotest_run         0x8015b9d8     0x184  Code  Gb  xm_at.o [1]
xm_autotest_stop        0x8015b958      0x80  Code  Gb  xm_at.o [1]
xm_close_volume_service
                        0x8014a540      0x54  Code  Gb  message_task.o [1]
xm_core_allocate_linear_memory
                        0x8015debc      0x84  Code  Gb  xm_core_linear_memory.o [1]
xm_core_free_linear_memory
                        0x8015df40      0x4c  Code  Gb  xm_core_linear_memory.o [1]
xm_do_change_task       0x8012b92c      0x60  Code  Gb  os_change_task.o [1]
xm_h264_cache_command_queue_init
                        0x8015b1b8      0xd8  Code  Gb  xm_h264_cache_command_queue.o [1]
xm_h264_cache_command_queue_insert_command
                        0x8015b290     0x19c  Code  Gb  xm_h264_cache_command_queue.o [1]
xm_h264_cache_command_queue_remove_command
                        0x8015b42c      0xac  Code  Gb  xm_h264_cache_command_queue.o [1]
xm_h264_file_init       0x8011b238      0x54  Code  Gb  xm_h264_file.o [1]
xm_i2c_close            0x8012ebe8      0x9c  Code  Gb  xm_i2c.o [1]
xm_i2c_device_close     0x8012ef68     0x108  Code  Gb  xm_i2c.o [1]
xm_i2c_device_open      0x8012ed5c     0x204  Code  Gb  xm_i2c.o [1]
xm_i2c_init             0x8012e96c      0x50  Code  Gb  xm_i2c.o [1]
xm_i2c_open             0x8012e9bc     0x22c  Code  Gb  xm_i2c.o [1]
xm_i2c_write            0x8012ec84      0xd8  Code  Gb  xm_i2c.o [1]
xm_isp_init             0x80130f80       0x8  Code  Gb  Gem_isp.o [1]
xm_isp_scalar_buffer_clear
                        0x8013c3a8      0x14  Code  Lc  xm_isp_scalar.o [1]
xm_isp_scalar_config    0x8013c188     0x220  Code  Gb  xm_isp_scalar.o [1]
xm_isp_scalar_create    0x8013ca20      0xf4  Code  Gb  xm_isp_scalar.o [1]
xm_isp_scalar_delete    0x8013c8e4     0x11c  Code  Gb  xm_isp_scalar.o [1]
xm_isp_scalar_init      0x8013c0c4      0xc4  Code  Gb  xm_isp_scalar.o [1]
xm_isp_scalar_register_user_buffer
                        0x8013c7d0     0x114  Code  Gb  xm_isp_scalar.o [1]
xm_isp_scalar_run       0x8013c6f4      0xdc  Code  Gb  xm_isp_scalar.o [1]
xm_jpeg_decode          0x80140a20     0x174  Code  Gb  jpeg_task.o [1]
xm_led_on               0x8018b988      0x34  Code  Gb  xm_led.o [1]
xm_memset               0x8015a560      0x2c  Code  Gb  common_string.o [1]
xm_open_volume_service  0x8014a494      0xac  Code  Gb  message_task.o [1]
xm_power_check_acc_safe_or_not
                        0x8011d8a8       0x8  Code  Gb  xm_power.o [1]
xm_power_unlock         0x8011d7b0      0x38  Code  Gb  xm_power.o [1]
xm_powerkey_init        0x8011d7fc      0x98  Code  Gb  xm_power.o [1]
xm_powerkey_test        0x8011d69c      0x24  Code  Gb  xm_power.o [1]
xm_restore_environment  0x80153f6c     0x198  Code  Gb  xm_win_user.o [1]
xm_save_environment     0x80153ed8      0x94  Code  Gb  xm_win_user.o [1]
xm_strcmpi              0x8015a58c      0x48  Code  Gb  common_string.o [1]
xm_stricmp              0x8015a5d4       0x4  Code  Gb  common_string.o [1]
xm_uart_init            0x8012e048      0x54  Code  Gb  xm_uart.o [1]
y1                      0x83bb1c20       0x4  Data  Lc  mul64_op.o [12]
y2                      0x83bb1c1c       0x4  Data  Lc  mul64_op.o [12]
yuv_buf0                0x827c6000  0x2f7600  Data  Gb  Gem_isp.o [1]
yuv_buf1                0x82abd800  0x2f7600  Data  Gb  Gem_isp.o [1]
yuv_buf2                0x82db5000  0x2f7600  Data  Gb  Gem_isp.o [1]
yuv_buf3                0x830ac800  0x2f7600  Data  Gb  Gem_isp.o [1]
yuv_wFrameSize_height   0x83baee98      0x20  Data  Gb  descript_def.o [1]
yuv_wFrameSize_width    0x83baee78      0x20  Data  Gb  descript_def.o [1]
yuv_winFrame_BufferSize
                        0x83baeef8      0x3c  Data  Gb  descript_def.o [1]
yuv_winFrame_order      0x83baef78      0x10  Data  Gb  descript_def.o [1]
zcalloc                 0x801f17c0      0x18  Code  Gb  zutil.o [14]
zcfree                  0x801f17d8      0x10  Code  Gb  zutil.o [14]
zerobuffer.9132         0x83bd476c      0x20  Data  Lc  utils.o [6]
zigZag4x4               0x801bd470      0x40  Data  Lc  h264hwd_seq_param_set.o [1]
zigZag8x8               0x801bd4b0     0x100  Data  Lc  h264hwd_seq_param_set.o [1]
zigzag                  0x80196ea4      0x40  Data  Lc  EncJpeg.o [1]
zzOrder                 0x801818ec      0x40  Data  Lc  jpegdecinternal.o [1]


[1] = D:\work\project\PROJECT\N141\ARKN141\20170622\xspace_tulv_20170702\xspace\proj\ARKN141_DEMO\TULV_BB_IMX323\Obj
[2] = D:\work\project\PROJECT\N141\ARKN141\20170622\xspace_tulv_20170702\xspace\rtos\core
[3] = command line
[4] = dl5E_tln.a
[5] = libavcodec.a
[6] = libavformat.a
[7] = libavutil.a
[8] = lpng167.a
[9] = m5E_tl.a
[10] = os5t_al__d.a
[11] = rt5E_al.a
[12] = speech_decoder_arm.a
[13] = speech_decoder_thumb.a
[14] = zlib-1.2.8.a

     996 122 bytes of readonly  code memory
   1 048 401 bytes of readonly  data memory
  59 590 872 bytes of readwrite data memory

Errors: none
Warnings: 3
