###############################################################################
#                                                                             #
# IAR ELF Linker V6.10.1.52143/W32 for ARM              28/Dec/2016  02:48:50 #
# Copyright 2007-2010 IAR Systems AB.                                         #
#                                                                             #
#    Output file  =  E:\proj\ARKN141\sw\xspace\proj\ARKN141_DEMO\Debug\Exe\AR #
#                    KN141_DEMO.out                                           #
#    Map file     =  E:\proj\ARKN141\sw\xspace\proj\ARKN141_DEMO\Debug\List\A #
#                    RKN141_DEMO.map                                          #
#    Command line =  "C:\Program Files (x86)\IAR Systems\Embedded Workbench   #
#                    6.0\arm\PowerPac\RTOS\Lib\os5t_al__d.a"                  #
#                    E:\proj\ARKN141\sw\xspace\hwlib\lpng167.a                #
#                    E:\proj\ARKN141\sw\xspace\hwlib\speech_decoder_arm.a     #
#                    E:\proj\ARKN141\sw\xspace\hwlib\speech_decoder_thumb.a   #
#                    E:\proj\ARKN141\sw\xspace\hwlib\zlib-1.2.8.a             #
#                    E:\proj\ARKN141\sw\xspace\proj\ARKN141_DEMO\Debug\Obj\Au #
#                    dioFunction.o E:\proj\ARKN141\sw\xspace\proj\ARKN141_DEM #
#                    O\Debug\Obj\CdrRequest.o E:\proj\ARKN141\sw\xspace\proj\ #
#                    ARKN141_DEMO\Debug\Obj\ConfigDrive.o                     #
#                    E:\proj\ARKN141\sw\xspace\proj\ARKN141_DEMO\Debug\Obj\Cp #
#                    uClkCounter.o E:\proj\ARKN141\sw\xspace\proj\ARKN141_DEM #
#                    O\Debug\Obj\DecGetOption.o E:\proj\ARKN141\sw\xspace\pro #
#                    j\ARKN141_DEMO\Debug\Obj\EncGetOption.o                  #
#                    E:\proj\ARKN141\sw\xspace\proj\ARKN141_DEMO\Debug\Obj\En #
#                    cJpeg.o E:\proj\ARKN141\sw\xspace\proj\ARKN141_DEMO\Debu #
#                    g\Obj\EncJpegCodeFrame.o E:\proj\ARKN141\sw\xspace\proj\ #
#                    ARKN141_DEMO\Debug\Obj\EncJpegInit.o                     #
#                    E:\proj\ARKN141\sw\xspace\proj\ARKN141_DEMO\Debug\Obj\En #
#                    cJpegPutBits.o E:\proj\ARKN141\sw\xspace\proj\ARKN141_DE #
#                    MO\Debug\Obj\FAT_API.o E:\proj\ARKN141\sw\xspace\proj\AR #
#                    KN141_DEMO\Debug\Obj\FAT_CheckDisk.o                     #
#                    E:\proj\ARKN141\sw\xspace\proj\ARKN141_DEMO\Debug\Obj\FA #
#                    T_Dir.o E:\proj\ARKN141\sw\xspace\proj\ARKN141_DEMO\Debu #
#                    g\Obj\FAT_DirEntry.o E:\proj\ARKN141\sw\xspace\proj\ARKN #
#                    141_DEMO\Debug\Obj\FAT_DiskInfo.o                        #
#                    E:\proj\ARKN141\sw\xspace\proj\ARKN141_DEMO\Debug\Obj\FA #
#                    T_Format.o E:\proj\ARKN141\sw\xspace\proj\ARKN141_DEMO\D #
#                    ebug\Obj\FAT_FormatSD.o E:\proj\ARKN141\sw\xspace\proj\A #
#                    RKN141_DEMO\Debug\Obj\FAT_FreeCluster.o                  #
#                    E:\proj\ARKN141\sw\xspace\proj\ARKN141_DEMO\Debug\Obj\FA #
#                    T_GetFileClusterSectorInfo.o                             #
#                    E:\proj\ARKN141\sw\xspace\proj\ARKN141_DEMO\Debug\Obj\FA #
#                    T_Ioct.o E:\proj\ARKN141\sw\xspace\proj\ARKN141_DEMO\Deb #
#                    ug\Obj\FAT_LFN.o E:\proj\ARKN141\sw\xspace\proj\ARKN141_ #
#                    DEMO\Debug\Obj\FAT_Misc.o E:\proj\ARKN141\sw\xspace\proj #
#                    \ARKN141_DEMO\Debug\Obj\FAT_Move.o                       #
#                    E:\proj\ARKN141\sw\xspace\proj\ARKN141_DEMO\Debug\Obj\FA #
#                    T_Open.o E:\proj\ARKN141\sw\xspace\proj\ARKN141_DEMO\Deb #
#                    ug\Obj\FAT_Read.o E:\proj\ARKN141\sw\xspace\proj\ARKN141 #
#                    _DEMO\Debug\Obj\FAT_Rename.o                             #
#                    E:\proj\ARKN141\sw\xspace\proj\ARKN141_DEMO\Debug\Obj\FA #
#                    T_SetEndOfFile.o E:\proj\ARKN141\sw\xspace\proj\ARKN141_ #
#                    DEMO\Debug\Obj\FAT_VolumeLabel.o                         #
#                    E:\proj\ARKN141\sw\xspace\proj\ARKN141_DEMO\Debug\Obj\FA #
#                    T_Write.o E:\proj\ARKN141\sw\xspace\proj\ARKN141_DEMO\De #
#                    bug\Obj\FS_AddSpaceHex.o E:\proj\ARKN141\sw\xspace\proj\ #
#                    ARKN141_DEMO\Debug\Obj\FS_AssignCache.o                  #
#                    E:\proj\ARKN141\sw\xspace\proj\ARKN141_DEMO\Debug\Obj\FS #
#                    _Attrib.o E:\proj\ARKN141\sw\xspace\proj\ARKN141_DEMO\De #
#                    bug\Obj\FS_CLib.o E:\proj\ARKN141\sw\xspace\proj\ARKN141 #
#                    _DEMO\Debug\Obj\FS_CacheAll.o                            #
#                    E:\proj\ARKN141\sw\xspace\proj\ARKN141_DEMO\Debug\Obj\FS #
#                    _CacheMan.o E:\proj\ARKN141\sw\xspace\proj\ARKN141_DEMO\ #
#                    Debug\Obj\FS_CacheRW.o E:\proj\ARKN141\sw\xspace\proj\AR #
#                    KN141_DEMO\Debug\Obj\FS_CacheRWQuota.o                   #
#                    E:\proj\ARKN141\sw\xspace\proj\ARKN141_DEMO\Debug\Obj\FS #
#                    _CopyFile.o E:\proj\ARKN141\sw\xspace\proj\ARKN141_DEMO\ #
#                    Debug\Obj\FS_Core.o E:\proj\ARKN141\sw\xspace\proj\ARKN1 #
#                    41_DEMO\Debug\Obj\FS_CreateDir.o                         #
#                    E:\proj\ARKN141\sw\xspace\proj\ARKN141_DEMO\Debug\Obj\FS #
#                    _Dir.o E:\proj\ARKN141\sw\xspace\proj\ARKN141_DEMO\Debug #
#                    \Obj\FS_DirOld.o E:\proj\ARKN141\sw\xspace\proj\ARKN141_ #
#                    DEMO\Debug\Obj\FS_ErrorNo2Text.o                         #
#                    E:\proj\ARKN141\sw\xspace\proj\ARKN141_DEMO\Debug\Obj\FS #
#                    _ErrorOut.o E:\proj\ARKN141\sw\xspace\proj\ARKN141_DEMO\ #
#                    Debug\Obj\FS_FRead.o E:\proj\ARKN141\sw\xspace\proj\ARKN #
#                    141_DEMO\Debug\Obj\FS_FWrite.o                           #
#                    E:\proj\ARKN141\sw\xspace\proj\ARKN141_DEMO\Debug\Obj\FS #
#                    _Format.o E:\proj\ARKN141\sw\xspace\proj\ARKN141_DEMO\De #
#                    bug\Obj\FS_GetFilePos.o E:\proj\ARKN141\sw\xspace\proj\A #
#                    RKN141_DEMO\Debug\Obj\FS_GetFileSize.o                   #
#                    E:\proj\ARKN141\sw\xspace\proj\ARKN141_DEMO\Debug\Obj\FS #
#                    _GetNumFiles.o E:\proj\ARKN141\sw\xspace\proj\ARKN141_DE #
#                    MO\Debug\Obj\FS_GetNumOpenFiles.o                        #
#                    E:\proj\ARKN141\sw\xspace\proj\ARKN141_DEMO\Debug\Obj\FS #
#                    _Journal.o E:\proj\ARKN141\sw\xspace\proj\ARKN141_DEMO\D #
#                    ebug\Obj\FS_Log.o E:\proj\ARKN141\sw\xspace\proj\ARKN141 #
#                    _DEMO\Debug\Obj\FS_LogBlock.o                            #
#                    E:\proj\ARKN141\sw\xspace\proj\ARKN141_DEMO\Debug\Obj\FS #
#                    _LogVolume.o E:\proj\ARKN141\sw\xspace\proj\ARKN141_DEMO #
#                    \Debug\Obj\FS_Misc.o E:\proj\ARKN141\sw\xspace\proj\ARKN #
#                    141_DEMO\Debug\Obj\FS_Move.o                             #
#                    E:\proj\ARKN141\sw\xspace\proj\ARKN141_DEMO\Debug\Obj\FS #
#                    _OS.o E:\proj\ARKN141\sw\xspace\proj\ARKN141_DEMO\Debug\ #
#                    Obj\FS_OS_Interface.o E:\proj\ARKN141\sw\xspace\proj\ARK #
#                    N141_DEMO\Debug\Obj\FS_Partition.o                       #
#                    E:\proj\ARKN141\sw\xspace\proj\ARKN141_DEMO\Debug\Obj\FS #
#                    _Read.o E:\proj\ARKN141\sw\xspace\proj\ARKN141_DEMO\Debu #
#                    g\Obj\FS_Rename.o E:\proj\ARKN141\sw\xspace\proj\ARKN141 #
#                    _DEMO\Debug\Obj\FS_SetEndOfFile.o                        #
#                    E:\proj\ARKN141\sw\xspace\proj\ARKN141_DEMO\Debug\Obj\FS #
#                    _SetFilePos.o E:\proj\ARKN141\sw\xspace\proj\ARKN141_DEM #
#                    O\Debug\Obj\FS_Storage.o E:\proj\ARKN141\sw\xspace\proj\ #
#                    ARKN141_DEMO\Debug\Obj\FS_Time.o                         #
#                    E:\proj\ARKN141\sw\xspace\proj\ARKN141_DEMO\Debug\Obj\FS #
#                    _Truncate.o E:\proj\ARKN141\sw\xspace\proj\ARKN141_DEMO\ #
#                    Debug\Obj\FS_Unmount.o E:\proj\ARKN141\sw\xspace\proj\AR #
#                    KN141_DEMO\Debug\Obj\FS_Verify.o                         #
#                    E:\proj\ARKN141\sw\xspace\proj\ARKN141_DEMO\Debug\Obj\FS #
#                    _Volume.o E:\proj\ARKN141\sw\xspace\proj\ARKN141_DEMO\De #
#                    bug\Obj\FS_Warn.o E:\proj\ARKN141\sw\xspace\proj\ARKN141 #
#                    _DEMO\Debug\Obj\FS_Write.o E:\proj\ARKN141\sw\xspace\pro #
#                    j\ARKN141_DEMO\Debug\Obj\FS_X_Panic.o                    #
#                    E:\proj\ARKN141\sw\xspace\proj\ARKN141_DEMO\Debug\Obj\FS #
#                    __ECC256.o E:\proj\ARKN141\sw\xspace\proj\ARKN141_DEMO\D #
#                    ebug\Obj\FS_memcpy.o E:\proj\ARKN141\sw\xspace\proj\ARKN #
#                    141_DEMO\Debug\Obj\Gem_isp.o                             #
#                    E:\proj\ARKN141\sw\xspace\proj\ARKN141_DEMO\Debug\Obj\Ge #
#                    m_isp_ae.o E:\proj\ARKN141\sw\xspace\proj\ARKN141_DEMO\D #
#                    ebug\Obj\Gem_isp_awb.o E:\proj\ARKN141\sw\xspace\proj\AR #
#                    KN141_DEMO\Debug\Obj\Gem_isp_colors.o                    #
#                    E:\proj\ARKN141\sw\xspace\proj\ARKN141_DEMO\Debug\Obj\Ge #
#                    m_isp_config.o E:\proj\ARKN141\sw\xspace\proj\ARKN141_DE #
#                    MO\Debug\Obj\Gem_isp_debug.o                             #
#                    E:\proj\ARKN141\sw\xspace\proj\ARKN141_DEMO\Debug\Obj\Ge #
#                    m_isp_denoise.o E:\proj\ARKN141\sw\xspace\proj\ARKN141_D #
#                    EMO\Debug\Obj\Gem_isp_enhance.o                          #
#                    E:\proj\ARKN141\sw\xspace\proj\ARKN141_DEMO\Debug\Obj\Ge #
#                    m_isp_eris.o E:\proj\ARKN141\sw\xspace\proj\ARKN141_DEMO #
#                    \Debug\Obj\Gem_isp_fesp.o E:\proj\ARKN141\sw\xspace\proj #
#                    \ARKN141_DEMO\Debug\Obj\Gem_isp_io.o                     #
#                    E:\proj\ARKN141\sw\xspace\proj\ARKN141_DEMO\Debug\Obj\Ge #
#                    m_isp_sys.o E:\proj\ARKN141\sw\xspace\proj\ARKN141_DEMO\ #
#                    Debug\Obj\H264Cabac.o E:\proj\ARKN141\sw\xspace\proj\ARK #
#                    N141_DEMO\Debug\Obj\H264CodeFrame.o                      #
#                    E:\proj\ARKN141\sw\xspace\proj\ARKN141_DEMO\Debug\Obj\H2 #
#                    64DecTestBench.o E:\proj\ARKN141\sw\xspace\proj\ARKN141_ #
#                    DEMO\Debug\Obj\H264EncApi.o                              #
#                    E:\proj\ARKN141\sw\xspace\proj\ARKN141_DEMO\Debug\Obj\H2 #
#                    64Init.o E:\proj\ARKN141\sw\xspace\proj\ARKN141_DEMO\Deb #
#                    ug\Obj\H264Mad.o E:\proj\ARKN141\sw\xspace\proj\ARKN141_ #
#                    DEMO\Debug\Obj\H264NalUnit.o                             #
#                    E:\proj\ARKN141\sw\xspace\proj\ARKN141_DEMO\Debug\Obj\H2 #
#                    64PictureParameterSet.o E:\proj\ARKN141\sw\xspace\proj\A #
#                    RKN141_DEMO\Debug\Obj\H264PutBits.o                      #
#                    E:\proj\ARKN141\sw\xspace\proj\ARKN141_DEMO\Debug\Obj\H2 #
#                    64RateControl.o E:\proj\ARKN141\sw\xspace\proj\ARKN141_D #
#                    EMO\Debug\Obj\H264Sei.o E:\proj\ARKN141\sw\xspace\proj\A #
#                    RKN141_DEMO\Debug\Obj\H264SequenceParameterSet.o         #
#                    E:\proj\ARKN141\sw\xspace\proj\ARKN141_DEMO\Debug\Obj\H2 #
#                    64Slice.o E:\proj\ARKN141\sw\xspace\proj\ARKN141_DEMO\De #
#                    bug\Obj\H264TestBench.o E:\proj\ARKN141\sw\xspace\proj\A #
#                    RKN141_DEMO\Debug\Obj\H264TestId.o                       #
#                    E:\proj\ARKN141\sw\xspace\proj\ARKN141_DEMO\Debug\Obj\IO #
#                    .o E:\proj\ARKN141\sw\xspace\proj\ARKN141_DEMO\Debug\Obj #
#                    \InitSetting.o E:\proj\ARKN141\sw\xspace\proj\ARKN141_DE #
#                    MO\Debug\Obj\IntegrationTestRegister.o                   #
#                    E:\proj\ARKN141\sw\xspace\proj\ARKN141_DEMO\Debug\Obj\Jp #
#                    egEncApi.o E:\proj\ARKN141\sw\xspace\proj\ARKN141_DEMO\D #
#                    ebug\Obj\JpegEncTestBench.o                              #
#                    E:\proj\ARKN141\sw\xspace\proj\ARKN141_DEMO\Debug\Obj\Jp #
#                    egdectestbench.o E:\proj\ARKN141\sw\xspace\proj\ARKN141_ #
#                    DEMO\Debug\Obj\OS_Error.o E:\proj\ARKN141\sw\xspace\proj #
#                    \ARKN141_DEMO\Debug\Obj\SD_MMC1_Drive.o                  #
#                    E:\proj\ARKN141\sw\xspace\proj\ARKN141_DEMO\Debug\Obj\SD #
#                    _MMC_Drive.o E:\proj\ARKN141\sw\xspace\proj\ARKN141_DEMO #
#                    \Debug\Obj\SensorCommon.o E:\proj\ARKN141\sw\xspace\proj #
#                    \ARKN141_DEMO\Debug\Obj\SystemAPI.o                      #
#                    E:\proj\ARKN141\sw\xspace\proj\ARKN141_DEMO\Debug\Obj\Us #
#                    bRequest.o E:\proj\ARKN141\sw\xspace\proj\ARKN141_DEMO\D #
#                    ebug\Obj\UvcRequest.o E:\proj\ARKN141\sw\xspace\proj\ARK #
#                    N141_DEMO\Debug\Obj\UvcVideo.o                           #
#                    E:\proj\ARKN141\sw\xspace\proj\ARKN141_DEMO\Debug\Obj\Vi #
#                    deoFunction.o E:\proj\ARKN141\sw\xspace\proj\ARKN141_DEM #
#                    O\Debug\Obj\alert_view.o E:\proj\ARKN141\sw\xspace\proj\ #
#                    ARKN141_DEMO\Debug\Obj\ap0330.o                          #
#                    E:\proj\ARKN141\sw\xspace\proj\ARKN141_DEMO\Debug\Obj\ap #
#                    p_album.o E:\proj\ARKN141\sw\xspace\proj\ARKN141_DEMO\De #
#                    bug\Obj\app_albumlistview.o                              #
#                    E:\proj\ARKN141\sw\xspace\proj\ARKN141_DEMO\Debug\Obj\ap #
#                    p_albumview.o E:\proj\ARKN141\sw\xspace\proj\ARKN141_DEM #
#                    O\Debug\Obj\app_button.o E:\proj\ARKN141\sw\xspace\proj\ #
#                    ARKN141_DEMO\Debug\Obj\app_cardview.o                    #
#                    E:\proj\ARKN141\sw\xspace\proj\ARKN141_DEMO\Debug\Obj\ap #
#                    p_datetimesetting.o E:\proj\ARKN141\sw\xspace\proj\ARKN1 #
#                    41_DEMO\Debug\Obj\app_daynight.o                         #
#                    E:\proj\ARKN141\sw\xspace\proj\ARKN141_DEMO\Debug\Obj\ap #
#                    p_format.o E:\proj\ARKN141\sw\xspace\proj\ARKN141_DEMO\D #
#                    ebug\Obj\app_icon_library.o                              #
#                    E:\proj\ARKN141\sw\xspace\proj\ARKN141_DEMO\Debug\Obj\ap #
#                    p_init.o E:\proj\ARKN141\sw\xspace\proj\ARKN141_DEMO\Deb #
#                    ug\Obj\app_longtimedrivingmonitor.o                      #
#                    E:\proj\ARKN141\sw\xspace\proj\ARKN141_DEMO\Debug\Obj\ap #
#                    p_menudata.o E:\proj\ARKN141\sw\xspace\proj\ARKN141_DEMO #
#                    \Debug\Obj\app_menuid.o E:\proj\ARKN141\sw\xspace\proj\A #
#                    RKN141_DEMO\Debug\Obj\app_menuoptionview.o               #
#                    E:\proj\ARKN141\sw\xspace\proj\ARKN141_DEMO\Debug\Obj\ap #
#                    p_messageview.o E:\proj\ARKN141\sw\xspace\proj\ARKN141_D #
#                    EMO\Debug\Obj\app_okcancelview.o                         #
#                    E:\proj\ARKN141\sw\xspace\proj\ARKN141_DEMO\Debug\Obj\ap #
#                    p_onekey_photograph.o E:\proj\ARKN141\sw\xspace\proj\ARK #
#                    N141_DEMO\Debug\Obj\app_processview.o                    #
#                    E:\proj\ARKN141\sw\xspace\proj\ARKN141_DEMO\Debug\Obj\ap #
#                    p_recycleview.o E:\proj\ARKN141\sw\xspace\proj\ARKN141_D #
#                    EMO\Debug\Obj\app_romimage.o                             #
#                    E:\proj\ARKN141\sw\xspace\proj\ARKN141_DEMO\Debug\Obj\ap #
#                    p_settingview.o E:\proj\ARKN141\sw\xspace\proj\ARKN141_D #
#                    EMO\Debug\Obj\app_soundvolumeview.o                      #
#                    E:\proj\ARKN141\sw\xspace\proj\ARKN141_DEMO\Debug\Obj\ap #
#                    p_switch_button.o E:\proj\ARKN141\sw\xspace\proj\ARKN141 #
#                    _DEMO\Debug\Obj\app_systemsettingview.o                  #
#                    E:\proj\ARKN141\sw\xspace\proj\ARKN141_DEMO\Debug\Obj\ap #
#                    p_systemupdate.o E:\proj\ARKN141\sw\xspace\proj\ARKN141_ #
#                    DEMO\Debug\Obj\app_task.o E:\proj\ARKN141\sw\xspace\proj #
#                    \ARKN141_DEMO\Debug\Obj\app_time.o                       #
#                    E:\proj\ARKN141\sw\xspace\proj\ARKN141_DEMO\Debug\Obj\ap #
#                    p_titlebar.o E:\proj\ARKN141\sw\xspace\proj\ARKN141_DEMO #
#                    \Debug\Obj\app_video.o E:\proj\ARKN141\sw\xspace\proj\AR #
#                    KN141_DEMO\Debug\Obj\app_videolistview.o                 #
#                    E:\proj\ARKN141\sw\xspace\proj\ARKN141_DEMO\Debug\Obj\ap #
#                    p_videomenuview.o E:\proj\ARKN141\sw\xspace\proj\ARKN141 #
#                    _DEMO\Debug\Obj\app_videoplayview.o                      #
#                    E:\proj\ARKN141\sw\xspace\proj\ARKN141_DEMO\Debug\Obj\ap #
#                    p_videosettingview.o E:\proj\ARKN141\sw\xspace\proj\ARKN #
#                    141_DEMO\Debug\Obj\app_videoview.o                       #
#                    E:\proj\ARKN141\sw\xspace\proj\ARKN141_DEMO\Debug\Obj\ap #
#                    p_voice.o E:\proj\ARKN141\sw\xspace\proj\ARKN141_DEMO\De #
#                    bug\Obj\app_voiceassistantview.o                         #
#                    E:\proj\ARKN141\sw\xspace\proj\ARKN141_DEMO\Debug\Obj\ap #
#                    p_watermarklogoloadview.o E:\proj\ARKN141\sw\xspace\proj #
#                    \ARKN141_DEMO\Debug\Obj\app_watermarksettingview.o       #
#                    E:\proj\ARKN141\sw\xspace\proj\ARKN141_DEMO\Debug\Obj\ar #
#                    kn141_cmos_sensor_ar0330.o E:\proj\ARKN141\sw\xspace\pro #
#                    j\ARKN141_DEMO\Debug\Obj\arkn141_cmos_sensor_ar0330_io.o #
#                     E:\proj\ARKN141\sw\xspace\proj\ARKN141_DEMO\Debug\Obj\a #
#                    rkn141_cmos_sensor_imx322.o                              #
#                    E:\proj\ARKN141\sw\xspace\proj\ARKN141_DEMO\Debug\Obj\ar #
#                    kn141_cmos_sensor_imx322_io.o                            #
#                    E:\proj\ARKN141\sw\xspace\proj\ARKN141_DEMO\Debug\Obj\ar #
#                    kn141_cmos_sensor_ps1210k.o                              #
#                    E:\proj\ARKN141\sw\xspace\proj\ARKN141_DEMO\Debug\Obj\ar #
#                    kn141_cmos_sensor_ps1210k_io.o                           #
#                    E:\proj\ARKN141\sw\xspace\proj\ARKN141_DEMO\Debug\Obj\ar #
#                    kn141_codec.o E:\proj\ARKN141\sw\xspace\proj\ARKN141_DEM #
#                    O\Debug\Obj\arkn141_codec_test.o                         #
#                    E:\proj\ARKN141\sw\xspace\proj\ARKN141_DEMO\Debug\Obj\ar #
#                    kn141_h264_decoder.o E:\proj\ARKN141\sw\xspace\proj\ARKN #
#                    141_DEMO\Debug\Obj\arkn141_h264_encoder.o                #
#                    E:\proj\ARKN141\sw\xspace\proj\ARKN141_DEMO\Debug\Obj\ar #
#                    kn141_h264_encoder_test.o E:\proj\ARKN141\sw\xspace\proj #
#                    \ARKN141_DEMO\Debug\Obj\arkn141_isp_exposure.o           #
#                    E:\proj\ARKN141\sw\xspace\proj\ARKN141_DEMO\Debug\Obj\ar #
#                    kn141_isp_exposure_cmos.o E:\proj\ARKN141\sw\xspace\proj #
#                    \ARKN141_DEMO\Debug\Obj\arkn141_jpeg_encoder.o           #
#                    E:\proj\ARKN141\sw\xspace\proj\ARKN141_DEMO\Debug\Obj\ar #
#                    kn141_jpeg_test.o E:\proj\ARKN141\sw\xspace\proj\ARKN141 #
#                    _DEMO\Debug\Obj\arkn141_scale.o                          #
#                    E:\proj\ARKN141\sw\xspace\proj\ARKN141_DEMO\Debug\Obj\av #
#                    i_codec_task.o E:\proj\ARKN141\sw\xspace\proj\ARKN141_DE #
#                    MO\Debug\Obj\avio.o E:\proj\ARKN141\sw\xspace\proj\ARKN1 #
#                    41_DEMO\Debug\Obj\bqueue.o E:\proj\ARKN141\sw\xspace\pro #
#                    j\ARKN141_DEMO\Debug\Obj\calender.o                      #
#                    E:\proj\ARKN141\sw\xspace\proj\ARKN141_DEMO\Debug\Obj\ca #
#                    mera_task.o E:\proj\ARKN141\sw\xspace\proj\ARKN141_DEMO\ #
#                    Debug\Obj\clock.o E:\proj\ARKN141\sw\xspace\proj\ARKN141 #
#                    _DEMO\Debug\Obj\common_chardef.o                         #
#                    E:\proj\ARKN141\sw\xspace\proj\ARKN141_DEMO\Debug\Obj\co #
#                    mmon_chartype.o E:\proj\ARKN141\sw\xspace\proj\ARKN141_D #
#                    EMO\Debug\Obj\common_rbtr.o                              #
#                    E:\proj\ARKN141\sw\xspace\proj\ARKN141_DEMO\Debug\Obj\co #
#                    mmon_string.o E:\proj\ARKN141\sw\xspace\proj\ARKN141_DEM #
#                    O\Debug\Obj\common_wstring.o                             #
#                    E:\proj\ARKN141\sw\xspace\proj\ARKN141_DEMO\Debug\Obj\co #
#                    rtex_a5_board_cstartup_iar.o                             #
#                    E:\proj\ARKN141\sw\xspace\proj\ARKN141_DEMO\Debug\Obj\co #
#                    rtex_a5_cp15.o E:\proj\ARKN141\sw\xspace\proj\ARKN141_DE #
#                    MO\Debug\Obj\cortex_a5_cp15_asm_iar.o                    #
#                    E:\proj\ARKN141\sw\xspace\proj\ARKN141_DEMO\Debug\Obj\co #
#                    rtex_a5_mmu.o E:\proj\ARKN141\sw\xspace\proj\ARKN141_DEM #
#                    O\Debug\Obj\crc16.o E:\proj\ARKN141\sw\xspace\proj\ARKN1 #
#                    41_DEMO\Debug\Obj\csc.o E:\proj\ARKN141\sw\xspace\proj\A #
#                    RKN141_DEMO\Debug\Obj\descript.o                         #
#                    E:\proj\ARKN141\sw\xspace\proj\ARKN141_DEMO\Debug\Obj\de #
#                    script_def.o E:\proj\ARKN141\sw\xspace\proj\ARKN141_DEMO #
#                    \Debug\Obj\desktop.o E:\proj\ARKN141\sw\xspace\proj\ARKN #
#                    141_DEMO\Debug\Obj\dma.o E:\proj\ARKN141\sw\xspace\proj\ #
#                    ARKN141_DEMO\Debug\Obj\dwl_iar.o                         #
#                    E:\proj\ARKN141\sw\xspace\proj\ARKN141_DEMO\Debug\Obj\dw #
#                    l_x170_iar_no_drv.o E:\proj\ARKN141\sw\xspace\proj\ARKN1 #
#                    41_DEMO\Debug\Obj\encasiccontroller.o                    #
#                    E:\proj\ARKN141\sw\xspace\proj\ARKN141_DEMO\Debug\Obj\en #
#                    casiccontroller_v2.o E:\proj\ARKN141\sw\xspace\proj\ARKN #
#                    141_DEMO\Debug\Obj\encpreprocess.o                       #
#                    E:\proj\ARKN141\sw\xspace\proj\ARKN141_DEMO\Debug\Obj\ew #
#                    l_x280_common.o E:\proj\ARKN141\sw\xspace\proj\ARKN141_D #
#                    EMO\Debug\Obj\ewl_x280_polling.o                         #
#                    E:\proj\ARKN141\sw\xspace\proj\ARKN141_DEMO\Debug\Obj\ex #
#                    ception_dump.o E:\proj\ARKN141\sw\xspace\proj\ARKN141_DE #
#                    MO\Debug\Obj\fs_sd1_test.o E:\proj\ARKN141\sw\xspace\pro #
#                    j\ARKN141_DEMO\Debug\Obj\fs_sd_test.o                    #
#                    E:\proj\ARKN141\sw\xspace\proj\ARKN141_DEMO\Debug\Obj\gi #
#                    f.o E:\proj\ARKN141\sw\xspace\proj\ARKN141_DEMO\Debug\Ob #
#                    j\globaldata.o E:\proj\ARKN141\sw\xspace\proj\ARKN141_DE #
#                    MO\Debug\Obj\globalfunc.o E:\proj\ARKN141\sw\xspace\proj #
#                    \ARKN141_DEMO\Debug\Obj\gpio.o                           #
#                    E:\proj\ARKN141\sw\xspace\proj\ARKN141_DEMO\Debug\Obj\gp #
#                    io_function.o E:\proj\ARKN141\sw\xspace\proj\ARKN141_DEM #
#                    O\Debug\Obj\gpioi2c.o E:\proj\ARKN141\sw\xspace\proj\ARK #
#                    N141_DEMO\Debug\Obj\h264_pp_pipeline.o                   #
#                    E:\proj\ARKN141\sw\xspace\proj\ARKN141_DEMO\Debug\Obj\h2 #
#                    64decapi.o E:\proj\ARKN141\sw\xspace\proj\ARKN141_DEMO\D #
#                    ebug\Obj\h264decapi_e.o E:\proj\ARKN141\sw\xspace\proj\A #
#                    RKN141_DEMO\Debug\Obj\h264encapi_ext.o                   #
#                    E:\proj\ARKN141\sw\xspace\proj\ARKN141_DEMO\Debug\Obj\h2 #
#                    64hwd_asic.o E:\proj\ARKN141\sw\xspace\proj\ARKN141_DEMO #
#                    \Debug\Obj\h264hwd_byte_stream.o                         #
#                    E:\proj\ARKN141\sw\xspace\proj\ARKN141_DEMO\Debug\Obj\h2 #
#                    64hwd_cabac.o E:\proj\ARKN141\sw\xspace\proj\ARKN141_DEM #
#                    O\Debug\Obj\h264hwd_cavlc.o                              #
#                    E:\proj\ARKN141\sw\xspace\proj\ARKN141_DEMO\Debug\Obj\h2 #
#                    64hwd_conceal.o E:\proj\ARKN141\sw\xspace\proj\ARKN141_D #
#                    EMO\Debug\Obj\h264hwd_decoder.o                          #
#                    E:\proj\ARKN141\sw\xspace\proj\ARKN141_DEMO\Debug\Obj\h2 #
#                    64hwd_dpb.o E:\proj\ARKN141\sw\xspace\proj\ARKN141_DEMO\ #
#                    Debug\Obj\h264hwd_inter_prediction.o                     #
#                    E:\proj\ARKN141\sw\xspace\proj\ARKN141_DEMO\Debug\Obj\h2 #
#                    64hwd_intra_prediction.o E:\proj\ARKN141\sw\xspace\proj\ #
#                    ARKN141_DEMO\Debug\Obj\h264hwd_macroblock_layer.o        #
#                    E:\proj\ARKN141\sw\xspace\proj\ARKN141_DEMO\Debug\Obj\h2 #
#                    64hwd_nal_unit.o E:\proj\ARKN141\sw\xspace\proj\ARKN141_ #
#                    DEMO\Debug\Obj\h264hwd_neighbour.o                       #
#                    E:\proj\ARKN141\sw\xspace\proj\ARKN141_DEMO\Debug\Obj\h2 #
#                    64hwd_pic_order_cnt.o E:\proj\ARKN141\sw\xspace\proj\ARK #
#                    N141_DEMO\Debug\Obj\h264hwd_pic_param_set.o              #
#                    E:\proj\ARKN141\sw\xspace\proj\ARKN141_DEMO\Debug\Obj\h2 #
#                    64hwd_seq_param_set.o E:\proj\ARKN141\sw\xspace\proj\ARK #
#                    N141_DEMO\Debug\Obj\h264hwd_slice_data.o                 #
#                    E:\proj\ARKN141\sw\xspace\proj\ARKN141_DEMO\Debug\Obj\h2 #
#                    64hwd_slice_group_map.o E:\proj\ARKN141\sw\xspace\proj\A #
#                    RKN141_DEMO\Debug\Obj\h264hwd_slice_header.o             #
#                    E:\proj\ARKN141\sw\xspace\proj\ARKN141_DEMO\Debug\Obj\h2 #
#                    64hwd_storage.o E:\proj\ARKN141\sw\xspace\proj\ARKN141_D #
#                    EMO\Debug\Obj\h264hwd_stream.o                           #
#                    E:\proj\ARKN141\sw\xspace\proj\ARKN141_DEMO\Debug\Obj\h2 #
#                    64hwd_util.o E:\proj\ARKN141\sw\xspace\proj\ARKN141_DEMO #
#                    \Debug\Obj\h264hwd_vlc.o E:\proj\ARKN141\sw\xspace\proj\ #
#                    ARKN141_DEMO\Debug\Obj\h264hwd_vui.o                     #
#                    E:\proj\ARKN141\sw\xspace\proj\ARKN141_DEMO\Debug\Obj\ha #
#                    rdtimer_task.o E:\proj\ARKN141\sw\xspace\proj\ARKN141_DE #
#                    MO\Debug\Obj\hdmi.o E:\proj\ARKN141\sw\xspace\proj\ARKN1 #
#                    41_DEMO\Debug\Obj\hdmi_i2c.o                             #
#                    E:\proj\ARKN141\sw\xspace\proj\ARKN141_DEMO\Debug\Obj\hd #
#                    mi_main.o E:\proj\ARKN141\sw\xspace\proj\ARKN141_DEMO\De #
#                    bug\Obj\hdmitx_drv.o E:\proj\ARKN141\sw\xspace\proj\ARKN #
#                    141_DEMO\Debug\Obj\hdmitx_hdcp.o                         #
#                    E:\proj\ARKN141\sw\xspace\proj\ARKN141_DEMO\Debug\Obj\hd #
#                    mitx_input.o E:\proj\ARKN141\sw\xspace\proj\ARKN141_DEMO #
#                    \Debug\Obj\hdmitx_sys.o E:\proj\ARKN141\sw\xspace\proj\A #
#                    RKN141_DEMO\Debug\Obj\hw_osd_layer_iar.o                 #
#                    E:\proj\ARKN141\sw\xspace\proj\ARKN141_DEMO\Debug\Obj\hx #
#                    170dec.o E:\proj\ARKN141\sw\xspace\proj\ARKN141_DEMO\Deb #
#                    ug\Obj\hx280enc.o E:\proj\ARKN141\sw\xspace\proj\ARKN141 #
#                    _DEMO\Debug\Obj\imx322.o E:\proj\ARKN141\sw\xspace\proj\ #
#                    ARKN141_DEMO\Debug\Obj\interrupt.o                       #
#                    E:\proj\ARKN141\sw\xspace\proj\ARKN141_DEMO\Debug\Obj\ir #
#                    q.o E:\proj\ARKN141\sw\xspace\proj\ARKN141_DEMO\Debug\Ob #
#                    j\jpeg_task.o E:\proj\ARKN141\sw\xspace\proj\ARKN141_DEM #
#                    O\Debug\Obj\jpegdecapi.o E:\proj\ARKN141\sw\xspace\proj\ #
#                    ARKN141_DEMO\Debug\Obj\jpegdechdrs.o                     #
#                    E:\proj\ARKN141\sw\xspace\proj\ARKN141_DEMO\Debug\Obj\jp #
#                    egdecinternal.o E:\proj\ARKN141\sw\xspace\proj\ARKN141_D #
#                    EMO\Debug\Obj\jpegdecscan.o                              #
#                    E:\proj\ARKN141\sw\xspace\proj\ARKN141_DEMO\Debug\Obj\jp #
#                    egdecutils.o E:\proj\ARKN141\sw\xspace\proj\ARKN141_DEMO #
#                    \Debug\Obj\lcd.o E:\proj\ARKN141\sw\xspace\proj\ARKN141_ #
#                    DEMO\Debug\Obj\lcdc_rgb.o E:\proj\ARKN141\sw\xspace\proj #
#                    \ARKN141_DEMO\Debug\Obj\main.o                           #
#                    E:\proj\ARKN141\sw\xspace\proj\ARKN141_DEMO\Debug\Obj\me #
#                    ssage_task.o E:\proj\ARKN141\sw\xspace\proj\ARKN141_DEMO #
#                    \Debug\Obj\on2_TestBench.o E:\proj\ARKN141\sw\xspace\pro #
#                    j\ARKN141_DEMO\Debug\Obj\pc_main.o                       #
#                    E:\proj\ARKN141\sw\xspace\proj\ARKN141_DEMO\Debug\Obj\ps #
#                    1210k.o E:\proj\ARKN141\sw\xspace\proj\ARKN141_DEMO\Debu #
#                    g\Obj\pwm.o E:\proj\ARKN141\sw\xspace\proj\ARKN141_DEMO\ #
#                    Debug\Obj\queue.o E:\proj\ARKN141\sw\xspace\proj\ARKN141 #
#                    _DEMO\Debug\Obj\recycle_video_alert_view.o               #
#                    E:\proj\ARKN141\sw\xspace\proj\ARKN141_DEMO\Debug\Obj\re #
#                    cycle_video_graph_view.o E:\proj\ARKN141\sw\xspace\proj\ #
#                    ARKN141_DEMO\Debug\Obj\refbuffer.o                       #
#                    E:\proj\ARKN141\sw\xspace\proj\ARKN141_DEMO\Debug\Obj\re #
#                    gdrv.o E:\proj\ARKN141\sw\xspace\proj\ARKN141_DEMO\Debug #
#                    \Obj\rtc.o E:\proj\ARKN141\sw\xspace\proj\ARKN141_DEMO\D #
#                    ebug\Obj\rtosinit.o E:\proj\ARKN141\sw\xspace\proj\ARKN1 #
#                    41_DEMO\Debug\Obj\sdmmc.o E:\proj\ARKN141\sw\xspace\proj #
#                    \ARKN141_DEMO\Debug\Obj\sensor_task.o                    #
#                    E:\proj\ARKN141\sw\xspace\proj\ARKN141_DEMO\Debug\Obj\se #
#                    nsorlib.o E:\proj\ARKN141\sw\xspace\proj\ARKN141_DEMO\De #
#                    bug\Obj\sha1.o E:\proj\ARKN141\sw\xspace\proj\ARKN141_DE #
#                    MO\Debug\Obj\srgb.o E:\proj\ARKN141\sw\xspace\proj\ARKN1 #
#                    41_DEMO\Debug\Obj\ssi.o E:\proj\ARKN141\sw\xspace\proj\A #
#                    RKN141_DEMO\Debug\Obj\system_check.o                     #
#                    E:\proj\ARKN141\sw\xspace\proj\ARKN141_DEMO\Debug\Obj\ta #
#                    rget.o E:\proj\ARKN141\sw\xspace\proj\ARKN141_DEMO\Debug #
#                    \Obj\target_ucosii.o E:\proj\ARKN141\sw\xspace\proj\ARKN #
#                    141_DEMO\Debug\Obj\tiledref.o                            #
#                    E:\proj\ARKN141\sw\xspace\proj\ARKN141_DEMO\Debug\Obj\ti #
#                    mer.o E:\proj\ARKN141\sw\xspace\proj\ARKN141_DEMO\Debug\ #
#                    Obj\uart.o E:\proj\ARKN141\sw\xspace\proj\ARKN141_DEMO\D #
#                    ebug\Obj\ucFS_Version.o E:\proj\ARKN141\sw\xspace\proj\A #
#                    RKN141_DEMO\Debug\Obj\vidstabalg.o                       #
#                    E:\proj\ARKN141\sw\xspace\proj\ARKN141_DEMO\Debug\Obj\vi #
#                    dstabapi.o E:\proj\ARKN141\sw\xspace\proj\ARKN141_DEMO\D #
#                    ebug\Obj\vidstabcommon.o E:\proj\ARKN141\sw\xspace\proj\ #
#                    ARKN141_DEMO\Debug\Obj\vidstabinternal.o                 #
#                    E:\proj\ARKN141\sw\xspace\proj\ARKN141_DEMO\Debug\Obj\wd #
#                    t.o E:\proj\ARKN141\sw\xspace\proj\ARKN141_DEMO\Debug\Ob #
#                    j\workaround.o E:\proj\ARKN141\sw\xspace\proj\ARKN141_DE #
#                    MO\Debug\Obj\xm_adc.o E:\proj\ARKN141\sw\xspace\proj\ARK #
#                    N141_DEMO\Debug\Obj\xm_argb32bpp_drv.o                   #
#                    E:\proj\ARKN141\sw\xspace\proj\ARKN141_DEMO\Debug\Obj\xm #
#                    _canvas.o E:\proj\ARKN141\sw\xspace\proj\ARKN141_DEMO\De #
#                    bug\Obj\xm_core_file.o E:\proj\ARKN141\sw\xspace\proj\AR #
#                    KN141_DEMO\Debug\Obj\xm_core_linear_memory.o             #
#                    E:\proj\ARKN141\sw\xspace\proj\ARKN141_DEMO\Debug\Obj\xm #
#                    _fb_argb454_drv.o E:\proj\ARKN141\sw\xspace\proj\ARKN141 #
#                    _DEMO\Debug\Obj\xm_fb_argb888_drv.o                      #
#                    E:\proj\ARKN141\sw\xspace\proj\ARKN141_DEMO\Debug\Obj\xm #
#                    _fb_drv.o E:\proj\ARKN141\sw\xspace\proj\ARKN141_DEMO\De #
#                    bug\Obj\xm_fb_rgb565_drv.o E:\proj\ARKN141\sw\xspace\pro #
#                    j\ARKN141_DEMO\Debug\Obj\xm_file.o                       #
#                    E:\proj\ARKN141\sw\xspace\proj\ARKN141_DEMO\Debug\Obj\xm #
#                    _gdi_graph.o E:\proj\ARKN141\sw\xspace\proj\ARKN141_DEMO #
#                    \Debug\Obj\xm_gdi_image.o E:\proj\ARKN141\sw\xspace\proj #
#                    \ARKN141_DEMO\Debug\Obj\xm_gdi_rom_image.o               #
#                    E:\proj\ARKN141\sw\xspace\proj\ARKN141_DEMO\Debug\Obj\xm #
#                    _h264_cache_command_queue.o                              #
#                    E:\proj\ARKN141\sw\xspace\proj\ARKN141_DEMO\Debug\Obj\xm #
#                    _h264_cache_file.o E:\proj\ARKN141\sw\xspace\proj\ARKN14 #
#                    1_DEMO\Debug\Obj\xm_h264_file.o                          #
#                    E:\proj\ARKN141\sw\xspace\proj\ARKN141_DEMO\Debug\Obj\xm #
#                    _i2c.o E:\proj\ARKN141\sw\xspace\proj\ARKN141_DEMO\Debug #
#                    \Obj\xm_icon_manage.o E:\proj\ARKN141\sw\xspace\proj\ARK #
#                    N141_DEMO\Debug\Obj\xm_iisadc.o                          #
#                    E:\proj\ARKN141\sw\xspace\proj\ARKN141_DEMO\Debug\Obj\xm #
#                    _isp_scalar.o E:\proj\ARKN141\sw\xspace\proj\ARKN141_DEM #
#                    O\Debug\Obj\xm_kbd_drv.o E:\proj\ARKN141\sw\xspace\proj\ #
#                    ARKN141_DEMO\Debug\Obj\xm_osd_framebuffer.o              #
#                    E:\proj\ARKN141\sw\xspace\proj\ARKN141_DEMO\Debug\Obj\xm #
#                    _osd_framebuffer_config.o E:\proj\ARKN141\sw\xspace\proj #
#                    \ARKN141_DEMO\Debug\Obj\xm_osd_layer.o                   #
#                    E:\proj\ARKN141\sw\xspace\proj\ARKN141_DEMO\Debug\Obj\xm #
#                    _osd_layer_animate.o E:\proj\ARKN141\sw\xspace\proj\ARKN #
#                    141_DEMO\Debug\Obj\xm_osd_layer_gif.o                    #
#                    E:\proj\ARKN141\sw\xspace\proj\ARKN141_DEMO\Debug\Obj\xm #
#                    _power.o E:\proj\ARKN141\sw\xspace\proj\ARKN141_DEMO\Deb #
#                    ug\Obj\xm_recycle.o E:\proj\ARKN141\sw\xspace\proj\ARKN1 #
#                    41_DEMO\Debug\Obj\xm_rgb16bpp_drv.o                      #
#                    E:\proj\ARKN141\sw\xspace\proj\ARKN141_DEMO\Debug\Obj\xm #
#                    _semaphore.o E:\proj\ARKN141\sw\xspace\proj\ARKN141_DEMO #
#                    \Debug\Obj\xm_time_drv.o E:\proj\ARKN141\sw\xspace\proj\ #
#                    ARKN141_DEMO\Debug\Obj\xm_uart.o                         #
#                    E:\proj\ARKN141\sw\xspace\proj\ARKN141_DEMO\Debug\Obj\xm #
#                    _uart_drv.o E:\proj\ARKN141\sw\xspace\proj\ARKN141_DEMO\ #
#                    Debug\Obj\xm_uart_socket.o E:\proj\ARKN141\sw\xspace\pro #
#                    j\ARKN141_DEMO\Debug\Obj\xm_video_task.o                 #
#                    E:\proj\ARKN141\sw\xspace\proj\ARKN141_DEMO\Debug\Obj\xm #
#                    _win_base.o E:\proj\ARKN141\sw\xspace\proj\ARKN141_DEMO\ #
#                    Debug\Obj\xm_win_gdi.o E:\proj\ARKN141\sw\xspace\proj\AR #
#                    KN141_DEMO\Debug\Obj\xm_win_main.o                       #
#                    E:\proj\ARKN141\sw\xspace\proj\ARKN141_DEMO\Debug\Obj\xm #
#                    _win_mem.o E:\proj\ARKN141\sw\xspace\proj\ARKN141_DEMO\D #
#                    ebug\Obj\xm_win_user.o E:\proj\ARKN141\sw\xspace\proj\AR #
#                    KN141_DEMO\Debug\Obj\xm_win_widget.o                     #
#                    E:\proj\ARKN141\sw\xspace\proj\ARKN141_DEMO\Debug\Obj\xm #
#                    _xml.o E:\proj\ARKN141\sw\xspace\proj\ARKN141_DEMO\Debug #
#                    \Obj\xmvideoitem.o -o E:\proj\ARKN141\sw\xspace\proj\ARK #
#                    N141_DEMO\Debug\Exe\ARKN141_DEMO.out --map               #
#                    E:\proj\ARKN141\sw\xspace\proj\ARKN141_DEMO\Debug\List\A #
#                    RKN141_DEMO.map --config E:\proj\ARKN141\sw\xspace\proj\ #
#                    ARKN141_DEMO\ark1960.icf --image_input=E:\proj\ARKN141\s #
#                    w\xspace\proj\ARKN141_DEMO\..\..\rtos\core\rom.bin,      #
#                    _ROM_BIN_,_ROM_SECTION_,32 E:\proj\ARKN141\sw\xspace\pro #
#                    j\ARKN141_DEMO\..\..\hwlib\libavcodec.a                  #
#                    E:\proj\ARKN141\sw\xspace\proj\ARKN141_DEMO\..\..\hwlib\ #
#                    libavformat.a E:\proj\ARKN141\sw\xspace\proj\ARKN141_DEM #
#                    O\..\..\hwlib\libavutil.a --entry __iar_program_start    #
#                                                                             #
#                                                                             #
###############################################################################

*******************************************************************************
*** MESSAGES
***

Warning[Lt017]: Old abi version used in g729_dec.o(speech_decoder_thumb.a) and
          25 other objects
Warning[Lt009]: Inconsistent wchar_t size
          E:\proj\ARKN141\sw\xspace\proj\ARKN141_DEMO\Debug\Obj\AudioFunction.o
                    and 514 other objects has wchar_t size 16 bits
          tachograph.o(libavformat.a) and 50 other objects has wchar_t size 32
                    bits
Warning[Lt010]: Inconsistent enum container size
          E:\proj\ARKN141\sw\xspace\proj\ARKN141_DEMO\Debug\Obj\EncJpeg.o and
                    145 other objects uses smallest possible
          tachograph.o(libavformat.a) and 50 other objects uses word size


*******************************************************************************
*** RUNTIME MODEL ATTRIBUTES
***

CppFlavor                   = *
__CPP_Exceptions            = *
__CPP_Language              = C++
__SystemLibrary             = DLib
__dlib_iterator_debugging   = 0
__dlib_jmp_buf_num_elements = 8
__iar_jmp_buf_elem_needed   = 8


*******************************************************************************
*** PLACEMENT SUMMARY
***

"A1":  place at 0x80000000 { ro section .intvec };
"P1":  place in [from 0x80000080 to 0x802fffff] { ro };
"P2":  place in [from 0x80300000 to 0x83ffffff] {
          rw, block CSTACK, block SVC_STACK, block IRQ_STACK, block FIQ_STACK,
          block UND_STACK, block ABT_STACK, block HEAP };

  Section                 Kind        Address       Size  Object
  -------                 ----        -------       ----  ------
"A1":                                               0x40
  .intvec                 ro code  0x80000000       0x40  cortex_a5_board_cstartup_iar.o [1]
                                 - 0x80000040       0x40

"P1":                                           0x1e5d6c
  _ROM_SECTION_                    0x80000080    0xd0995  <Block>
    _ROM_SECTION_         const    0x80000080    0xd0995  rom.bin [2]
  .text                   ro code  0x800d0a20     0xb930  utils.o [6]
  .text                   ro code  0x800dc350       0x24  strspn.o [4]
  .text                   ro code  0x800dc380      0xb20  mem.o [7]
  .text                   ro code  0x800dcea0       0x54  strlen.o [11]
  .text                   ro code  0x800dcef4       0x74  strcmp.o [11]
  .text                   ro code  0x800dcf68       0x14  xmvideoitem.o [1]
  .text                   ro code  0x800dcf80      0x710  log.o [7]
  .text                   ro code  0x800dd690        0xa  strtol.o [4]
  .text                   ro code  0x800dd69a        0xa  abort.o [4]
  .text                   ro code  0x800dd6a4       0x30  S32ToDbl.o [9]
  .text                   ro code  0x800dd6d4      0x38c  DblDiv.o [9]
  .text                   ro code  0x800dda60      0x204  DblMul.o [9]
  .text                   ro code  0x800ddc64       0x14  DblLogGt.o [11]
  .text                   ro code  0x800ddc80      0xab0  rational.o [7]
  .text                   ro code  0x800de730      0x1ec  DblSub.o [9]
  .text                   ro code  0x800de920      0xac0  avpacket.o [5]
  .text                   ro code  0x800df3e0      0xf30  parseutils.o [7]
  .text                   ro code  0x800e0310       0x20  strchr.o [11]
  .text                   ro code  0x800e0330      0x680  avstring.o [7]
  Veneer                  ro code  0x800e09b0        0x8  - Linker created -
  .text                   ro code  0x800e09b8        0x4  xmvideoitem.o [1]
  Veneer                  ro code  0x800e09bc        0x8  - Linker created -
  .text                   ro code  0x800e09c4        0x4  xmvideoitem.o [1]
  .text                   ro code  0x800e09d0      0x900  mathematics.o [7]
  .text                   ro code  0x800e12d0     0x1b90  mux.o [6]
  .text                   ro code  0x800e2e60       0x3c  vsnprint.o [4]
  .text                   ro code  0x800e2ea0     0x6010  utils.o [5]
  .text                   ro code  0x800e8eb0      0x1a8  I32DivMod.o [11]
  Veneer                  ro code  0x800e9058        0x8  - Linker created -
  Veneer                  ro code  0x800e9060        0x8  - Linker created -
  .text                   ro code  0x800e9068      0x180  avio.o [1]
  .text                   ro code  0x800e91e8       0x48  snprintf.o [4]
  .text                   ro code  0x800e9230       0x80  time.o [7]
  .text                   ro code  0x800e92b0      0x184  I64DivMod.o [11]
  .text                   ro code  0x800e9440      0x4d0  dict.o [7]
  .text                   ro code  0x800e9910       0x24  strcspn.o [4]
  .text                   ro code  0x800e9934       0xac  DblToFlt.o [9]
  .text                   ro code  0x800e99e0       0x40  lrintf.o [9]
  .text                   ro code  0x800e9a20       0x5c  S64ToDbl.o [11]
  .text                   ro code  0x800e9a80      0x470  options.o [5]
  .text                   ro code  0x800e9ef0      0xc60  parser.o [5]
  .text                   ro code  0x800eab50     0x3b00  opt.o [7]
  .text                   ro code  0x800ee650     0x3560  aviobuf.o [6]
  .text                   ro code  0x800f1bb0       0x14  memmove.o [11]
  .text                   ro code  0x800f1bd0      0x6a0  buffer.o [7]
  .text                   ro code  0x800f2270       0x14  DblLogGe.o [11]
  .text                   ro code  0x800f2284       0x14  DblLogLe.o [11]
  .text                   ro code  0x800f2298       0x60  DblToS32.o [9]
  .text                   ro code  0x800f22f8       0x70  I64ToFlt.o [11]
  .text                   ro code  0x800f2368      0x1c0  FltDiv.o [9]
  .text                   ro code  0x800f2528       0x64  FltToDbl.o [9]
  .text                   ro code  0x800f2590     0x1360  id3v2.o [6]
  .text                   ro code  0x800f38f0       0x24  xmvideoitem.o [1]
  .text                   ro code  0x800f3920      0x100  codec_desc.o [5]
  .text                   ro code  0x800f3a20     0x1060  tachograph.o [6]
  .text                   ro code  0x800f4a80      0xbd0  avio.o [6]
  .text.unlikely          ro code  0x800f5650      0x110  utils.o [5]
  .text                   ro code  0x800f5760       0x14  DblLogLt.o [11]
  .text                   ro code  0x800f5780       0x30  raw.o [5]
  .text                   ro code  0x800f57b0      0x670  rawdec.o [5]
  .text                   ro code  0x800f5e20       0x4c  llrint.o [9]
  .text                   ro code  0x800f5e6c      0x140  DblAdd.o [9]
  .text                   ro code  0x800f5fb0      0x150  options.o [6]
  .text                   ro code  0x800f6100     0x1514  dlmalloc.o [4]
  .text                   ro code  0x800f7614       0xd4  ABImemcpy.o [11]
  .text                   ro code  0x800f76e8       0x48  getenv.o [4]
  .text                   ro code  0x800f7730       0x68  strcpy.o [11]
  .text                   ro code  0x800f7798       0x9c  xstol.o [4]
  .text                   ro code  0x800f7834       0x14  XXexit.o [11]
  .text                   ro code  0x800f7848       0x38  DblCmpGe.o [9]
  .text                   ro code  0x800f7880        0xa  log.o [9]
  .constdata              const    0x800f788a       0x62  rom_table.o [13]
  .text                   ro code  0x800f78ec       0x14  DblLogEq.o [11]
  .text                   ro code  0x800f7900       0x10  random_seed.o [7]
  .text                   ro code  0x800f7910       0x30  strncmp.o [4]
  .text                   ro code  0x800f7940        0x8  strtoul.o [4]
  .text                   ro code  0x800f7948        0xc  U32ToDbl.o [9]
  .text                   ro code  0x800f7954       0x3c  DblToU32.o [9]
  .text                   ro code  0x800f7990        0xa  strtod.o [9]
  .text                   ro code  0x800f799a       0x3e  bsearch.o [4]
  .text                   ro code  0x800f79e0     0x1ea0  eval.o [7]
  .text                   ro code  0x800f9880        0xe  time.o [4]
  .text                   ro code  0x800f988e        0xe  gmtime.o [4]
  .text                   ro code  0x800f989c       0xe8  mktime.o [4]
  .text                   ro code  0x800f9984       0xc0  localtim.o [4]
  .text                   ro code  0x800f9a50      0x9f0  bprint.o [7]
  .text                   ro code  0x800fa440       0x74  memcmp.o [11]
  .text                   ro code  0x800fa4b4       0x2e  strstr.o [4]
  .text                   ro code  0x800fa4e2       0x1a  strrchr.o [4]
  .text                   ro code  0x800fa4fc      0xe2e  xprintffull.o [4]
  .text                   ro code  0x800fb330     0x10f0  frame.o [7]
  .text                   ro code  0x800fc420      0xe50  pixdesc.o [7]
  .text                   ro code  0x800fd270     0x1180  imgutils.o [7]
  .text                   ro code  0x800fe3f0      0x710  channel_layout.o [7]
  .text                   ro code  0x800feb00      0x820  samplefmt.o [7]
  .text                   ro code  0x800ff320      0x230  utils.o [7]
  .text                   ro code  0x800ff550        0x4  IntDivZer.o [11]
  .text                   ro code  0x800ff554       0x24  printf.o [4]
  .text                   ro code  0x800ff578       0x1c  vsscanf.o [4]
  .text                   ro code  0x800ff594       0x98  rand.o [4]
  .text                   ro code  0x800ff62c        0x4  I64DivZer.o [11]
  .text                   ro code  0x800ff630       0x1c  nearbyintf.o [9]
  .text                   ro code  0x800ff64c       0x2c  FltCmpGe.o [9]
  .text                   ro code  0x800ff678       0x2c  FltCmpLe.o [9]
  .text                   ro code  0x800ff6a4       0x58  FltToS32.o [9]
  .text                   ro code  0x800ff6fc       0x10  errno.o [4]
  .text                   ro code  0x800ff70c       0xb8  DblToS64.o [11]
  .text                   ro code  0x800ff7d0       0x80  error.o [7]
  .text                   ro code  0x800ff850      0x2c0  crc.o [7]
  .text                   ro code  0x800ffb10       0xd4  ABImemmove.o [11]
  .text                   ro code  0x800ffbe4       0x38  DblCmpLe.o [9]
  .text                   ro code  0x800ffc20      0x410  metadata.o [6]
  .text                   ro code  0x80100030       0x78  ABImemset.o [11]
  .text                   ro code  0x801000a8       0x31  puts.o [4]
  .text                   ro code  0x801000e0       0x60  allformats.o [6]
  .text                   ro code  0x80100140     0x27c4  xm_osd_layer.o [1]
  .text                   ro code  0x80102904     0x1b64  avi_codec_task.o [1]
  .text                   ro code  0x80104468       0x18  xm_iisadc.o [1]
  .text                   ro code  0x80104480     0x1784  xm_osd_framebuffer.o [1]
  .text                   ro code  0x80105c04      0x77c  arkn141_scale.o [1]
  .text                   ro code  0x80106380      0x480  rtosinit.o [1]
  .text                   ro code  0x80106800      0x3f8  xm_h264_file.o [1]
  .text                   ro code  0x80106bf8      0x8b4  sensor_task.o [1]
  .text                   ro code  0x801074ac       0x38  sprintf.o [4]
  .text                   ro code  0x801074f0       0xd0  avpicture.o [5]
  .text                   ro code  0x801075c0       0x3c  xdtest.o [9]
  .text                   ro code  0x801075fc       0x1e  nearbyint.o [9]
  .constdata              const    0x8010761a       0x42  rom_table.o [13]
  .text                   ro code  0x8010765c       0x28  xgetmemchunk.o [4]
  .text                   ro code  0x80107684       0x94  xsyslock.o [4]
  .text                   ro code  0x80107718        0x8  ABImemclr.o [11]
  .text                   ro code  0x80107720      0x184  xstoul.o [4]
  .text                   ro code  0x801078a4      0x37c  xlog.o [9]
  .text                   ro code  0x80107c20       0x2c  DblCmpEq.o [9]
  .text                   ro code  0x80107c4c      0x152  xstod.o [9]
  .text                   ro code  0x80107d9e       0x12  trunc.o [9]
  .text                   ro code  0x80107db0       0x84  ceil.o [9]
  .text                   ro code  0x80107e34       0x78  DblToU64.o [11]
  .text                   ro code  0x80107eac       0x10  U64ToDbl.o [11]
  .text                   ro code  0x80107ebc      0x184  sqrt.o [9]
  .text                   ro code  0x80108040       0x84  floor.o [9]
  .rodata.str1.4          const    0x801080c4       0x74  mathematics.o [7]
  .text                   ro code  0x80108138      0x8a8  pow.o [9]
  .text                   ro code  0x801089e0       0x40  exp.o [9]
  .text                   ro code  0x80108a20      0x15c  xttotm.o [4]
  .text                   ro code  0x80108b7c       0x28  xtls.o [10]
  .text                   ro code  0x80108ba4       0x2c  setlocale.o [4]
  .text                   ro code  0x80108bd0        0x6  getzone.o [4]
  .text                   ro code  0x80108bd6       0x40  xgettime.o [4]
  .text                   ro code  0x80108c16       0x1e  strftime.o [4]
  .text                   ro code  0x80108c34       0x94  memchr.o [11]
  .text                   ro code  0x80108cc8       0x48  xdnorm.o [9]
  .text                   ro code  0x80108d10      0x128  xdscale.o [9]
  .text                   ro code  0x80108e38       0x20  div.o [4]
  .text                   ro code  0x80108e58        0x8  strtoll.o [4]
  .text                   ro code  0x80108e60      0xb00  xscanffull.o [4]
  .text                   ro code  0x80109960       0x68  xfrint.o [9]
  .text                   ro code  0x801099c8      0x224  main.o [1]
  .text                   ro code  0x80109bf0       0x40  allcodecs.o [5]
  .text                   ro code  0x80109c30      0xeac  hw_osd_layer_iar.o [1]
  .text                   ro code  0x8010aadc      0xb3c  pngread.o [8]
  .text                   ro code  0x8010b618      0x100  app_task.o [1]
  .text                   ro code  0x8010b718     0x1338  png.o [8]
  .text                   ro code  0x8010ca50      0x544  xm_win_gdi.o [1]
  .text                   ro code  0x8010cf94       0xa8  OSCMB.o [10]
  .text                   ro code  0x8010d03c      0x14c  OSPM1.o [10]
  .text                   ro code  0x8010d188      0x284  OSRSEM.o [10]
  .text                   ro code  0x8010d40c     0x4b1c  sdmmc.o [1]
  .text                   ro code  0x80111f28     0x39b0  xmvideoitem.o [1]
  .text                   ro code  0x801158d8      0x1bc  rtc.o [1]
  .text                   ro code  0x80115a94       0x38  OSEVENGE.o [10]
  .text                   ro code  0x80115acc       0xec  OSEVENWS.o [10]
  .text                   ro code  0x80115bb8      0x9a0  OSKERN.o [10]
  .text                   ro code  0x80116558      0xce0  app_menudata.o [1]
  .text                   ro code  0x80117238       0xe8  OSEVENW.o [10]
  .text                   ro code  0x80117320      0x188  xm_kbd_drv.o [1]
  .text                   ro code  0x801174a8       0xf0  OSMAIL.o [10]
  .text                   ro code  0x80117598      0x120  OS_CreateTask.o [10]
  .text                   ro code  0x801176b8       0x9c  OSEVENS.o [10]
  .text                   ro code  0x80117754       0xe8  OSGMT.o [10]
  .text                   ro code  0x8011783c      0x6c0  xm_video_task.o [1]
  .text                   ro code  0x80117efc        0x8  abs.o [4]
  .text                   ro code  0x80117f04      0x128  OSTERM.o [10]
  .text                   ro code  0x8011802c       0x56  xassert.o [4]
  .constdata              const    0x80118082       0x42  rom_table.o [13]
  .text                   ro code  0x801180c4       0xb0  queue.o [1]
  .text                   ro code  0x80118174      0x4ec  target.o [1]
  .text                   ro code  0x80118660       0xcc  xm_semaphore.o [1]
  .text                   ro code  0x8011872c     0x24cc  xm_win_user.o [1]
  .text                   ro code  0x8011abf8      0x1ac  cortex_a5_mmu.o [1]
  .text                   ro code  0x8011ada4      0x7f4  xm_osd_framebuffer_config.o [1]
  .text                   ro code  0x8011b598      0x23c  OSCSEM.o [10]
  .text                   ro code  0x8011b7d4      0x190  irq.o [1]
  .text                   ro code  0x8011b964       0x28  OS_EVENT_Create.o [10]
  .text                   ro code  0x8011b98c       0xc4  OS_EVENT_Set.o [10]
  .text                   ro code  0x8011ba50       0x6c  OS_EVENT_Reset.o [10]
  .text                   ro code  0x8011babc      0x104  OS_EVENT_WaitTimed.o [10]
  .text                   ro code  0x8011bbc0      0x134  uart.o [1]
  .text                   ro code  0x8011bcf4      0x68c  timer.o [1]
  .text                   ro code  0x8011c380      0x11c  OS_TICK_HandleEx.o [10]
  .text                   ro code  0x8011c49c      0x2ac  hardtimer_task.o [1]
  .text                   ro code  0x8011c748      0x5a4  dma.o [1]
  .text                   ro code  0x8011ccec      0x9fc  gpio.o [1]
  .text                   ro code  0x8011d6e8      0x3b0  xm_adc.o [1]
  .text                   ro code  0x8011da98      0x1e0  xm_power.o [1]
  .text                   ro code  0x8011dc78     0x1240  xm_uart.o [1]
  .text                   ro code  0x8011eeb8     0x1a38  xm_i2c.o [1]
  .text                   ro code  0x801208f0       0x94  OS_Error.o [1]
  .text                   ro code  0x80120984       0x2c  vsprintf.o [4]
  .text                   ro code  0x801209b0      0x56c  xm_core_file.o [1]
  Veneer                  ro code  0x80120f1c        0x8  - Linker created -
  .text                   ro code  0x80120f24     0x1ee8  xm_h264_cache_file.o [1]
  .text                   ro code  0x80122e0c      0x618  Gem_isp_sys.o [1]
  .text                   ro code  0x80123424      0xe14  Gem_isp.o [1]
  .text                   ro code  0x80124238       0x7c  OSEVENCL.o [10]
  .text                   ro code  0x801242b4      0x14c  OSGM1.o [10]
  .text                   ro code  0x80124400       0x80  xrint.o [9]
  .text                   ro code  0x80124480        0x8  xmtx.o [4]
  .text                   ro code  0x80124488      0x134  xstopfx.o [4]
  .text                   ro code  0x801245bc      0x1b8  xstoflt.o [4]
  .rodata                 const    0x80124774       0x6c  log.o [7]
  .text                   ro code  0x801247e0      0x200  xdtento.o [9]
  .text                   ro code  0x801249e0      0x210  xstoxflt.o [4]
  .text                   ro code  0x80124bf0       0x94  xdint.o [9]
  .text                   ro code  0x80124c84       0x14  iarEdom.o [11]
  .text                   ro code  0x80124c98      0x2c8  xexp.o [9]
  .text                   ro code  0x80124f60      0x140  xisdst.o [4]
  .text                   ro code  0x801250a0      0x172  xlocale_c.o [4]
  .text                   ro code  0x80125212       0xe8  xstrftim.o [4]
  .text                   ro code  0x801252fa       0xc0  xstoll.o [4]
  .text                   ro code  0x801253ba        0xa  xsprout.o [4]
  .text                   ro code  0x801253c4      0x1e0  xstoull.o [4]
  .text                   ro code  0x801255a4      0x152  xstold.o [9]
  .text                   ro code  0x801256f6       0x5e  xfdint.o [9]
  .text                   ro code  0x80125754       0xa4  FltAdd.o [9]
  .text                   ro code  0x801257f8      0x514  FS_Core.o [1]
  .text                   ro code  0x80125d0c      0x188  FS_AssignCache.o [1]
  .text                   ro code  0x80125e94      0x3f8  message_task.o [1]
  .text                   ro code  0x8012628c      0x518  camera_task.o [1]
  .text                   ro code  0x801267a4      0xa3c  xm_isp_scalar.o [1]
  .text                   ro code  0x801271e0      0x4ac  arkn141_codec.o [1]
  .text                   ro code  0x8012768c     0x13e0  xm_uart_socket.o [1]
  .text                   ro code  0x80128a6c      0x180  rtos.o [10]
  .text                   ro code  0x80128bec      0x5e4  srgb.o [1]
  .text                   ro code  0x801291d0       0x40  lcdc_rgb.o [1]
  .text                   ro code  0x80129210      0x568  lcd.o [1]
  .text                   ro code  0x80129778       0x34  pngrio.o [8]
  .text                   ro code  0x801297ac      0xea4  pngrutil.o [8]
  Veneer                  ro code  0x8012a650        0x8  - Linker created -
  .text                   ro code  0x8012a658      0x29c  pngerror.o [8]
  .text                   ro code  0x8012a8f4      0xc1c  pngrtran.o [8]
  .text                   ro code  0x8012b510      0x12c  pngmem.o [8]
  .text                   ro code  0x8012b63c     0x1e44  inflate.o [14]
  .text                   ro code  0x8012d480      0x4d0  pngset.o [8]
  .text                   ro code  0x8012d950        0x8  ABImemclr4.o [11]
  .text                   ro code  0x8012d958      0x12c  pngtrans.o [8]
  .text                   ro code  0x8012da84      0x14c  xm_win_main.o [1]
  .text                   ro code  0x8012dbd0       0x78  OS_Alloc.o [10]
  .text                   ro code  0x8012dc48       0x20  setjmp.o [11]
  .text                   ro code  0x8012dc68      0x2d8  xm_gdi_rom_image.o [1]
  .text                   ro code  0x8012df40       0x60  xm_fb_drv.o [1]
  .text                   ro code  0x8012dfa0      0xe4c  xm_osd_layer_gif.o [1]
  .text                   ro code  0x8012edec       0x8c  OS_Wait.o [10]
  .text                   ro code  0x8012ee78       0x60  OS_DeactivateP.o [10]
  .text                   ro code  0x8012eed8       0xa4  OS_EVENT_Wait.o [10]
  .text                   ro code  0x8012ef7c      0xff4  CpuClkCounter.o [1]
  .text                   ro code  0x8012ff70      0x7fc  common_rbtr.o [1]
  .text                   ro code  0x8013076c      0x748  FS_Misc.o [1]
  .text                   ro code  0x80130eb4      0x344  FAT_GetFileClusterSectorInfo.o [1]
  .text                   ro code  0x801311f8       0x20  strcat.o [4]
  .text                   ro code  0x80131218       0x10  U32ToFlt.o [9]
  .text                   ro code  0x80131228       0x84  OSRSEMRQ.o [10]
  .text                   ro code  0x801312ac      0x2c0  calender.o [1]
  .text                   ro code  0x8013156c       0x34  OS_STACKINFO_ARM.o [10]
  .text                   ro code  0x801315a0       0x54  OS_GetCPUState.o [10]
  .text                   ro code  0x801315f4       0x6c  OS_DeactivateTP.o [10]
  .text                   ro code  0x80131660       0xc8  OSMX.o [10]
  .text                   ro code  0x80131728      0x2c0  OSTIME.o [10]
  .text                   ro code  0x801319e8      0xf48  xm_icon_manage.o [1]
  .text                   ro code  0x80132930       0x20  OSTimeD.o [10]
  .text                   ro code  0x80132950       0x40  OS_TLS.o [10]
  .text                   ro code  0x80132990       0x98  xreportassert.o [4]
  .text                   ro code  0x80132a28      0x1cc  FS_Time.o [1]
  .text                   ro code  0x80132bf4      0x2ac  FS_Dir.o [1]
  .text                   ro code  0x80132ea0       0xa0  FS_Move.o [1]
  .text                   ro code  0x80132f40      0x3d4  FS_Volume.o [1]
  .text                   ro code  0x80133314       0xd4  FS_Attrib.o [1]
  .text                   ro code  0x801333e8       0x84  OSDELCS.o [10]
  .text                   ro code  0x8013346c      0x314  xm_win_mem.o [1]
  .text                   ro code  0x80133780       0x34  S32ToFlt.o [9]
  .text                   ro code  0x801337b4      0x148  FltMul.o [9]
  .text                   ro code  0x801338fc      0x23c  xm_time_drv.o [1]
  .text                   ro code  0x80133b38      0x38c  xm_uart_drv.o [1]
  .text                   ro code  0x80133ec4        0x4  xm_win_widget.o [1]
  .text                   ro code  0x80133ec8     0x18e0  xm_osd_layer_animate.o [1]
  .text                   ro code  0x801357a8     0x10b8  desktop.o [1]
  .CP15_WriteTTB          ro code  0x80136860       0x28  cortex_a5_cp15_asm_iar.o [1]
  .CP15_WriteDomainAccessControl
                          ro code  0x80136888       0x28  cortex_a5_cp15_asm_iar.o [1]
  .text                   ro code  0x801368b0      0x22c  cortex_a5_cp15.o [1]
  .CP15_ReadAuxiliaryControl
                          ro code  0x80136adc        0xc  cortex_a5_cp15_asm_iar.o [1]
  .CP15_WriteAuxiliaryControl
                          ro code  0x80136ae8       0x28  cortex_a5_cp15_asm_iar.o [1]
  .CP15_invalidate_dcache_for_dma
                          ro code  0x80136b10       0x48  cortex_a5_cp15_asm_iar.o [1]
  .CP15_clean_dcache_for_dma
                          ro code  0x80136b58       0x34  cortex_a5_cp15_asm_iar.o [1]
  .CP15_flush_dcache_for_dma
                          ro code  0x80136b8c       0x34  cortex_a5_cp15_asm_iar.o [1]
  .text                   ro code  0x80136bc0       0xd4  OSCSEMT.o [10]
  .text                   ro code  0x80136c94       0x5c  OSTIMERX.o [10]
  .text                   ro code  0x80136cf0       0x6c  OSCSEMGV.o [10]
  .text                   ro code  0x80136d5c       0xa0  OSDELRS.o [10]
  .text                   ro code  0x80136dfc       0xac  OS_EVENT_Delete.o [10]
  .text                   ro code  0x80136ea8       0x30  FS_FRead.o [1]
  .text                   ro code  0x80136ed8       0x30  FS_FWrite.o [1]
  .text                   ro code  0x80136f08       0x34  FS_GetFileSize.o [1]
  .text                   ro code  0x80136f3c       0x64  FS_Rename.o [1]
  .text                   ro code  0x80136fa0       0x98  strncpy.o [11]
  .text                   ro code  0x80137038      0x410  xm_h264_cache_command_queue.o [1]
  .text                   ro code  0x80137448      0xa28  Gem_isp_ae.o [1]
  .text                   ro code  0x80137e70      0x6bc  arkn141_isp_exposure_cmos.o [1]
  .text                   ro code  0x8013852c      0xf04  arkn141_isp_exposure.o [1]
  .text                   ro code  0x80139430      0x21c  Gem_isp_config.o [1]
  .text                   ro code  0x8013964c      0x218  arkn141_cmos_sensor_imx322_io.o [1]
  .text                   ro code  0x80139864      0x128  xgetdst.o [4]
  .text                   ro code  0x8013998c      0x85a  xgentime.o [4]
  .constdata              const    0x8013a1e6        0x6  tab_ld8k.o [13]
  .text                   ro code  0x8013a1ec       0x14  I64Mul.o [11]
  .text                   ro code  0x8013a200      0x124  FltSub.o [9]
  .text                   ro code  0x8013a324      0x6f4  FS_LogBlock.o [1]
  .text                   ro code  0x8013aa18       0xa0  FS_OS.o [1]
  .text                   ro code  0x8013aab8      0x154  FS_Partition.o [1]
  .text                   ro code  0x8013ac0c       0xa0  ConfigDrive.o [1]
  .text                   ro code  0x8013acac       0x30  FS_X_Panic.o [1]
  .text                   ro code  0x8013acdc      0x108  FS_OS_Interface.o [1]
  .text                   ro code  0x8013ade4      0x10c  FS_Unmount.o [1]
  .text                   ro code  0x8013aef0      0x410  UvcVideo.o [1]
  .text                   ro code  0x8013b300      0x488  pc_main.o [1]
  .text                   ro code  0x8013b788      0x208  hx280enc.o [1]
  .text                   ro code  0x8013b990      0x41c  hx170dec.o [1]
  .text                   ro code  0x8013bdac     0x5acc  Gem_isp_debug.o [1]
  .text                   ro code  0x80141878       0x10  Gem_isp_io.o [1]
  .text                   ro code  0x80141888      0x3f0  Gem_isp_colors.o [1]
  .text                   ro code  0x80141c78       0x30  crc16.o [1]
  .text                   ro code  0x80141ca8      0x2f4  adler32.o [14]
  .text                   ro code  0x80141f9c      0x638  inftrees.o [14]
  .text                   ro code  0x801425d4      0x4c4  inffast.o [14]
  .text                   ro code  0x80142a98       0x44  ABImemset48.o [11]
  .text                   ro code  0x80142adc      0x6b8  app_voice.o [1]
  .text                   ro code  0x80143194       0xb4  app_init.o [1]
  .text                   ro code  0x80143248      0xbc0  xm_gdi_image.o [1]
  .text                   ro code  0x80143e08       0xec  xm_fb_argb888_drv.o [1]
  .text                   ro code  0x80143ef4      0x138  xm_fb_argb454_drv.o [1]
  .text                   ro code  0x8014402c      0x12c  xm_fb_rgb565_drv.o [1]
  .text                   ro code  0x80144158      0x23c  xm_file.o [1]
  .text                   ro code  0x80144394      0x56c  FAT_Write.o [1]
  .text                   ro code  0x80144900      0x9b4  FAT_Open.o [1]
  .text                   ro code  0x801452b4      0xb88  FAT_FreeCluster.o [1]
  .text                   ro code  0x80145e3c     0x131c  FAT_Misc.o [1]
  .text                   ro code  0x80147158      0x228  app_icon_library.o [1]
  .text                   ro code  0x80147380       0x38  xthreads.o [4]
  .text                   ro code  0x801473b8       0x26  putchar.o [4]
  .constdata              const    0x801473de        0x6  tab_ld8k.o [13]
  .text                   ro code  0x801473e4      0x268  FAT_DirEntry.o [1]
  .text                   ro code  0x8014764c      0x3c8  FAT_Dir.o [1]
  .text                   ro code  0x80147a14      0x294  FAT_Move.o [1]
  .text                   ro code  0x80147ca8      0x150  FS_CopyFile.o [1]
  .text                   ro code  0x80147df8       0xc4  FAT_DiskInfo.o [1]
  .text                   ro code  0x80147ebc       0x78  common_string.o [1]
  .text                   ro code  0x80147f34       0x78  SystemAPI.o [1]
  .text                   ro code  0x80147fac     0x1318  alert_view.o [1]
  .text                   ro code  0x801492c4      0x1ec  app_format.o [1]
  .text                   ro code  0x801494b0       0x10  app_onekey_photograph.o [1]
  .text                   ro code  0x801494c0      0xdf4  recycle_video_alert_view.o [1]
  .text                   ro code  0x8014a2b4      0x868  app_soundvolumeview.o [1]
  .text                   ro code  0x8014ab1c       0xcc  app_longtimedrivingmonitor.o [1]
  .CP15_ReadControl       ro code  0x8014abe8        0xc  cortex_a5_cp15_asm_iar.o [1]
  .CP15_WriteControl      ro code  0x8014abf4       0x28  cortex_a5_cp15_asm_iar.o [1]
  .text                   ro code  0x8014ac1c       0xcc  FS_Read.o [1]
  .text                   ro code  0x8014ace8      0x100  FS_Write.o [1]
  .text                   ro code  0x8014ade8       0x80  FAT_Rename.o [1]
  .text                   ro code  0x8014ae68       0x20  S64Shr.o [11]
  .text                   ro code  0x8014ae88     0x1e10  arkn141_cmos_sensor_imx322.o [1]
  .text                   ro code  0x8014cc98      0x948  SensorCommon.o [1]
  .text                   ro code  0x8014d5e0      0xbfc  globalfunc.o [1]
  .text                   ro code  0x8014e1dc      0x14c  sensorlib.o [1]
  .text                   ro code  0x8014e328      0xfb0  UsbRequest.o [1]
  .text                   ro code  0x8014f2d8      0x1c0  g729_dec.o [13]
  .text                   ro code  0x8014f498       0x34  FltToU32.o [9]
  .text                   ro code  0x8014f4cc        0x4  FAT_VolumeLabel.o [1]
  .text                   ro code  0x8014f4d0       0x48  FS_SetEndOfFile.o [1]
  .text                   ro code  0x8014f518      0x548  FAT_FormatSD.o [1]
  .text                   ro code  0x8014fa60       0x24  FltCmpEq.o [11]
  .text                   ro code  0x8014fa84     0x5860  app_menuid.o [1]
  .text                   ro code  0x801552e4      0x620  app_time.o [1]
  .text                   ro code  0x80155904       0x84  app_romimage.o [1]
  .text                   ro code  0x80155988      0x290  recycle_video_graph_view.o [1]
  .text                   ro code  0x80155c18      0x468  FAT_Read.o [1]
  .text                   ro code  0x80156080      0x90c  imx322.o [1]
  .text                   ro code  0x8015698c      0x21c  Gem_isp_awb.o [1]
  .text                   ro code  0x80156ba8      0x1c4  Gem_isp_denoise.o [1]
  .text                   ro code  0x80156d6c      0x150  Gem_isp_eris.o [1]
  .text                   ro code  0x80156ebc      0x248  Gem_isp_fesp.o [1]
  .text                   ro code  0x80157104       0xb8  Gem_isp_enhance.o [1]
  .text                   ro code  0x801571bc       0x50  gpio_function.o [1]
  .text                   ro code  0x8015720c      0x150  wdt.o [1]
  .text                   ro code  0x8015735c      0xdc8  descript_def.o [1]
  .text                   ro code  0x80158124      0x2c8  UvcRequest.o [1]
  .text                   ro code  0x801583ec      0x604  dec_ld8k.o [13]
  .text                   ro code  0x801589f0     0x128c  pst.o [12]
  .text                   ro code  0x80159c7c      0x824  mul64_op.o [12]
  .text                   ro code  0x8015a4a0      0x380  dec_sid.o [13]
  .text                   ro code  0x8015a820      0x284  bits.o [13]
  .text                   ro code  0x8015aaa4       0x74  p_parity.o [13]
  .text                   ro code  0x8015ab18       0x68  util.o [13]
  .text                   ro code  0x8015ab80       0x20  FAT_VolumeLabel.o [1]
  .text                   ro code  0x8015aba0      0x110  FAT_SetEndOfFile.o [1]
  .text                   ro code  0x8015acb0      0x8a8  FAT_Format.o [1]
  .text                   ro code  0x8015b558     0x1638  VideoFunction.o [1]
  .text                   ro code  0x8015cb90      0x36c  AudioFunction.o [1]
  .text                   ro code  0x8015cefc      0x1e4  lspdec.o [13]
  .text                   ro code  0x8015d0e0       0xa8  filter.o [13]
  .text                   ro code  0x8015d188      0x50c  lpcfunc.o [13]
  .text                   ro code  0x8015d694      0x690  basic_op.o [13]
  .text                   ro code  0x8015dd24      0x144  dec_lag3.o [13]
  .text                   ro code  0x8015de68       0x70  pred_lt3.o [13]
  .text                   ro code  0x8015ded8       0xbc  de_acelp.o [13]
  .text                   ro code  0x8015df94      0x128  dec_gain.o [13]
  .text                   ro code  0x8015e0bc      0x164  oper_32b.o [13]
  .text                   ro code  0x8015e220      0x3b0  lspgetq.o [13]
  .text                   ro code  0x8015e5d0      0x254  qsidgain.o [13]
  .text                   ro code  0x8015e824      0x6bc  calcexc.o [13]
  .text                   ro code  0x8015eee0       0x1c  uart.o [1]
  .text                   ro code  0x8015eefc      0x1b8  gainpred.o [13]
  .text                   ro code  0x8015f0b4      0x1a8  dspfunc.o [13]
  .text                   ro code  0x8015f25c      0x214  taming.o [13]
  .text                   ro code  0x8015f470     0x49d4  encasiccontroller.o [1]
  .text                   ro code  0x80163e44      0x72c  ewl_x280_common.o [1]
  .rodata                 const    0x80164570     0x4058  options.o [5]
  .text                   ro code  0x801685c8     0x3b30  H264Cabac.o [1]
  .text                   ro code  0x8016c100     0x33c0  avidec.o [6]
  .text                   ro code  0x8016f4c0     0x10e0  riff.o [6]
  .rodata.str1.4          const    0x801705a0     0x3010  codec_desc.o [5]
  .rodata.str1.4          const    0x801735b0     0x2dbc  options.o [5]
  .text                   ro code  0x8017636c     0x29cc  h264hwd_dpb.o [1]
  .text                   ro code  0x80178d38      0xc30  dwl_iar.o [1]
  .text                   ro code  0x80179968      0x248  dwl_x170_iar_no_drv.o [1]
  .text                   ro code  0x80179bb0     0x279c  h264decapi.o [1]
  .text                   ro code  0x8017c34c     0x1000  h264hwd_decoder.o [1]
  .text                   ro code  0x8017d34c     0x2274  regdrv.o [1]
  .text                   ro code  0x8017f5c0     0x2550  h264hwd_asic.o [1]
  .text                   ro code  0x80181b10     0x10a8  h264hwd_storage.o [1]
  .text                   ro code  0x80182bb8      0x3b0  h264_pp_pipeline.o [1]
  .text                   ro code  0x80182f68      0x408  h264hwd_pic_order_cnt.o [1]
  .text                   ro code  0x80183370      0x314  h264hwd_byte_stream.o [1]
  .text                   ro code  0x80183684      0x1ec  h264hwd_util.o [1]
  .text                   ro code  0x80183870      0x280  h264hwd_neighbour.o [1]
  .text                   ro code  0x80183af0       0xd8  h264hwd_nal_unit.o [1]
  .text                   ro code  0x80183bc8      0x1c4  h264hwd_conceal.o [1]
  .text                   ro code  0x80183d8c     0x12e0  h264hwd_seq_param_set.o [1]
  .text                   ro code  0x8018506c      0x7b0  h264hwd_pic_param_set.o [1]
  .text                   ro code  0x8018581c     0x19b0  h264hwd_slice_header.o [1]
  .text                   ro code  0x801871cc      0x37c  h264hwd_slice_data.o [1]
  .text                   ro code  0x80187548     0x1544  refbuffer.o [1]
  .text                   ro code  0x80188a8c     0x1140  h264hwd_macroblock_layer.o [1]
  .text                   ro code  0x80189bcc      0x5e4  h264hwd_slice_group_map.o [1]
  .text                   ro code  0x8018a1b0      0x4d4  h264hwd_stream.o [1]
  .text                   ro code  0x8018a684      0x3b4  h264hwd_vlc.o [1]
  .text                   ro code  0x8018aa38      0xa1c  h264hwd_vui.o [1]
  .text                   ro code  0x8018b454     0x12fe  h264hwd_cavlc.o [1]
  .constdata              const    0x8018c752        0x6  rom_table.o [13]
  .text                   ro code  0x8018c758      0x8a4  h264hwd_intra_prediction.o [1]
  .text                   ro code  0x8018cffc      0x33c  h264hwd_inter_prediction.o [1]
  .text                   ro code  0x8018d338     0x2078  arkn141_h264_encoder.o [1]
  .text                   ro code  0x8018f3b0     0x1ba8  H264EncApi.o [1]
  .text                   ro code  0x80190f58      0x3d0  EncGetOption.o [1]
  .text                   ro code  0x80191328        0xc  atoi.o [4]
  .text                   ro code  0x80191334       0x50  H264TestBench.o [1]
  .text                   ro code  0x80191384      0x7a4  H264Init.o [1]
  .text                   ro code  0x80191b28      0xb44  H264SequenceParameterSet.o [1]
  .text                   ro code  0x8019266c     0x1ea8  H264RateControl.o [1]
  .text                   ro code  0x80194514      0x57c  encpreprocess.o [1]
  .text                   ro code  0x80194a90      0xa38  vidstabalg.o [1]
  .text                   ro code  0x801954c8      0x300  H264PutBits.o [1]
  .text                   ro code  0x801957c8      0x5b4  H264Sei.o [1]
  .text                   ro code  0x80195d7c      0x1c4  H264PictureParameterSet.o [1]
  .text                   ro code  0x80195f40      0x54c  H264Mad.o [1]
  .text                   ro code  0x8019648c      0x1a8  H264NalUnit.o [1]
  .text                   ro code  0x80196634      0xb0c  H264CodeFrame.o [1]
  .text                   ro code  0x80197140       0x9c  vidstabcommon.o [1]
  .text                   ro code  0x801971dc       0x74  H264Slice.o [1]
  .text                   ro code  0x80197250      0x390  encasiccontroller_v2.o [1]
  .text                   ro code  0x801975e0      0x11c  ewl_x280_polling.o [1]
  .rodata                 const    0x801976fc     0x1c84  codec_desc.o [5]
  .rodata.str1.4          const    0x80199380     0x174c  utils.o [6]
  .rodata.str1.4          const    0x8019aacc     0x16d8  utils.o [5]
  .rodata                 const    0x8019c1a4     0x1410  pixdesc.o [7]
  .text                   ro code  0x8019d5c0     0x13b0  avienc.o [6]
  .text                   ro code  0x8019e970      0xf50  pcm.o [5]
  .rodata                 const    0x8019f8c0      0xf44  mathtables.o [5]
  .text                   ro code  0x801a0804      0xe60  h264hwd_cabac.o [1]
  .text                   ro code  0x801a1664      0xe10  app_okcancelview.o [1]
  .text                   ro code  0x801a2474      0xd14  app_settingview.o [1]
  .text                   ro code  0x801a3188      0x8dc  app_switch_button.o [1]
  .text                   ro code  0x801a3a64      0x688  app_button.o [1]
  .text                   ro code  0x801a40ec      0x2bc  app_titlebar.o [1]
  .text                   ro code  0x801a43a8      0x5bc  app_menuoptionview.o [1]
  .text                   ro code  0x801a4964      0x960  xm_canvas.o [1]
  .rodata                 const    0x801a52c4      0xc68  riff.o [6]
  .text                   ro code  0x801a5f2c      0xc14  app_albumview.o [1]
  .text                   ro code  0x801a6b40      0x384  app_album.o [1]
  .text                   ro code  0x801a6ec4        0x8  jpeg_task.o [1]
  .text                   ro code  0x801a6ecc      0xb54  xm_recycle.o [1]
  .text                   ro code  0x801a7a20      0xbac  app_processview.o [1]
  .text                   ro code  0x801a85cc      0x128  OS_CreateTaskEx.o [10]
  .text                   ro code  0x801a86f4      0xaf8  gif.o [1]
  .text                   ro code  0x801a91ec      0x44c  app_messageview.o [1]
  .text                   ro code  0x801a9638      0xb70  app_videoview.o [1]
  .text                   ro code  0x801aa1a8      0xa74  app_videolistview.o [1]
[...]
t18xx_wdt_settimeout    0x8015720c      0xb8  Code  Lc  wdt.o [1]
tab_Sidgain             0x801bd058      0x40  Data  Gb  rom_table.o [13]
tab_hup_l               0x801bbfb4      0xe0  Data  Gb  rom_table.o [13]
tab_hup_s               0x801bd0d8      0x38  Data  Gb  rom_table.o [13]
tab_zone                0x801bc6bc      0x99  Data  Gb  rom_table.o [13]
table                   0x801bc9b0      0x82  Data  Gb  rom_table.o [13]
table2                  0x801bcab2      0x80  Data  Gb  rom_table.o [13]
tablog                  0x80118082      0x42  Data  Gb  rom_table.o [13]
tabpow                  0x8010761a      0x42  Data  Gb  rom_table.o [13]
tabsqr                  0x800f788a      0x62  Data  Gb  rom_table.o [13]
tan                     0x801bb1f1     0x1cc  Code  Gb  tan.o [9]
tanh                    0x801b8e89     0x298  Code  Gb  tanh.o [9]
testBtnKey              0x801a3f68      0x3c  Code  Lc  app_button.o [1]
test_err                0x8015f280      0x8c  Code  Gb  taming.o [13]
time                    0x800f9881       0xe  Code  Gb  time.o [4]
timer0_isr_rom          0x801b5e88       0x4  Code  Gb  interrupt.o [1]
timer_10hz              0x81e66be0      0x1c  Data  Gb  xm_power.o [1]
timer_10hz_callback     0x8011dbb4      0x14  Code  Lc  xm_power.o [1]
timer_12345_intr_hander
                        0x8011be64      0xf8  Code  Gb  timer.o [1]
timer_event_intr_handler
                        0x8010e8b4       0x4  Code  Lc  sdmmc.o [1]
timer_init              0x8011bcf4      0x60  Code  Gb  timer.o [1]
timer_user_private_data
                        0x8376c828      0x18  Data  Lc  timer.o [1]
timer_user_tick_callback
                        0x8376c810      0x18  Data  Lc  timer.o [1]
timer_x_start           0x8011bf5c     0x2a4  Code  Gb  timer.o [1]
timer_x_stop            0x8011c200     0x11c  Code  Gb  timer.o [1]
tmalloc_large           0x800f67b9     0x39a  Code  Lc  dlmalloc.o [4]
tmalloc_small           0x800f6b59     0x1e2  Code  Lc  dlmalloc.o [4]
totalZeros_10           0x8018c6e4      0x20  Data  Lc  h264hwd_cavlc.o [1]
totalZeros_11           0x8018c704      0x10  Data  Lc  h264hwd_cavlc.o [1]
totalZeros_12           0x8018c714      0x10  Data  Lc  h264hwd_cavlc.o [1]
totalZeros_13           0x8018c724       0x8  Data  Lc  h264hwd_cavlc.o [1]
totalZeros_14           0x8018c72c       0x4  Data  Lc  h264hwd_cavlc.o [1]
totalZeros_1_0          0x8018c4e4      0x20  Data  Lc  h264hwd_cavlc.o [1]
totalZeros_1_1          0x8018c504      0x20  Data  Lc  h264hwd_cavlc.o [1]
totalZeros_2            0x8018c524      0x40  Data  Lc  h264hwd_cavlc.o [1]
totalZeros_3            0x8018c564      0x40  Data  Lc  h264hwd_cavlc.o [1]
totalZeros_4            0x8018c5a4      0x20  Data  Lc  h264hwd_cavlc.o [1]
totalZeros_5            0x8018c5c4      0x20  Data  Lc  h264hwd_cavlc.o [1]
totalZeros_6            0x8018c5e4      0x40  Data  Lc  h264hwd_cavlc.o [1]
totalZeros_7            0x8018c624      0x40  Data  Lc  h264hwd_cavlc.o [1]
totalZeros_8            0x8018c664      0x40  Data  Lc  h264hwd_cavlc.o [1]
totalZeros_9            0x8018c6a4      0x40  Data  Lc  h264hwd_cavlc.o [1]
toupper                 0x8014f4cc       0x4  Code  Gb  FAT_VolumeLabel.o [1]
translate_gamma_flags   0x8012a950      0x50  Code  Lc  pngrtran.o [8]
trunc                   0x80107d9f      0x12  Code  Gb  trunc.o [9]
try_decode_frame        0x800d8931     0x36e  Code  Lc  utils.o [6]
txt.4128                0x801bd3c0      0x1c  Data  Lc  bprint.o [7]
txtColor                0x8376c51c       0x4  Data  Gb  xm_win_gdi.o [1]
tzone                   0x80125210       0x1  Data  Lc  xlocale_c.o [4]
uart0_init              0x8011bbc0      0xa4  Code  Gb  uart.o [1]
uart0_isr               0x8011ddd4      0x28  Code  Lc  xm_uart.o [1]
uart0_send_char         0x8011bc64      0x34  Code  Gb  uart.o [1]
uart123_isr             0x8011ddfc      0x5c  Code  Lc  xm_uart.o [1]
uartInit                0x8376cb66       0x1  Data  Lc  xm_uart_drv.o [1]
uart_access_sema        0x8376bab0      0xa0  Data  Lc  xm_uart.o [1]
uart_base               0x8011ee98      0x20  Data  Lc  xm_uart.o [1]
uart_ch_buff            0x8376cb64       0x2  Data  Lc  xm_uart_drv.o [1]
uart_ch_size            0x8376cb58       0x4  Data  Lc  xm_uart_drv.o [1]
uart_device             0x8376ba8c      0x20  Data  Lc  xm_uart.o [1]
uart_dma_transfer_over_IRQHandler
                        0x8011e55c      0x4c  Code  Lc  xm_uart.o [1]
uart_inited             0x8376baac       0x1  Data  Lc  xm_uart.o [1]
uart_isr                0x8011dd80      0x54  Code  Lc  xm_uart.o [1]
uart_last_key           0x8376cb5c       0x4  Data  Lc  xm_uart_drv.o [1]
uart_recv               0x8376cb60       0x4  Data  Lc  xm_uart_drv.o [1]
uart_rx                 0x8011dc78     0x108  Code  Lc  xm_uart.o [1]
uart_socket_dev         0x83760808       0x4  Data  Gb  xm_uart_socket.o [1]
ulaw2linear             0x801b9af5      0x22  Code  Lc  pcm.o [5]
unselect_i2c_pad        0x8011ef14      0x1c  Code  Lc  xm_i2c.o [1]
update_audio_cur_attribute
                        0x8014da40      0x64  Code  Gb  globalfunc.o [1]
update_exc_err          0x8015f30c     0x158  Code  Gb  taming.o [13]
update_frame_pool       0x800e78b1     0x4d0  Code  Lc  utils.o [5]
update_initial_timestamps
                        0x800d4b91     0x64a  Code  Lc  utils.o [6]
update_model            0x801960cc     0x1a8  Code  Lc  H264Mad.o [1]
update_model            0x80193ff8     0x1ec  Code  Lc  H264RateControl.o [1]
update_rc_error         0x80193954      0x94  Code  Lc  H264RateControl.o [1]
update_stream_timings   0x800d46c1     0x45c  Code  Lc  utils.o [6]
update_tables           0x80195f94      0x5c  Code  Lc  H264Mad.o [1]
update_tables           0x80193f84      0x74  Code  Lc  H264RateControl.o [1]
update_video_cur_attribute
                        0x8014d9bc      0x84  Code  Gb  globalfunc.o [1]
updatewindow            0x8012b850     0x120  Code  Lc  inflate.o [14]
url_alloc_for_protocol  0x800f4df1     0x1ea  Code  Lc  avio.o [6]
url_feof                0x800ef5f1      0x1c  Code  Gb  aviobuf.o [6]
urlcontext_child_class_next
                        0x800f4ae1      0x5e  Code  Lc  avio.o [6]
urlcontext_child_next   0x800f4ac1      0x18  Code  Lc  avio.o [6]
urlcontext_to_name      0x800f4aa1      0x1a  Code  Lc  avio.o [6]
usb_endpoints_reset     0x801b5978     0x144  Code  Gb  interrupt.o [1]
usb_ep0_isr             0x801b5bc4     0x174  Code  Gb  interrupt.o [1]
usb_ep0_transfer        0x8014f13c      0xb8  Code  Gb  UsbRequest.o [1]
usb_fetch_out           0x8014e4a0      0x54  Code  Gb  UsbRequest.o [1]
usb_init_descriptor     0x8014e328     0x114  Code  Gb  UsbRequest.o [1]
usb_interrupt_rom       0x801b5d38      0xf4  Code  Gb  interrupt.o [1]
usb_proc_cmd            0x8014f06c      0xc4  Code  Gb  UsbRequest.o [1]
usb_read_cmd            0x801b5b48      0x7c  Code  Gb  interrupt.o [1]
usb_request             0x8014f00c      0x60  Code  Gb  UsbRequest.o [1]
usb_reset               0x801b5abc      0x84  Code  Gb  interrupt.o [1]
usb_resume              0x801b5b40       0x4  Code  Gb  interrupt.o [1]
usb_setup_in            0x8014e474      0x2c  Code  Gb  UsbRequest.o [1]
usb_start_video         0x8014e43c      0x38  Code  Gb  UsbRequest.o [1]
usb_suspend             0x801b5b44       0x4  Code  Gb  interrupt.o [1]
use_color               0x81e66de4       0x4  Data  Lc  log.o [7]
uvc_request             0x801582f4      0xc4  Code  Gb  UvcRequest.o [1]
v_read_frame            0x8014f338      0x3c  Code  Gb  g729_dec.o [13]
vaddr_to_page_addr      0x8011ad8c      0x18  Code  Gb  cortex_a5_mmu.o [1]
verify_buffer           0x83767000    0x1000  Data  Lc  xm_h264_cache_file.o [1]
verify_expr             0x800f7a61      0xf0  Code  Lc  eval.o [7]
verify_icon_state       0x801319e8      0x60  Code  Lc  xm_icon_manage.o [1]
videoItemMonitorSema    0x8376c854      0x14  Data  Lc  xmvideoitem.o [1]
videoItemMutexSema      0x8376c840      0x14  Data  Lc  xmvideoitem.o [1]
videoListViewBtn_0      0x801aabd4      0x24  Data  Lc  app_videolistview.o [1]
videoListViewBtn_1      0x801aabf8      0x24  Data  Lc  app_videolistview.o [1]
videoMenuViewBtn        0x801ab228      0x18  Data  Lc  app_videomenuview.o [1]
videoRecordBtn          0x801aebd0      0x24  Data  Lc  app_videosettingview.o [1]
videoRecordBtn          0x801ad8b8      0x18  Data  Lc  app_watermarklogoloadview.o [1]
videoRecordBtn          0x801ae268      0x24  Data  Lc  app_watermarksettingview.o [1]
videoViewBtn_0          0x801aa184      0x24  Data  Lc  app_videoview.o [1]
video_control_get_cur   0x8015baf4     0x310  Code  Gb  VideoFunction.o [1]
video_control_get_def   0x8015c18c     0x258  Code  Gb  VideoFunction.o [1]
video_control_get_info  0x8015c52c     0x1e0  Code  Gb  VideoFunction.o [1]
video_control_get_len   0x8015c714      0xe8  Code  Gb  VideoFunction.o [1]
video_control_get_max   0x8015bf64     0x228  Code  Gb  VideoFunction.o [1]
video_control_get_min   0x8015be04     0x160  Code  Gb  VideoFunction.o [1]
video_control_get_res   0x8015c3f4     0x12c  Code  Gb  VideoFunction.o [1]
video_control_set_cur   0x8015b5a0     0x554  Code  Gb  VideoFunction.o [1]
video_get_buffer        0x800e4c11     0x258  Code  Lc  utils.o [5]
video_item_alarm_time   0x81e6592c       0x4  Data  Lc  xmvideoitem.o [1]
video_item_count        0x81e65930       0x4  Data  Lc  xmvideoitem.o [1]
video_item_locked_space
                        0x81e65920       0x8  Data  Lc  xmvideoitem.o [1]
video_item_next         0x81e65910       0x8  Data  Lc  xmvideoitem.o [1]
video_item_recycle_space
                        0x81e65918       0x8  Data  Lc  xmvideoitem.o [1]
video_path              0x81e64dd8       0x4  Data  Lc  main.o [1]
video_path_count        0x81e65954       0x4  Data  Lc  xmvideoitem.o [1]
video_path_name         0x81e65970     0x100  Data  Lc  xmvideoitem.o [1]
video_rate_abbrs        0x801b3668      0x60  Data  Lc  parseutils.o [7]
video_size_abbrs        0x801b3004     0x204  Data  Lc  parseutils.o [7]
video_stream_get_cur    0x8015c9dc     0x120  Code  Gb  VideoFunction.o [1]
video_stream_set_cur    0x8015c7fc     0x1dc  Code  Gb  VideoFunction.o [1]
video_sync_semaphore    0x8375e3a0       0x4  Data  Lc  xm_video_task.o [1]
video_task_semaphore    0x8375e39c       0x4  Data  Lc  xm_video_task.o [1]
video_task_stop         0x8375e3a4       0x4  Data  Lc  xm_video_task.o [1]
video_temp_index        0x81e6595c       0x4  Data  Lc  xmvideoitem.o [1]
video_volume_count      0x81e65958       0x4  Data  Lc  xmvideoitem.o [1]
video_volume_name       0x81e65a70      0x80  Data  Lc  xmvideoitem.o [1]
videoitem_debug         0x81e6596c       0x4  Data  Lc  xmvideoitem.o [1]
videoitem_service_opened
                        0x81e65964       0x4  Data  Lc  xmvideoitem.o [1]
videorecord_mode        0x81e65968       0x4  Data  Lc  xmvideoitem.o [1]
view_animating_direction
                        0x81e65be0       0x4  Data  Lc  xm_win_user.o [1]
view_default_align      0x81e65bec       0x4  Data  Lc  xm_win_user.o [1]
view_default_horz_ratio
                        0x81e65be4       0x4  Data  Lc  xm_win_user.o [1]
view_default_vert_ratio
                        0x81e65be8       0x4  Data  Lc  xm_win_user.o [1]
voice_array             0x81e54b80      0x20  Data  Lc  app_voice.o [1]
voice_count             0x81e54ba0       0x4  Data  Lc  app_voice.o [1]
voice_decode            0x80142b18      0x48  Code  Lc  app_voice.o [1]
voice_id_2_rom_res      0x80142adc      0x2c  Code  Gb  app_voice.o [1]
voice_index             0x81e54ba4       0x4  Data  Lc  app_voice.o [1]
voice_prompts_count_sema
                        0x81e54bb8       0x4  Data  Lc  app_voice.o [1]
voice_prompts_count_sema_name
                        0x81e54bb4       0x4  Data  Lc  app_voice.o [1]
voice_prompts_sema      0x81e54bb0       0x4  Data  Lc  app_voice.o [1]
voice_prompts_sema_name
                        0x81e54bac       0x4  Data  Lc  app_voice.o [1]
voice_prompts_task_sema
                        0x81e54bc0       0x4  Data  Lc  app_voice.o [1]
voice_prompts_task_sema_name
                        0x81e54bbc       0x4  Data  Lc  app_voice.o [1]
voicing                 0x81e66d48       0x2  Data  Lc  g729_dec.o [13]
vsnprintf               0x800e2e61      0x3c  Code  Gb  vsnprint.o [4]
vsprintf                0x80120985      0x2c  Code  Gb  vsprintf.o [4]
vsscanf                 0x800ff579      0x1c  Code  Gb  vsscanf.o [4]
vsync_isr_rom           0x801b5e2c       0x4  Code  Gb  interrupt.o [1]
wAutoPowerOffTime       0x81e66cfc       0x2  Data  Lc  target.o [1]
warned.9048             0x8376cd0c       0x4  Data  Lc  mux.o [6]
watermark_setting_switch
                        0x801ad8d0       0xc  Code  Lc  app_watermarksettingview.o [1]
white_datetime_char_length
                        0x80155794      0x38  Data  Lc  app_time.o [1]
white_datetime_char_offset
                        0x8015575c      0x38  Data  Lc  app_time.o [1]
widget_count            0x81e65bf1       0x1  Data  Lc  xm_win_user.o [1]
widget_flag             0x81e65ca4       0x8  Data  Lc  xm_win_user.o [1]
widget_userdata         0x81e65cac      0x20  Data  Lc  xm_win_user.o [1]
window_count            0x81e65bf0       0x1  Data  Lc  xm_win_user.o [1]
window_stack            0x81e65af0      0xe0  Data  Lc  xm_win_user.o [1]
wingdi_exit             0x8010caec       0x4  Code  Gb  xm_win_gdi.o [1]
wingdi_init             0x8010ca50      0x9c  Code  Gb  xm_win_gdi.o [1]
winmem_exit             0x801334c4      0x34  Code  Gb  xm_win_mem.o [1]
winmem_init             0x8013346c      0x58  Code  Gb  xm_win_mem.o [1]
winmem_restore_environment
                        0x8013354c      0x58  Code  Gb  xm_win_mem.o [1]
winmem_save_environment
                        0x801334f8      0x54  Code  Gb  xm_win_mem.o [1]
winuser_exit            0x80118b38       0x4  Code  Gb  xm_win_user.o [1]
winuser_init            0x80118a80      0xb8  Code  Gb  xm_win_user.o [1]
wrap_timestamp          0x800d0a51      0xe6  Code  Lc  utils.o [6]
write                   0x80120df4      0x24  Code  Gb  xm_core_file.o [1]
write_ae_info           0x8013c5a4    0x324c  Code  Gb  Gem_isp_debug.o [1]
write_number            0x800eb081     0x1e6  Code  Lc  opt.o [7]
write_packet            0x800e1381     0x148  Code  Lc  mux.o [6]
write_uart1_data        0x80128398      0xd8  Code  Gb  xm_uart_socket.o [1]
writel                  0x8013b788       0x8  Code  Gb  hx280enc.o [1]
writestring             0x8013bdb8      0x2c  Code  Gb  Gem_isp_debug.o [1]
x0                      0x81e66ee0       0x2  Data  Lc  mul64_op.o [12]
x1                      0x81e66ee2       0x2  Data  Lc  mul64_op.o [12]
x264_arkn141_H264SliceReady
                        0x8018d4dc       0x4  Code  Gb  arkn141_h264_encoder.o [1]
x264_arkn141_close_encoder
                        0x8018dce4      0x84  Code  Gb  arkn141_h264_encoder.o [1]
x264_arkn141_defaults   0x801bae78      0x28  Data  Lc  x264_arkn141.o [5]
x264_arkn141_encoder_encode
                        0x8018dffc     0x414  Code  Gb  arkn141_h264_encoder.o [1]
x264_arkn141_encoder_headers
                        0x8018de9c     0x160  Code  Gb  arkn141_h264_encoder.o [1]
x264_arkn141_open_encoder
                        0x8018dd68     0x134  Code  Gb  arkn141_h264_encoder.o [1]
x264_arkn141_param_default
                        0x8018d4e0     0x198  Code  Gb  arkn141_h264_encoder.o [1]
x264_arkn141_parse_param
                        0x8018e414     0x980  Code  Gb  arkn141_h264_encoder.o [1]
xm_adc_init             0x8011d8d4      0xbc  Code  Gb  xm_adc.o [1]
xm_core_allocate_linear_memory
                        0x801ba140      0x78  Code  Gb  xm_core_linear_memory.o [1]
xm_core_free_linear_memory
                        0x801ba1b8      0x4c  Code  Gb  xm_core_linear_memory.o [1]
xm_h264_cache_command_queue_init
                        0x80137038      0xd8  Code  Gb  xm_h264_cache_command_queue.o [1]
xm_h264_cache_command_queue_insert_command
                        0x80137110     0x19c  Code  Gb  xm_h264_cache_command_queue.o [1]
xm_h264_cache_command_queue_remove_command
                        0x801372ac      0xac  Code  Gb  xm_h264_cache_command_queue.o [1]
xm_h264_file_init       0x80106800      0x54  Code  Gb  xm_h264_file.o [1]
xm_i2c_close            0x8011fa0c      0xb4  Code  Gb  xm_i2c.o [1]
xm_i2c_device_close     0x8011fda4     0x108  Code  Gb  xm_i2c.o [1]
xm_i2c_device_open      0x8011fb9c     0x204  Code  Gb  xm_i2c.o [1]
xm_i2c_init             0x8011f774      0x50  Code  Gb  xm_i2c.o [1]
xm_i2c_open             0x8011f7c4     0x248  Code  Gb  xm_i2c.o [1]
xm_i2c_write            0x8011fac0      0xd8  Code  Gb  xm_i2c.o [1]
xm_isp_init             0x801238d4      0x10  Code  Gb  Gem_isp.o [1]
xm_isp_scalar_buffer_clear
                        0x80126aec      0x14  Code  Lc  xm_isp_scalar.o [1]
xm_isp_scalar_config    0x801268d4     0x218  Code  Gb  xm_isp_scalar.o [1]
xm_isp_scalar_exit      0x80126890      0x44  Code  Gb  xm_isp_scalar.o [1]
xm_isp_scalar_init      0x801267ec      0xa4  Code  Gb  xm_isp_scalar.o [1]
xm_isp_scalar_register_user_buffer
                        0x80126e04      0xbc  Code  Gb  xm_isp_scalar.o [1]
xm_isp_scalar_run       0x80126d78      0x8c  Code  Gb  xm_isp_scalar.o [1]
xm_isp_scalar_setup     0x8011783c      0xd8  Code  Lc  xm_video_task.o [1]
xm_isp_scalar_stop      0x80126ec0      0x90  Code  Gb  xm_isp_scalar.o [1]
xm_jpeg_decode          0x801a6ec4       0x8  Code  Gb  jpeg_task.o [1]
xm_memset               0x80147ebc      0x2c  Code  Gb  common_string.o [1]
xm_powerkey_init        0x8011dbc8      0x70  Code  Gb  xm_power.o [1]
xm_powerkey_test        0x8011daa0      0x24  Code  Gb  xm_power.o [1]
xm_restore_environment  0x801187c0     0x198  Code  Gb  xm_win_user.o [1]
xm_save_environment     0x8011872c      0x94  Code  Gb  xm_win_user.o [1]
xm_strcmpi              0x80147ee8      0x48  Code  Gb  common_string.o [1]
xm_stricmp              0x80147f30       0x4  Code  Gb  common_string.o [1]
xm_uart_init            0x8011e23c      0x54  Code  Gb  xm_uart.o [1]
xm_uart_open            0x8011e290     0x2cc  Code  Gb  xm_uart.o [1]
xm_uart_read            0x8011e84c     0x218  Code  Gb  xm_uart.o [1]
xm_uart_write           0x8011e5a8     0x2a4  Code  Gb  xm_uart.o [1]
y1                      0x81e66ee8       0x4  Data  Lc  mul64_op.o [12]
y2                      0x81e66ee4       0x4  Data  Lc  mul64_op.o [12]
yuv_buf0                0x8265c800  0x2f7600  Data  Gb  Gem_isp.o [1]
yuv_buf1                0x82954000  0x2f7600  Data  Gb  Gem_isp.o [1]
yuv_buf2                0x82c4b800  0x2f7600  Data  Gb  Gem_isp.o [1]
yuv_buf3                0x82f43000  0x2f7600  Data  Gb  Gem_isp.o [1]
yuv_wFrameSize_height   0x81e64e00      0x20  Data  Gb  descript_def.o [1]
yuv_wFrameSize_width    0x81e64de0      0x20  Data  Gb  descript_def.o [1]
yuv_winFrame_BufferSize
                        0x81e64e60      0x3c  Data  Gb  descript_def.o [1]
yuv_winFrame_order      0x81e64ee0      0x10  Data  Gb  descript_def.o [1]
zcalloc                 0x801bce50      0x18  Code  Gb  zutil.o [14]
zcfree                  0x801bce68      0x10  Code  Gb  zutil.o [14]
zerobuffer.9130         0x8376c928      0x20  Data  Lc  utils.o [6]
zigZag4x4               0x80184f2c      0x40  Data  Lc  h264hwd_seq_param_set.o [1]
zigZag8x8               0x80184f6c     0x100  Data  Lc  h264hwd_seq_param_set.o [1]


[1] = E:\proj\ARKN141\sw\xspace\proj\ARKN141_DEMO\Debug\Obj
[2] = E:\proj\ARKN141\sw\xspace\rtos\core
[3] = command line
[4] = dl5E_tln.a
[5] = libavcodec.a
[6] = libavformat.a
[7] = libavutil.a
[8] = lpng167.a
[9] = m5E_tl.a
[10] = os5t_al__d.a
[11] = rt5E_al.a
[12] = speech_decoder_arm.a
[13] = speech_decoder_thumb.a
[14] = zlib-1.2.8.a

     858 087 bytes of readonly  code memory
   1 131 971 bytes of readonly  data memory
  54 971 733 bytes of readwrite data memory

Errors: none
Warnings: 3
