###############################################################################
#                                                                             #
# IAR ELF Linker V6.10.1.52143/W32 for ARM              22/Jun/2017  13:40:31 #
# Copyright 2007-2010 IAR Systems AB.                                         #
#                                                                             #
#    Output file  =  E:\proj\ARKN141\sw\xspace\proj\ARKN141_DEMO\HONGJING_CVB #
#                    S_3D_OFF_JLINK\Exe\ARKN141_DEMO.out                      #
#    Map file     =  E:\proj\ARKN141\sw\xspace\proj\ARKN141_DEMO\HONGJING_CVB #
#                    S_3D_OFF_JLINK\List\ARKN141_DEMO.map                     #
#    Command line =  -f E:\proj\ARKN141\sw\xspace\proj\ARKN141_DEMO\EWF91E.tm #
#                    p ("C:\Program Files (x86)\IAR Systems\Embedded          #
#                    Workbench 6.0\arm\PowerPac\RTOS\Lib\os5t_al__d.a"        #
#                    E:\proj\ARKN141\sw\xspace\hwlib\lpng167.a                #
#                    E:\proj\ARKN141\sw\xspace\hwlib\speech_decoder_arm.a     #
#                    E:\proj\ARKN141\sw\xspace\hwlib\speech_decoder_thumb.a   #
#                    E:\proj\ARKN141\sw\xspace\hwlib\zlib-1.2.8.a             #
#                    E:\proj\ARKN141\sw\xspace\proj\ARKN141_DEMO\HONGJING_CVB #
#                    S_3D_OFF_JLINK\Obj\AudioFunction.o                       #
#                    E:\proj\ARKN141\sw\xspace\proj\ARKN141_DEMO\HONGJING_CVB #
#                    S_3D_OFF_JLINK\Obj\CdrRequest.o                          #
#                    E:\proj\ARKN141\sw\xspace\proj\ARKN141_DEMO\HONGJING_CVB #
#                    S_3D_OFF_JLINK\Obj\ConfigDrive.o                         #
#                    E:\proj\ARKN141\sw\xspace\proj\ARKN141_DEMO\HONGJING_CVB #
#                    S_3D_OFF_JLINK\Obj\CpuClkCounter.o                       #
#                    E:\proj\ARKN141\sw\xspace\proj\ARKN141_DEMO\HONGJING_CVB #
#                    S_3D_OFF_JLINK\Obj\DecGetOption.o                        #
#                    E:\proj\ARKN141\sw\xspace\proj\ARKN141_DEMO\HONGJING_CVB #
#                    S_3D_OFF_JLINK\Obj\EncGetOption.o                        #
#                    E:\proj\ARKN141\sw\xspace\proj\ARKN141_DEMO\HONGJING_CVB #
#                    S_3D_OFF_JLINK\Obj\EncJpeg.o                             #
#                    E:\proj\ARKN141\sw\xspace\proj\ARKN141_DEMO\HONGJING_CVB #
#                    S_3D_OFF_JLINK\Obj\EncJpegCodeFrame.o                    #
#                    E:\proj\ARKN141\sw\xspace\proj\ARKN141_DEMO\HONGJING_CVB #
#                    S_3D_OFF_JLINK\Obj\EncJpegInit.o                         #
#                    E:\proj\ARKN141\sw\xspace\proj\ARKN141_DEMO\HONGJING_CVB #
#                    S_3D_OFF_JLINK\Obj\EncJpegPutBits.o                      #
#                    E:\proj\ARKN141\sw\xspace\proj\ARKN141_DEMO\HONGJING_CVB #
#                    S_3D_OFF_JLINK\Obj\FAT_API.o                             #
#                    E:\proj\ARKN141\sw\xspace\proj\ARKN141_DEMO\HONGJING_CVB #
#                    S_3D_OFF_JLINK\Obj\FAT_CheckDisk.o                       #
#                    E:\proj\ARKN141\sw\xspace\proj\ARKN141_DEMO\HONGJING_CVB #
#                    S_3D_OFF_JLINK\Obj\FAT_Dir.o                             #
#                    E:\proj\ARKN141\sw\xspace\proj\ARKN141_DEMO\HONGJING_CVB #
#                    S_3D_OFF_JLINK\Obj\FAT_DirEntry.o                        #
#                    E:\proj\ARKN141\sw\xspace\proj\ARKN141_DEMO\HONGJING_CVB #
#                    S_3D_OFF_JLINK\Obj\FAT_DiskInfo.o                        #
#                    E:\proj\ARKN141\sw\xspace\proj\ARKN141_DEMO\HONGJING_CVB #
#                    S_3D_OFF_JLINK\Obj\FAT_Format.o                          #
#                    E:\proj\ARKN141\sw\xspace\proj\ARKN141_DEMO\HONGJING_CVB #
#                    S_3D_OFF_JLINK\Obj\FAT_FormatSD.o                        #
#                    E:\proj\ARKN141\sw\xspace\proj\ARKN141_DEMO\HONGJING_CVB #
#                    S_3D_OFF_JLINK\Obj\FAT_FreeCluster.o                     #
#                    E:\proj\ARKN141\sw\xspace\proj\ARKN141_DEMO\HONGJING_CVB #
#                    S_3D_OFF_JLINK\Obj\FAT_GetFileClusterSectorInfo.o        #
#                    E:\proj\ARKN141\sw\xspace\proj\ARKN141_DEMO\HONGJING_CVB #
#                    S_3D_OFF_JLINK\Obj\FAT_Ioct.o                            #
#                    E:\proj\ARKN141\sw\xspace\proj\ARKN141_DEMO\HONGJING_CVB #
#                    S_3D_OFF_JLINK\Obj\FAT_LFN.o                             #
#                    E:\proj\ARKN141\sw\xspace\proj\ARKN141_DEMO\HONGJING_CVB #
#                    S_3D_OFF_JLINK\Obj\FAT_Misc.o                            #
#                    E:\proj\ARKN141\sw\xspace\proj\ARKN141_DEMO\HONGJING_CVB #
#                    S_3D_OFF_JLINK\Obj\FAT_Move.o                            #
#                    E:\proj\ARKN141\sw\xspace\proj\ARKN141_DEMO\HONGJING_CVB #
#                    S_3D_OFF_JLINK\Obj\FAT_Open.o                            #
#                    E:\proj\ARKN141\sw\xspace\proj\ARKN141_DEMO\HONGJING_CVB #
#                    S_3D_OFF_JLINK\Obj\FAT_Read.o                            #
#                    E:\proj\ARKN141\sw\xspace\proj\ARKN141_DEMO\HONGJING_CVB #
#                    S_3D_OFF_JLINK\Obj\FAT_Rename.o                          #
#                    E:\proj\ARKN141\sw\xspace\proj\ARKN141_DEMO\HONGJING_CVB #
#                    S_3D_OFF_JLINK\Obj\FAT_SetEndOfFile.o                    #
#                    E:\proj\ARKN141\sw\xspace\proj\ARKN141_DEMO\HONGJING_CVB #
#                    S_3D_OFF_JLINK\Obj\FAT_VolumeLabel.o                     #
#                    E:\proj\ARKN141\sw\xspace\proj\ARKN141_DEMO\HONGJING_CVB #
#                    S_3D_OFF_JLINK\Obj\FAT_Write.o                           #
#                    E:\proj\ARKN141\sw\xspace\proj\ARKN141_DEMO\HONGJING_CVB #
#                    S_3D_OFF_JLINK\Obj\FS_AddSpaceHex.o                      #
#                    E:\proj\ARKN141\sw\xspace\proj\ARKN141_DEMO\HONGJING_CVB #
#                    S_3D_OFF_JLINK\Obj\FS_AssignCache.o                      #
#                    E:\proj\ARKN141\sw\xspace\proj\ARKN141_DEMO\HONGJING_CVB #
#                    S_3D_OFF_JLINK\Obj\FS_Attrib.o                           #
#                    E:\proj\ARKN141\sw\xspace\proj\ARKN141_DEMO\HONGJING_CVB #
#                    S_3D_OFF_JLINK\Obj\FS_CLib.o                             #
#                    E:\proj\ARKN141\sw\xspace\proj\ARKN141_DEMO\HONGJING_CVB #
#                    S_3D_OFF_JLINK\Obj\FS_CacheAll.o                         #
#                    E:\proj\ARKN141\sw\xspace\proj\ARKN141_DEMO\HONGJING_CVB #
#                    S_3D_OFF_JLINK\Obj\FS_CacheMan.o                         #
#                    E:\proj\ARKN141\sw\xspace\proj\ARKN141_DEMO\HONGJING_CVB #
#                    S_3D_OFF_JLINK\Obj\FS_CacheRW.o                          #
#                    E:\proj\ARKN141\sw\xspace\proj\ARKN141_DEMO\HONGJING_CVB #
#                    S_3D_OFF_JLINK\Obj\FS_CacheRWQuota.o                     #
#                    E:\proj\ARKN141\sw\xspace\proj\ARKN141_DEMO\HONGJING_CVB #
#                    S_3D_OFF_JLINK\Obj\FS_CopyFile.o                         #
#                    E:\proj\ARKN141\sw\xspace\proj\ARKN141_DEMO\HONGJING_CVB #
#                    S_3D_OFF_JLINK\Obj\FS_Core.o                             #
#                    E:\proj\ARKN141\sw\xspace\proj\ARKN141_DEMO\HONGJING_CVB #
#                    S_3D_OFF_JLINK\Obj\FS_CreateDir.o                        #
#                    E:\proj\ARKN141\sw\xspace\proj\ARKN141_DEMO\HONGJING_CVB #
#                    S_3D_OFF_JLINK\Obj\FS_Dir.o                              #
#                    E:\proj\ARKN141\sw\xspace\proj\ARKN141_DEMO\HONGJING_CVB #
#                    S_3D_OFF_JLINK\Obj\FS_DirOld.o                           #
#                    E:\proj\ARKN141\sw\xspace\proj\ARKN141_DEMO\HONGJING_CVB #
#                    S_3D_OFF_JLINK\Obj\FS_ErrorNo2Text.o                     #
#                    E:\proj\ARKN141\sw\xspace\proj\ARKN141_DEMO\HONGJING_CVB #
#                    S_3D_OFF_JLINK\Obj\FS_ErrorOut.o                         #
#                    E:\proj\ARKN141\sw\xspace\proj\ARKN141_DEMO\HONGJING_CVB #
#                    S_3D_OFF_JLINK\Obj\FS_FRead.o                            #
#                    E:\proj\ARKN141\sw\xspace\proj\ARKN141_DEMO\HONGJING_CVB #
#                    S_3D_OFF_JLINK\Obj\FS_FWrite.o                           #
#                    E:\proj\ARKN141\sw\xspace\proj\ARKN141_DEMO\HONGJING_CVB #
#                    S_3D_OFF_JLINK\Obj\FS_Format.o                           #
#                    E:\proj\ARKN141\sw\xspace\proj\ARKN141_DEMO\HONGJING_CVB #
#                    S_3D_OFF_JLINK\Obj\FS_GetFilePos.o                       #
#                    E:\proj\ARKN141\sw\xspace\proj\ARKN141_DEMO\HONGJING_CVB #
#                    S_3D_OFF_JLINK\Obj\FS_GetFileSize.o                      #
#                    E:\proj\ARKN141\sw\xspace\proj\ARKN141_DEMO\HONGJING_CVB #
#                    S_3D_OFF_JLINK\Obj\FS_GetNumFiles.o                      #
#                    E:\proj\ARKN141\sw\xspace\proj\ARKN141_DEMO\HONGJING_CVB #
#                    S_3D_OFF_JLINK\Obj\FS_GetNumOpenFiles.o                  #
#                    E:\proj\ARKN141\sw\xspace\proj\ARKN141_DEMO\HONGJING_CVB #
#                    S_3D_OFF_JLINK\Obj\FS_Journal.o                          #
#                    E:\proj\ARKN141\sw\xspace\proj\ARKN141_DEMO\HONGJING_CVB #
#                    S_3D_OFF_JLINK\Obj\FS_Log.o                              #
#                    E:\proj\ARKN141\sw\xspace\proj\ARKN141_DEMO\HONGJING_CVB #
#                    S_3D_OFF_JLINK\Obj\FS_LogBlock.o                         #
#                    E:\proj\ARKN141\sw\xspace\proj\ARKN141_DEMO\HONGJING_CVB #
#                    S_3D_OFF_JLINK\Obj\FS_LogVolume.o                        #
#                    E:\proj\ARKN141\sw\xspace\proj\ARKN141_DEMO\HONGJING_CVB #
#                    S_3D_OFF_JLINK\Obj\FS_Misc.o                             #
#                    E:\proj\ARKN141\sw\xspace\proj\ARKN141_DEMO\HONGJING_CVB #
#                    S_3D_OFF_JLINK\Obj\FS_Move.o                             #
#                    E:\proj\ARKN141\sw\xspace\proj\ARKN141_DEMO\HONGJING_CVB #
#                    S_3D_OFF_JLINK\Obj\FS_OS.o E:\proj\ARKN141\sw\xspace\pro #
#                    j\ARKN141_DEMO\HONGJING_CVBS_3D_OFF_JLINK\Obj\FS_OS_Inte #
#                    rface.o E:\proj\ARKN141\sw\xspace\proj\ARKN141_DEMO\HONG #
#                    JING_CVBS_3D_OFF_JLINK\Obj\FS_Partition.o                #
#                    E:\proj\ARKN141\sw\xspace\proj\ARKN141_DEMO\HONGJING_CVB #
#                    S_3D_OFF_JLINK\Obj\FS_Read.o                             #
#                    E:\proj\ARKN141\sw\xspace\proj\ARKN141_DEMO\HONGJING_CVB #
#                    S_3D_OFF_JLINK\Obj\FS_Rename.o                           #
#                    E:\proj\ARKN141\sw\xspace\proj\ARKN141_DEMO\HONGJING_CVB #
#                    S_3D_OFF_JLINK\Obj\FS_SetEndOfFile.o                     #
#                    E:\proj\ARKN141\sw\xspace\proj\ARKN141_DEMO\HONGJING_CVB #
#                    S_3D_OFF_JLINK\Obj\FS_SetFilePos.o                       #
#                    E:\proj\ARKN141\sw\xspace\proj\ARKN141_DEMO\HONGJING_CVB #
#                    S_3D_OFF_JLINK\Obj\FS_Storage.o                          #
#                    E:\proj\ARKN141\sw\xspace\proj\ARKN141_DEMO\HONGJING_CVB #
#                    S_3D_OFF_JLINK\Obj\FS_Time.o                             #
#                    E:\proj\ARKN141\sw\xspace\proj\ARKN141_DEMO\HONGJING_CVB #
#                    S_3D_OFF_JLINK\Obj\FS_Truncate.o                         #
#                    E:\proj\ARKN141\sw\xspace\proj\ARKN141_DEMO\HONGJING_CVB #
#                    S_3D_OFF_JLINK\Obj\FS_Unmount.o                          #
#                    E:\proj\ARKN141\sw\xspace\proj\ARKN141_DEMO\HONGJING_CVB #
#                    S_3D_OFF_JLINK\Obj\FS_Verify.o                           #
#                    E:\proj\ARKN141\sw\xspace\proj\ARKN141_DEMO\HONGJING_CVB #
#                    S_3D_OFF_JLINK\Obj\FS_Volume.o                           #
#                    E:\proj\ARKN141\sw\xspace\proj\ARKN141_DEMO\HONGJING_CVB #
#                    S_3D_OFF_JLINK\Obj\FS_Warn.o                             #
#                    E:\proj\ARKN141\sw\xspace\proj\ARKN141_DEMO\HONGJING_CVB #
#                    S_3D_OFF_JLINK\Obj\FS_Write.o                            #
#                    E:\proj\ARKN141\sw\xspace\proj\ARKN141_DEMO\HONGJING_CVB #
#                    S_3D_OFF_JLINK\Obj\FS_X_Panic.o                          #
#                    E:\proj\ARKN141\sw\xspace\proj\ARKN141_DEMO\HONGJING_CVB #
#                    S_3D_OFF_JLINK\Obj\FS__ECC256.o                          #
#                    E:\proj\ARKN141\sw\xspace\proj\ARKN141_DEMO\HONGJING_CVB #
#                    S_3D_OFF_JLINK\Obj\FS_memcpy.o                           #
#                    E:\proj\ARKN141\sw\xspace\proj\ARKN141_DEMO\HONGJING_CVB #
#                    S_3D_OFF_JLINK\Obj\Gem_isp.o                             #
#                    E:\proj\ARKN141\sw\xspace\proj\ARKN141_DEMO\HONGJING_CVB #
#                    S_3D_OFF_JLINK\Obj\Gem_isp_ae.o                          #
#                    E:\proj\ARKN141\sw\xspace\proj\ARKN141_DEMO\HONGJING_CVB #
#                    S_3D_OFF_JLINK\Obj\Gem_isp_awb.o                         #
#                    E:\proj\ARKN141\sw\xspace\proj\ARKN141_DEMO\HONGJING_CVB #
#                    S_3D_OFF_JLINK\Obj\Gem_isp_colors.o                      #
#                    E:\proj\ARKN141\sw\xspace\proj\ARKN141_DEMO\HONGJING_CVB #
#                    S_3D_OFF_JLINK\Obj\Gem_isp_config.o                      #
#                    E:\proj\ARKN141\sw\xspace\proj\ARKN141_DEMO\HONGJING_CVB #
#                    S_3D_OFF_JLINK\Obj\Gem_isp_debug.o                       #
#                    E:\proj\ARKN141\sw\xspace\proj\ARKN141_DEMO\HONGJING_CVB #
#                    S_3D_OFF_JLINK\Obj\Gem_isp_denoise.o                     #
#                    E:\proj\ARKN141\sw\xspace\proj\ARKN141_DEMO\HONGJING_CVB #
#                    S_3D_OFF_JLINK\Obj\Gem_isp_enhance.o                     #
#                    E:\proj\ARKN141\sw\xspace\proj\ARKN141_DEMO\HONGJING_CVB #
#                    S_3D_OFF_JLINK\Obj\Gem_isp_eris.o                        #
#                    E:\proj\ARKN141\sw\xspace\proj\ARKN141_DEMO\HONGJING_CVB #
#                    S_3D_OFF_JLINK\Obj\Gem_isp_fesp.o                        #
#                    E:\proj\ARKN141\sw\xspace\proj\ARKN141_DEMO\HONGJING_CVB #
#                    S_3D_OFF_JLINK\Obj\Gem_isp_io.o                          #
#                    E:\proj\ARKN141\sw\xspace\proj\ARKN141_DEMO\HONGJING_CVB #
#                    S_3D_OFF_JLINK\Obj\Gem_isp_sys.o                         #
#                    E:\proj\ARKN141\sw\xspace\proj\ARKN141_DEMO\HONGJING_CVB #
#                    S_3D_OFF_JLINK\Obj\H264Cabac.o                           #
#                    E:\proj\ARKN141\sw\xspace\proj\ARKN141_DEMO\HONGJING_CVB #
#                    S_3D_OFF_JLINK\Obj\H264CodeFrame.o                       #
#                    E:\proj\ARKN141\sw\xspace\proj\ARKN141_DEMO\HONGJING_CVB #
#                    S_3D_OFF_JLINK\Obj\H264DecTestBench.o                    #
#                    E:\proj\ARKN141\sw\xspace\proj\ARKN141_DEMO\HONGJING_CVB #
#                    S_3D_OFF_JLINK\Obj\H264EncApi.o                          #
#                    E:\proj\ARKN141\sw\xspace\proj\ARKN141_DEMO\HONGJING_CVB #
#                    S_3D_OFF_JLINK\Obj\H264Init.o                            #
#                    E:\proj\ARKN141\sw\xspace\proj\ARKN141_DEMO\HONGJING_CVB #
#                    S_3D_OFF_JLINK\Obj\H264Mad.o                             #
#                    E:\proj\ARKN141\sw\xspace\proj\ARKN141_DEMO\HONGJING_CVB #
#                    S_3D_OFF_JLINK\Obj\H264NalUnit.o                         #
#                    E:\proj\ARKN141\sw\xspace\proj\ARKN141_DEMO\HONGJING_CVB #
#                    S_3D_OFF_JLINK\Obj\H264PictureParameterSet.o             #
#                    E:\proj\ARKN141\sw\xspace\proj\ARKN141_DEMO\HONGJING_CVB #
#                    S_3D_OFF_JLINK\Obj\H264PutBits.o                         #
#                    E:\proj\ARKN141\sw\xspace\proj\ARKN141_DEMO\HONGJING_CVB #
#                    S_3D_OFF_JLINK\Obj\H264RateControl.o                     #
#                    E:\proj\ARKN141\sw\xspace\proj\ARKN141_DEMO\HONGJING_CVB #
#                    S_3D_OFF_JLINK\Obj\H264Sei.o                             #
#                    E:\proj\ARKN141\sw\xspace\proj\ARKN141_DEMO\HONGJING_CVB #
#                    S_3D_OFF_JLINK\Obj\H264SequenceParameterSet.o            #
#                    E:\proj\ARKN141\sw\xspace\proj\ARKN141_DEMO\HONGJING_CVB #
#                    S_3D_OFF_JLINK\Obj\H264Slice.o                           #
#                    E:\proj\ARKN141\sw\xspace\proj\ARKN141_DEMO\HONGJING_CVB #
#                    S_3D_OFF_JLINK\Obj\H264TestBench.o                       #
#                    E:\proj\ARKN141\sw\xspace\proj\ARKN141_DEMO\HONGJING_CVB #
#                    S_3D_OFF_JLINK\Obj\H264TestId.o                          #
#                    E:\proj\ARKN141\sw\xspace\proj\ARKN141_DEMO\HONGJING_CVB #
#                    S_3D_OFF_JLINK\Obj\IO.o E:\proj\ARKN141\sw\xspace\proj\A #
#                    RKN141_DEMO\HONGJING_CVBS_3D_OFF_JLINK\Obj\InitSetting.o #
#                     E:\proj\ARKN141\sw\xspace\proj\ARKN141_DEMO\HONGJING_CV #
#                    BS_3D_OFF_JLINK\Obj\IntegrationTestRegister.o            #
#                    E:\proj\ARKN141\sw\xspace\proj\ARKN141_DEMO\HONGJING_CVB #
#                    S_3D_OFF_JLINK\Obj\JpegEncApi.o                          #
#                    E:\proj\ARKN141\sw\xspace\proj\ARKN141_DEMO\HONGJING_CVB #
#                    S_3D_OFF_JLINK\Obj\JpegEncTestBench.o                    #
#                    E:\proj\ARKN141\sw\xspace\proj\ARKN141_DEMO\HONGJING_CVB #
#                    S_3D_OFF_JLINK\Obj\Jpegdectestbench.o                    #
#                    E:\proj\ARKN141\sw\xspace\proj\ARKN141_DEMO\HONGJING_CVB #
#                    S_3D_OFF_JLINK\Obj\OS_Error.o                            #
#                    E:\proj\ARKN141\sw\xspace\proj\ARKN141_DEMO\HONGJING_CVB #
#                    S_3D_OFF_JLINK\Obj\SD_MMC1_Drive.o                       #
#                    E:\proj\ARKN141\sw\xspace\proj\ARKN141_DEMO\HONGJING_CVB #
#                    S_3D_OFF_JLINK\Obj\SD_MMC_Drive.o                        #
#                    E:\proj\ARKN141\sw\xspace\proj\ARKN141_DEMO\HONGJING_CVB #
#                    S_3D_OFF_JLINK\Obj\SensorCommon.o                        #
#                    E:\proj\ARKN141\sw\xspace\proj\ARKN141_DEMO\HONGJING_CVB #
#                    S_3D_OFF_JLINK\Obj\SystemAPI.o                           #
#                    E:\proj\ARKN141\sw\xspace\proj\ARKN141_DEMO\HONGJING_CVB #
#                    S_3D_OFF_JLINK\Obj\Uart_Protocal.o                       #
#                    E:\proj\ARKN141\sw\xspace\proj\ARKN141_DEMO\HONGJING_CVB #
#                    S_3D_OFF_JLINK\Obj\UsbRequest.o                          #
#                    E:\proj\ARKN141\sw\xspace\proj\ARKN141_DEMO\HONGJING_CVB #
#                    S_3D_OFF_JLINK\Obj\UvcRequest.o                          #
#                    E:\proj\ARKN141\sw\xspace\proj\ARKN141_DEMO\HONGJING_CVB #
#                    S_3D_OFF_JLINK\Obj\UvcVideo.o                            #
#                    E:\proj\ARKN141\sw\xspace\proj\ARKN141_DEMO\HONGJING_CVB #
#                    S_3D_OFF_JLINK\Obj\VideoFunction.o                       #
#                    E:\proj\ARKN141\sw\xspace\proj\ARKN141_DEMO\HONGJING_CVB #
#                    S_3D_OFF_JLINK\Obj\alert_view.o                          #
#                    E:\proj\ARKN141\sw\xspace\proj\ARKN141_DEMO\HONGJING_CVB #
#                    S_3D_OFF_JLINK\Obj\ap0330.o                              #
#                    E:\proj\ARKN141\sw\xspace\proj\ARKN141_DEMO\HONGJING_CVB #
#                    S_3D_OFF_JLINK\Obj\app_album.o                           #
#                    E:\proj\ARKN141\sw\xspace\proj\ARKN141_DEMO\HONGJING_CVB #
#                    S_3D_OFF_JLINK\Obj\app_albumlistview.o                   #
#                    E:\proj\ARKN141\sw\xspace\proj\ARKN141_DEMO\HONGJING_CVB #
#                    S_3D_OFF_JLINK\Obj\app_albumview.o                       #
#                    E:\proj\ARKN141\sw\xspace\proj\ARKN141_DEMO\HONGJING_CVB #
#                    S_3D_OFF_JLINK\Obj\app_button.o                          #
#                    E:\proj\ARKN141\sw\xspace\proj\ARKN141_DEMO\HONGJING_CVB #
#                    S_3D_OFF_JLINK\Obj\app_datetimesetting.o                 #
#                    E:\proj\ARKN141\sw\xspace\proj\ARKN141_DEMO\HONGJING_CVB #
#                    S_3D_OFF_JLINK\Obj\app_format.o                          #
#                    E:\proj\ARKN141\sw\xspace\proj\ARKN141_DEMO\HONGJING_CVB #
#                    S_3D_OFF_JLINK\Obj\app_gps_alarm.o                       #
#                    E:\proj\ARKN141\sw\xspace\proj\ARKN141_DEMO\HONGJING_CVB #
#                    S_3D_OFF_JLINK\Obj\app_icon_library.o                    #
#                    E:\proj\ARKN141\sw\xspace\proj\ARKN141_DEMO\HONGJING_CVB #
#                    S_3D_OFF_JLINK\Obj\app_init.o                            #
#                    E:\proj\ARKN141\sw\xspace\proj\ARKN141_DEMO\HONGJING_CVB #
#                    S_3D_OFF_JLINK\Obj\app_menudata.o                        #
#                    E:\proj\ARKN141\sw\xspace\proj\ARKN141_DEMO\HONGJING_CVB #
#                    S_3D_OFF_JLINK\Obj\app_menuid.o                          #
#                    E:\proj\ARKN141\sw\xspace\proj\ARKN141_DEMO\HONGJING_CVB #
#                    S_3D_OFF_JLINK\Obj\app_menuoptionview.o                  #
#                    E:\proj\ARKN141\sw\xspace\proj\ARKN141_DEMO\HONGJING_CVB #
#                    S_3D_OFF_JLINK\Obj\app_messageview.o                     #
#                    E:\proj\ARKN141\sw\xspace\proj\ARKN141_DEMO\HONGJING_CVB #
#                    S_3D_OFF_JLINK\Obj\app_okcancelview.o                    #
#                    E:\proj\ARKN141\sw\xspace\proj\ARKN141_DEMO\HONGJING_CVB #
#                    S_3D_OFF_JLINK\Obj\app_onekey_photograph.o               #
#                    E:\proj\ARKN141\sw\xspace\proj\ARKN141_DEMO\HONGJING_CVB #
#                    S_3D_OFF_JLINK\Obj\app_processview.o                     #
#                    E:\proj\ARKN141\sw\xspace\proj\ARKN141_DEMO\HONGJING_CVB #
#                    S_3D_OFF_JLINK\Obj\app_recycleview.o                     #
#                    E:\proj\ARKN141\sw\xspace\proj\ARKN141_DEMO\HONGJING_CVB #
#                    S_3D_OFF_JLINK\Obj\app_romimage.o                        #
#                    E:\proj\ARKN141\sw\xspace\proj\ARKN141_DEMO\HONGJING_CVB #
#                    S_3D_OFF_JLINK\Obj\app_settingview.o                     #
#                    E:\proj\ARKN141\sw\xspace\proj\ARKN141_DEMO\HONGJING_CVB #
#                    S_3D_OFF_JLINK\Obj\app_soundvolumeview.o                 #
#                    E:\proj\ARKN141\sw\xspace\proj\ARKN141_DEMO\HONGJING_CVB #
#                    S_3D_OFF_JLINK\Obj\app_switch_button.o                   #
#                    E:\proj\ARKN141\sw\xspace\proj\ARKN141_DEMO\HONGJING_CVB #
#                    S_3D_OFF_JLINK\Obj\app_systemsettingview.o               #
#                    E:\proj\ARKN141\sw\xspace\proj\ARKN141_DEMO\HONGJING_CVB #
#                    S_3D_OFF_JLINK\Obj\app_systemupdate.o                    #
#                    E:\proj\ARKN141\sw\xspace\proj\ARKN141_DEMO\HONGJING_CVB #
#                    S_3D_OFF_JLINK\Obj\app_systemversionview.o               #
#                    E:\proj\ARKN141\sw\xspace\proj\ARKN141_DEMO\HONGJING_CVB #
#                    S_3D_OFF_JLINK\Obj\app_task.o                            #
#                    E:\proj\ARKN141\sw\xspace\proj\ARKN141_DEMO\HONGJING_CVB #
#                    S_3D_OFF_JLINK\Obj\app_time.o                            #
#                    E:\proj\ARKN141\sw\xspace\proj\ARKN141_DEMO\HONGJING_CVB #
#                    S_3D_OFF_JLINK\Obj\app_titlebar.o                        #
#                    E:\proj\ARKN141\sw\xspace\proj\ARKN141_DEMO\HONGJING_CVB #
#                    S_3D_OFF_JLINK\Obj\app_video.o                           #
#                    E:\proj\ARKN141\sw\xspace\proj\ARKN141_DEMO\HONGJING_CVB #
#                    S_3D_OFF_JLINK\Obj\app_videolistview.o                   #
#                    E:\proj\ARKN141\sw\xspace\proj\ARKN141_DEMO\HONGJING_CVB #
#                    S_3D_OFF_JLINK\Obj\app_videosettingview.o                #
#                    E:\proj\ARKN141\sw\xspace\proj\ARKN141_DEMO\HONGJING_CVB #
#                    S_3D_OFF_JLINK\Obj\app_videoview.o                       #
#                    E:\proj\ARKN141\sw\xspace\proj\ARKN141_DEMO\HONGJING_CVB #
#                    S_3D_OFF_JLINK\Obj\app_voice.o                           #
#                    E:\proj\ARKN141\sw\xspace\proj\ARKN141_DEMO\HONGJING_CVB #
#                    S_3D_OFF_JLINK\Obj\ar0238.o                              #
#                    E:\proj\ARKN141\sw\xspace\proj\ARKN141_DEMO\HONGJING_CVB #
#                    S_3D_OFF_JLINK\Obj\arkn141_cmos_sensor_ar0238.o          #
#                    E:\proj\ARKN141\sw\xspace\proj\ARKN141_DEMO\HONGJING_CVB #
#                    S_3D_OFF_JLINK\Obj\arkn141_cmos_sensor_ar0238_io.o       #
#                    E:\proj\ARKN141\sw\xspace\proj\ARKN141_DEMO\HONGJING_CVB #
#                    S_3D_OFF_JLINK\Obj\arkn141_cmos_sensor_ar0330.o          #
#                    E:\proj\ARKN141\sw\xspace\proj\ARKN141_DEMO\HONGJING_CVB #
#                    S_3D_OFF_JLINK\Obj\arkn141_cmos_sensor_ar0330_io.o       #
#                    E:\proj\ARKN141\sw\xspace\proj\ARKN141_DEMO\HONGJING_CVB #
#                    S_3D_OFF_JLINK\Obj\arkn141_cmos_sensor_bg0806.o          #
#                    E:\proj\ARKN141\sw\xspace\proj\ARKN141_DEMO\HONGJING_CVB #
#                    S_3D_OFF_JLINK\Obj\arkn141_cmos_sensor_bg0806_io.o       #
#                    E:\proj\ARKN141\sw\xspace\proj\ARKN141_DEMO\HONGJING_CVB #
#                    S_3D_OFF_JLINK\Obj\arkn141_cmos_sensor_imx322.o          #
#                    E:\proj\ARKN141\sw\xspace\proj\ARKN141_DEMO\HONGJING_CVB #
#                    S_3D_OFF_JLINK\Obj\arkn141_cmos_sensor_imx322_io.o       #
#                    E:\proj\ARKN141\sw\xspace\proj\ARKN141_DEMO\HONGJING_CVB #
#                    S_3D_OFF_JLINK\Obj\arkn141_cmos_sensor_ps1210k.o         #
#                    E:\proj\ARKN141\sw\xspace\proj\ARKN141_DEMO\HONGJING_CVB #
#                    S_3D_OFF_JLINK\Obj\arkn141_cmos_sensor_ps1210k_io.o      #
#                    E:\proj\ARKN141\sw\xspace\proj\ARKN141_DEMO\HONGJING_CVB #
#                    S_3D_OFF_JLINK\Obj\arkn141_codec.o                       #
#                    E:\proj\ARKN141\sw\xspace\proj\ARKN141_DEMO\HONGJING_CVB #
#                    S_3D_OFF_JLINK\Obj\arkn141_codec_test.o                  #
#                    E:\proj\ARKN141\sw\xspace\proj\ARKN141_DEMO\HONGJING_CVB #
#                    S_3D_OFF_JLINK\Obj\arkn141_h264_decoder.o                #
#                    E:\proj\ARKN141\sw\xspace\proj\ARKN141_DEMO\HONGJING_CVB #
#                    S_3D_OFF_JLINK\Obj\arkn141_h264_encoder.o                #
#                    E:\proj\ARKN141\sw\xspace\proj\ARKN141_DEMO\HONGJING_CVB #
#                    S_3D_OFF_JLINK\Obj\arkn141_h264_encoder_test.o           #
#                    E:\proj\ARKN141\sw\xspace\proj\ARKN141_DEMO\HONGJING_CVB #
#                    S_3D_OFF_JLINK\Obj\arkn141_isp_exposure.o                #
#                    E:\proj\ARKN141\sw\xspace\proj\ARKN141_DEMO\HONGJING_CVB #
#                    S_3D_OFF_JLINK\Obj\arkn141_isp_exposure_cmos.o           #
#                    E:\proj\ARKN141\sw\xspace\proj\ARKN141_DEMO\HONGJING_CVB #
#                    S_3D_OFF_JLINK\Obj\arkn141_jpeg_decoder.o                #
#                    E:\proj\ARKN141\sw\xspace\proj\ARKN141_DEMO\HONGJING_CVB #
#                    S_3D_OFF_JLINK\Obj\arkn141_jpeg_encoder.o                #
#                    E:\proj\ARKN141\sw\xspace\proj\ARKN141_DEMO\HONGJING_CVB #
#                    S_3D_OFF_JLINK\Obj\arkn141_jpeg_test.o                   #
#                    E:\proj\ARKN141\sw\xspace\proj\ARKN141_DEMO\HONGJING_CVB #
#                    S_3D_OFF_JLINK\Obj\arkn141_scale.o                       #
#                    E:\proj\ARKN141\sw\xspace\proj\ARKN141_DEMO\HONGJING_CVB #
#                    S_3D_OFF_JLINK\Obj\avi_codec_task.o                      #
#                    E:\proj\ARKN141\sw\xspace\proj\ARKN141_DEMO\HONGJING_CVB #
#                    S_3D_OFF_JLINK\Obj\avio.o E:\proj\ARKN141\sw\xspace\proj #
#                    \ARKN141_DEMO\HONGJING_CVBS_3D_OFF_JLINK\Obj\bg0806.o    #
#                    E:\proj\ARKN141\sw\xspace\proj\ARKN141_DEMO\HONGJING_CVB #
#                    S_3D_OFF_JLINK\Obj\bqueue.o                              #
#                    E:\proj\ARKN141\sw\xspace\proj\ARKN141_DEMO\HONGJING_CVB #
#                    S_3D_OFF_JLINK\Obj\calender.o                            #
#                    E:\proj\ARKN141\sw\xspace\proj\ARKN141_DEMO\HONGJING_CVB #
#                    S_3D_OFF_JLINK\Obj\camera_task.o                         #
#                    E:\proj\ARKN141\sw\xspace\proj\ARKN141_DEMO\HONGJING_CVB #
#                    S_3D_OFF_JLINK\Obj\clock.o E:\proj\ARKN141\sw\xspace\pro #
#                    j\ARKN141_DEMO\HONGJING_CVBS_3D_OFF_JLINK\Obj\common_cha #
#                    rdef.o E:\proj\ARKN141\sw\xspace\proj\ARKN141_DEMO\HONGJ #
#                    ING_CVBS_3D_OFF_JLINK\Obj\common_chartype.o              #
#                    E:\proj\ARKN141\sw\xspace\proj\ARKN141_DEMO\HONGJING_CVB #
#                    S_3D_OFF_JLINK\Obj\common_rbtr.o                         #
#                    E:\proj\ARKN141\sw\xspace\proj\ARKN141_DEMO\HONGJING_CVB #
#                    S_3D_OFF_JLINK\Obj\common_string.o                       #
#                    E:\proj\ARKN141\sw\xspace\proj\ARKN141_DEMO\HONGJING_CVB #
#                    S_3D_OFF_JLINK\Obj\common_wstring.o                      #
#                    E:\proj\ARKN141\sw\xspace\proj\ARKN141_DEMO\HONGJING_CVB #
#                    S_3D_OFF_JLINK\Obj\cortex_a5_board_cstartup_iar.o        #
#                    E:\proj\ARKN141\sw\xspace\proj\ARKN141_DEMO\HONGJING_CVB #
#                    S_3D_OFF_JLINK\Obj\cortex_a5_cp15.o                      #
#                    E:\proj\ARKN141\sw\xspace\proj\ARKN141_DEMO\HONGJING_CVB #
#                    S_3D_OFF_JLINK\Obj\cortex_a5_cp15_asm_iar.o              #
#                    E:\proj\ARKN141\sw\xspace\proj\ARKN141_DEMO\HONGJING_CVB #
#                    S_3D_OFF_JLINK\Obj\cortex_a5_mmu.o                       #
#                    E:\proj\ARKN141\sw\xspace\proj\ARKN141_DEMO\HONGJING_CVB #
#                    S_3D_OFF_JLINK\Obj\crc16.o E:\proj\ARKN141\sw\xspace\pro #
#                    j\ARKN141_DEMO\HONGJING_CVBS_3D_OFF_JLINK\Obj\csc.o      #
#                    E:\proj\ARKN141\sw\xspace\proj\ARKN141_DEMO\HONGJING_CVB #
#                    S_3D_OFF_JLINK\Obj\descript.o                            #
#                    E:\proj\ARKN141\sw\xspace\proj\ARKN141_DEMO\HONGJING_CVB #
#                    S_3D_OFF_JLINK\Obj\descript_def.o                        #
#                    E:\proj\ARKN141\sw\xspace\proj\ARKN141_DEMO\HONGJING_CVB #
#                    S_3D_OFF_JLINK\Obj\desktop.o                             #
#                    E:\proj\ARKN141\sw\xspace\proj\ARKN141_DEMO\HONGJING_CVB #
#                    S_3D_OFF_JLINK\Obj\dma.o E:\proj\ARKN141\sw\xspace\proj\ #
#                    ARKN141_DEMO\HONGJING_CVBS_3D_OFF_JLINK\Obj\dwl_iar.o    #
#                    E:\proj\ARKN141\sw\xspace\proj\ARKN141_DEMO\HONGJING_CVB #
#                    S_3D_OFF_JLINK\Obj\dwl_x170_iar_no_drv.o                 #
#                    E:\proj\ARKN141\sw\xspace\proj\ARKN141_DEMO\HONGJING_CVB #
#                    S_3D_OFF_JLINK\Obj\encasiccontroller.o                   #
#                    E:\proj\ARKN141\sw\xspace\proj\ARKN141_DEMO\HONGJING_CVB #
#                    S_3D_OFF_JLINK\Obj\encasiccontroller_v2.o                #
#                    E:\proj\ARKN141\sw\xspace\proj\ARKN141_DEMO\HONGJING_CVB #
#                    S_3D_OFF_JLINK\Obj\encpreprocess.o                       #
#                    E:\proj\ARKN141\sw\xspace\proj\ARKN141_DEMO\HONGJING_CVB #
#                    S_3D_OFF_JLINK\Obj\ewl_x280_common.o                     #
#                    E:\proj\ARKN141\sw\xspace\proj\ARKN141_DEMO\HONGJING_CVB #
#                    S_3D_OFF_JLINK\Obj\ewl_x280_polling.o                    #
#                    E:\proj\ARKN141\sw\xspace\proj\ARKN141_DEMO\HONGJING_CVB #
#                    S_3D_OFF_JLINK\Obj\exception_dump.o                      #
#                    E:\proj\ARKN141\sw\xspace\proj\ARKN141_DEMO\HONGJING_CVB #
#                    S_3D_OFF_JLINK\Obj\flash.o E:\proj\ARKN141\sw\xspace\pro #
#                    j\ARKN141_DEMO\HONGJING_CVBS_3D_OFF_JLINK\Obj\fs_cache_f #
#                    ile_test.o E:\proj\ARKN141\sw\xspace\proj\ARKN141_DEMO\H #
#                    ONGJING_CVBS_3D_OFF_JLINK\Obj\fs_sd1_test.o              #
#                    E:\proj\ARKN141\sw\xspace\proj\ARKN141_DEMO\HONGJING_CVB #
#                    S_3D_OFF_JLINK\Obj\fs_sd_test.o                          #
#                    E:\proj\ARKN141\sw\xspace\proj\ARKN141_DEMO\HONGJING_CVB #
#                    S_3D_OFF_JLINK\Obj\gif.o E:\proj\ARKN141\sw\xspace\proj\ #
#                    ARKN141_DEMO\HONGJING_CVBS_3D_OFF_JLINK\Obj\globaldata.o #
#                     E:\proj\ARKN141\sw\xspace\proj\ARKN141_DEMO\HONGJING_CV #
#                    BS_3D_OFF_JLINK\Obj\globalfunc.o                         #
#                    E:\proj\ARKN141\sw\xspace\proj\ARKN141_DEMO\HONGJING_CVB #
#                    S_3D_OFF_JLINK\Obj\gpio.o E:\proj\ARKN141\sw\xspace\proj #
#                    \ARKN141_DEMO\HONGJING_CVBS_3D_OFF_JLINK\Obj\gpio_functi #
#                    on.o E:\proj\ARKN141\sw\xspace\proj\ARKN141_DEMO\HONGJIN #
#                    G_CVBS_3D_OFF_JLINK\Obj\gpioi2c.o                        #
#                    E:\proj\ARKN141\sw\xspace\proj\ARKN141_DEMO\HONGJING_CVB #
#                    S_3D_OFF_JLINK\Obj\h264_pp_pipeline.o                    #
#                    E:\proj\ARKN141\sw\xspace\proj\ARKN141_DEMO\HONGJING_CVB #
#                    S_3D_OFF_JLINK\Obj\h264decapi.o                          #
#                    E:\proj\ARKN141\sw\xspace\proj\ARKN141_DEMO\HONGJING_CVB #
#                    S_3D_OFF_JLINK\Obj\h264decapi_e.o                        #
#                    E:\proj\ARKN141\sw\xspace\proj\ARKN141_DEMO\HONGJING_CVB #
#                    S_3D_OFF_JLINK\Obj\h264encapi_ext.o                      #
#                    E:\proj\ARKN141\sw\xspace\proj\ARKN141_DEMO\HONGJING_CVB #
#                    S_3D_OFF_JLINK\Obj\h264hwd_asic.o                        #
#                    E:\proj\ARKN141\sw\xspace\proj\ARKN141_DEMO\HONGJING_CVB #
#                    S_3D_OFF_JLINK\Obj\h264hwd_byte_stream.o                 #
#                    E:\proj\ARKN141\sw\xspace\proj\ARKN141_DEMO\HONGJING_CVB #
#                    S_3D_OFF_JLINK\Obj\h264hwd_cabac.o                       #
#                    E:\proj\ARKN141\sw\xspace\proj\ARKN141_DEMO\HONGJING_CVB #
#                    S_3D_OFF_JLINK\Obj\h264hwd_cavlc.o                       #
#                    E:\proj\ARKN141\sw\xspace\proj\ARKN141_DEMO\HONGJING_CVB #
#                    S_3D_OFF_JLINK\Obj\h264hwd_conceal.o                     #
#                    E:\proj\ARKN141\sw\xspace\proj\ARKN141_DEMO\HONGJING_CVB #
#                    S_3D_OFF_JLINK\Obj\h264hwd_decoder.o                     #
#                    E:\proj\ARKN141\sw\xspace\proj\ARKN141_DEMO\HONGJING_CVB #
#                    S_3D_OFF_JLINK\Obj\h264hwd_dpb.o                         #
#                    E:\proj\ARKN141\sw\xspace\proj\ARKN141_DEMO\HONGJING_CVB #
#                    S_3D_OFF_JLINK\Obj\h264hwd_inter_prediction.o            #
#                    E:\proj\ARKN141\sw\xspace\proj\ARKN141_DEMO\HONGJING_CVB #
#                    S_3D_OFF_JLINK\Obj\h264hwd_intra_prediction.o            #
#                    E:\proj\ARKN141\sw\xspace\proj\ARKN141_DEMO\HONGJING_CVB #
#                    S_3D_OFF_JLINK\Obj\h264hwd_macroblock_layer.o            #
#                    E:\proj\ARKN141\sw\xspace\proj\ARKN141_DEMO\HONGJING_CVB #
#                    S_3D_OFF_JLINK\Obj\h264hwd_nal_unit.o                    #
#                    E:\proj\ARKN141\sw\xspace\proj\ARKN141_DEMO\HONGJING_CVB #
#                    S_3D_OFF_JLINK\Obj\h264hwd_neighbour.o                   #
#                    E:\proj\ARKN141\sw\xspace\proj\ARKN141_DEMO\HONGJING_CVB #
#                    S_3D_OFF_JLINK\Obj\h264hwd_pic_order_cnt.o               #
#                    E:\proj\ARKN141\sw\xspace\proj\ARKN141_DEMO\HONGJING_CVB #
#                    S_3D_OFF_JLINK\Obj\h264hwd_pic_param_set.o               #
#                    E:\proj\ARKN141\sw\xspace\proj\ARKN141_DEMO\HONGJING_CVB #
#                    S_3D_OFF_JLINK\Obj\h264hwd_seq_param_set.o               #
#                    E:\proj\ARKN141\sw\xspace\proj\ARKN141_DEMO\HONGJING_CVB #
#                    S_3D_OFF_JLINK\Obj\h264hwd_slice_data.o                  #
#                    E:\proj\ARKN141\sw\xspace\proj\ARKN141_DEMO\HONGJING_CVB #
#                    S_3D_OFF_JLINK\Obj\h264hwd_slice_group_map.o             #
#                    E:\proj\ARKN141\sw\xspace\proj\ARKN141_DEMO\HONGJING_CVB #
#                    S_3D_OFF_JLINK\Obj\h264hwd_slice_header.o                #
#                    E:\proj\ARKN141\sw\xspace\proj\ARKN141_DEMO\HONGJING_CVB #
#                    S_3D_OFF_JLINK\Obj\h264hwd_storage.o                     #
#                    E:\proj\ARKN141\sw\xspace\proj\ARKN141_DEMO\HONGJING_CVB #
#                    S_3D_OFF_JLINK\Obj\h264hwd_stream.o                      #
#                    E:\proj\ARKN141\sw\xspace\proj\ARKN141_DEMO\HONGJING_CVB #
#                    S_3D_OFF_JLINK\Obj\h264hwd_util.o                        #
#                    E:\proj\ARKN141\sw\xspace\proj\ARKN141_DEMO\HONGJING_CVB #
#                    S_3D_OFF_JLINK\Obj\h264hwd_vlc.o                         #
#                    E:\proj\ARKN141\sw\xspace\proj\ARKN141_DEMO\HONGJING_CVB #
#                    S_3D_OFF_JLINK\Obj\h264hwd_vui.o                         #
#                    E:\proj\ARKN141\sw\xspace\proj\ARKN141_DEMO\HONGJING_CVB #
#                    S_3D_OFF_JLINK\Obj\hardtimer_task.o                      #
#                    E:\proj\ARKN141\sw\xspace\proj\ARKN141_DEMO\HONGJING_CVB #
#                    S_3D_OFF_JLINK\Obj\hdmi.o E:\proj\ARKN141\sw\xspace\proj #
#                    \ARKN141_DEMO\HONGJING_CVBS_3D_OFF_JLINK\Obj\hdmi_i2c.o  #
#                    E:\proj\ARKN141\sw\xspace\proj\ARKN141_DEMO\HONGJING_CVB #
#                    S_3D_OFF_JLINK\Obj\hdmi_main.o                           #
#                    E:\proj\ARKN141\sw\xspace\proj\ARKN141_DEMO\HONGJING_CVB #
#                    S_3D_OFF_JLINK\Obj\hdmitx_drv.o                          #
#                    E:\proj\ARKN141\sw\xspace\proj\ARKN141_DEMO\HONGJING_CVB #
#                    S_3D_OFF_JLINK\Obj\hdmitx_hdcp.o                         #
#                    E:\proj\ARKN141\sw\xspace\proj\ARKN141_DEMO\HONGJING_CVB #
#                    S_3D_OFF_JLINK\Obj\hdmitx_input.o                        #
#                    E:\proj\ARKN141\sw\xspace\proj\ARKN141_DEMO\HONGJING_CVB #
#                    S_3D_OFF_JLINK\Obj\hdmitx_sys.o                          #
#                    E:\proj\ARKN141\sw\xspace\proj\ARKN141_DEMO\HONGJING_CVB #
#                    S_3D_OFF_JLINK\Obj\hongjing_uart_socket.o                #
#                    E:\proj\ARKN141\sw\xspace\proj\ARKN141_DEMO\HONGJING_CVB #
#                    S_3D_OFF_JLINK\Obj\hw_osd_layer_iar.o                    #
#                    E:\proj\ARKN141\sw\xspace\proj\ARKN141_DEMO\HONGJING_CVB #
#                    S_3D_OFF_JLINK\Obj\hx170dec.o                            #
#                    E:\proj\ARKN141\sw\xspace\proj\ARKN141_DEMO\HONGJING_CVB #
#                    S_3D_OFF_JLINK\Obj\hx280enc.o                            #
#                    E:\proj\ARKN141\sw\xspace\proj\ARKN141_DEMO\HONGJING_CVB #
#                    S_3D_OFF_JLINK\Obj\imx322.o                              #
#                    E:\proj\ARKN141\sw\xspace\proj\ARKN141_DEMO\HONGJING_CVB #
#                    S_3D_OFF_JLINK\Obj\interrupt.o                           #
#                    E:\proj\ARKN141\sw\xspace\proj\ARKN141_DEMO\HONGJING_CVB #
#                    S_3D_OFF_JLINK\Obj\irq.o E:\proj\ARKN141\sw\xspace\proj\ #
#                    ARKN141_DEMO\HONGJING_CVBS_3D_OFF_JLINK\Obj\itu656.o     #
#                    E:\proj\ARKN141\sw\xspace\proj\ARKN141_DEMO\HONGJING_CVB #
#                    S_3D_OFF_JLINK\Obj\itu656_test.o                         #
#                    E:\proj\ARKN141\sw\xspace\proj\ARKN141_DEMO\HONGJING_CVB #
#                    S_3D_OFF_JLINK\Obj\jpeg_task.o                           #
#                    E:\proj\ARKN141\sw\xspace\proj\ARKN141_DEMO\HONGJING_CVB #
#                    S_3D_OFF_JLINK\Obj\jpegdecapi.o                          #
#                    E:\proj\ARKN141\sw\xspace\proj\ARKN141_DEMO\HONGJING_CVB #
#                    S_3D_OFF_JLINK\Obj\jpegdechdrs.o                         #
#                    E:\proj\ARKN141\sw\xspace\proj\ARKN141_DEMO\HONGJING_CVB #
#                    S_3D_OFF_JLINK\Obj\jpegdecinternal.o                     #
#                    E:\proj\ARKN141\sw\xspace\proj\ARKN141_DEMO\HONGJING_CVB #
#                    S_3D_OFF_JLINK\Obj\jpegdecscan.o                         #
#                    E:\proj\ARKN141\sw\xspace\proj\ARKN141_DEMO\HONGJING_CVB #
#                    S_3D_OFF_JLINK\Obj\jpegdecutils.o                        #
#                    E:\proj\ARKN141\sw\xspace\proj\ARKN141_DEMO\HONGJING_CVB #
#                    S_3D_OFF_JLINK\Obj\lcd.o E:\proj\ARKN141\sw\xspace\proj\ #
#                    ARKN141_DEMO\HONGJING_CVBS_3D_OFF_JLINK\Obj\lcdc_rgb.o   #
#                    E:\proj\ARKN141\sw\xspace\proj\ARKN141_DEMO\HONGJING_CVB #
#                    S_3D_OFF_JLINK\Obj\lcdc_rgb_RM68172.o                    #
#                    E:\proj\ARKN141\sw\xspace\proj\ARKN141_DEMO\HONGJING_CVB #
#                    S_3D_OFF_JLINK\Obj\main.o E:\proj\ARKN141\sw\xspace\proj #
#                    \ARKN141_DEMO\HONGJING_CVBS_3D_OFF_JLINK\Obj\message_tas #
#                    k.o E:\proj\ARKN141\sw\xspace\proj\ARKN141_DEMO\HONGJING #
#                    _CVBS_3D_OFF_JLINK\Obj\on2_TestBench.o                   #
#                    E:\proj\ARKN141\sw\xspace\proj\ARKN141_DEMO\HONGJING_CVB #
#                    S_3D_OFF_JLINK\Obj\onekeyphotograph_task.o               #
#                    E:\proj\ARKN141\sw\xspace\proj\ARKN141_DEMO\HONGJING_CVB #
#                    S_3D_OFF_JLINK\Obj\os_change_task.o                      #
#                    E:\proj\ARKN141\sw\xspace\proj\ARKN141_DEMO\HONGJING_CVB #
#                    S_3D_OFF_JLINK\Obj\pc_main.o                             #
#                    E:\proj\ARKN141\sw\xspace\proj\ARKN141_DEMO\HONGJING_CVB #
#                    S_3D_OFF_JLINK\Obj\ps1210k.o                             #
#                    E:\proj\ARKN141\sw\xspace\proj\ARKN141_DEMO\HONGJING_CVB #
#                    S_3D_OFF_JLINK\Obj\pwm.o E:\proj\ARKN141\sw\xspace\proj\ #
#                    ARKN141_DEMO\HONGJING_CVBS_3D_OFF_JLINK\Obj\queue.o      #
#                    E:\proj\ARKN141\sw\xspace\proj\ARKN141_DEMO\HONGJING_CVB #
#                    S_3D_OFF_JLINK\Obj\recycle_video_alert_view.o            #
#                    E:\proj\ARKN141\sw\xspace\proj\ARKN141_DEMO\HONGJING_CVB #
#                    S_3D_OFF_JLINK\Obj\recycle_video_graph_view.o            #
#                    E:\proj\ARKN141\sw\xspace\proj\ARKN141_DEMO\HONGJING_CVB #
#                    S_3D_OFF_JLINK\Obj\refbuffer.o                           #
#                    E:\proj\ARKN141\sw\xspace\proj\ARKN141_DEMO\HONGJING_CVB #
#                    S_3D_OFF_JLINK\Obj\regdrv.o                              #
#                    E:\proj\ARKN141\sw\xspace\proj\ARKN141_DEMO\HONGJING_CVB #
#                    S_3D_OFF_JLINK\Obj\rtc.o E:\proj\ARKN141\sw\xspace\proj\ #
#                    ARKN141_DEMO\HONGJING_CVBS_3D_OFF_JLINK\Obj\rtosinit.o   #
#                    E:\proj\ARKN141\sw\xspace\proj\ARKN141_DEMO\HONGJING_CVB #
#                    S_3D_OFF_JLINK\Obj\sdmmc.o E:\proj\ARKN141\sw\xspace\pro #
#                    j\ARKN141_DEMO\HONGJING_CVBS_3D_OFF_JLINK\Obj\sensor_tas #
#                    k.o E:\proj\ARKN141\sw\xspace\proj\ARKN141_DEMO\HONGJING #
#                    _CVBS_3D_OFF_JLINK\Obj\sensorlib.o                       #
#                    E:\proj\ARKN141\sw\xspace\proj\ARKN141_DEMO\HONGJING_CVB #
#                    S_3D_OFF_JLINK\Obj\sha1.o E:\proj\ARKN141\sw\xspace\proj #
#                    \ARKN141_DEMO\HONGJING_CVBS_3D_OFF_JLINK\Obj\srgb.o      #
#                    E:\proj\ARKN141\sw\xspace\proj\ARKN141_DEMO\HONGJING_CVB #
#                    S_3D_OFF_JLINK\Obj\ssi.o E:\proj\ARKN141\sw\xspace\proj\ #
#                    ARKN141_DEMO\HONGJING_CVBS_3D_OFF_JLINK\Obj\system_check #
#                    .o E:\proj\ARKN141\sw\xspace\proj\ARKN141_DEMO\HONGJING_ #
#                    CVBS_3D_OFF_JLINK\Obj\target.o                           #
#                    E:\proj\ARKN141\sw\xspace\proj\ARKN141_DEMO\HONGJING_CVB #
#                    S_3D_OFF_JLINK\Obj\target_ucosii.o                       #
#                    E:\proj\ARKN141\sw\xspace\proj\ARKN141_DEMO\HONGJING_CVB #
#                    S_3D_OFF_JLINK\Obj\tiledref.o                            #
#                    E:\proj\ARKN141\sw\xspace\proj\ARKN141_DEMO\HONGJING_CVB #
#                    S_3D_OFF_JLINK\Obj\timer.o E:\proj\ARKN141\sw\xspace\pro #
#                    j\ARKN141_DEMO\HONGJING_CVBS_3D_OFF_JLINK\Obj\tv_ntsc.o  #
#                    E:\proj\ARKN141\sw\xspace\proj\ARKN141_DEMO\HONGJING_CVB #
#                    S_3D_OFF_JLINK\Obj\tv_pal.o                              #
#                    E:\proj\ARKN141\sw\xspace\proj\ARKN141_DEMO\HONGJING_CVB #
#                    S_3D_OFF_JLINK\Obj\uart.o E:\proj\ARKN141\sw\xspace\proj #
#                    \ARKN141_DEMO\HONGJING_CVBS_3D_OFF_JLINK\Obj\ucFS_Versio #
#                    n.o E:\proj\ARKN141\sw\xspace\proj\ARKN141_DEMO\HONGJING #
#                    _CVBS_3D_OFF_JLINK\Obj\vidstabalg.o                      #
#                    E:\proj\ARKN141\sw\xspace\proj\ARKN141_DEMO\HONGJING_CVB #
#                    S_3D_OFF_JLINK\Obj\vidstabapi.o                          #
#                    E:\proj\ARKN141\sw\xspace\proj\ARKN141_DEMO\HONGJING_CVB #
#                    S_3D_OFF_JLINK\Obj\vidstabcommon.o                       #
#                    E:\proj\ARKN141\sw\xspace\proj\ARKN141_DEMO\HONGJING_CVB #
#                    S_3D_OFF_JLINK\Obj\vidstabinternal.o                     #
#                    E:\proj\ARKN141\sw\xspace\proj\ARKN141_DEMO\HONGJING_CVB #
#                    S_3D_OFF_JLINK\Obj\wdt.o E:\proj\ARKN141\sw\xspace\proj\ #
#                    ARKN141_DEMO\HONGJING_CVBS_3D_OFF_JLINK\Obj\workaround.o #
#                     E:\proj\ARKN141\sw\xspace\proj\ARKN141_DEMO\HONGJING_CV #
#                    BS_3D_OFF_JLINK\Obj\xm_adc.o                             #
#                    E:\proj\ARKN141\sw\xspace\proj\ARKN141_DEMO\HONGJING_CVB #
#                    S_3D_OFF_JLINK\Obj\xm_argb32bpp_drv.o                    #
#                    E:\proj\ARKN141\sw\xspace\proj\ARKN141_DEMO\HONGJING_CVB #
#                    S_3D_OFF_JLINK\Obj\xm_at.o E:\proj\ARKN141\sw\xspace\pro #
#                    j\ARKN141_DEMO\HONGJING_CVBS_3D_OFF_JLINK\Obj\xm_autotes #
#                    t.o E:\proj\ARKN141\sw\xspace\proj\ARKN141_DEMO\HONGJING #
#                    _CVBS_3D_OFF_JLINK\Obj\xm_canvas.o                       #
#                    E:\proj\ARKN141\sw\xspace\proj\ARKN141_DEMO\HONGJING_CVB #
#                    S_3D_OFF_JLINK\Obj\xm_core_file.o                        #
#                    E:\proj\ARKN141\sw\xspace\proj\ARKN141_DEMO\HONGJING_CVB #
#                    S_3D_OFF_JLINK\Obj\xm_core_linear_memory.o               #
#                    E:\proj\ARKN141\sw\xspace\proj\ARKN141_DEMO\HONGJING_CVB #
#                    S_3D_OFF_JLINK\Obj\xm_fb_argb454_drv.o                   #
#                    E:\proj\ARKN141\sw\xspace\proj\ARKN141_DEMO\HONGJING_CVB #
#                    S_3D_OFF_JLINK\Obj\xm_fb_argb888_drv.o                   #
#                    E:\proj\ARKN141\sw\xspace\proj\ARKN141_DEMO\HONGJING_CVB #
#                    S_3D_OFF_JLINK\Obj\xm_fb_drv.o                           #
#                    E:\proj\ARKN141\sw\xspace\proj\ARKN141_DEMO\HONGJING_CVB #
#                    S_3D_OFF_JLINK\Obj\xm_fb_rgb565_drv.o                    #
#                    E:\proj\ARKN141\sw\xspace\proj\ARKN141_DEMO\HONGJING_CVB #
#                    S_3D_OFF_JLINK\Obj\xm_file.o                             #
#                    E:\proj\ARKN141\sw\xspace\proj\ARKN141_DEMO\HONGJING_CVB #
#                    S_3D_OFF_JLINK\Obj\xm_file_manager_task.o                #
#                    E:\proj\ARKN141\sw\xspace\proj\ARKN141_DEMO\HONGJING_CVB #
#                    S_3D_OFF_JLINK\Obj\xm_gdi_graph.o                        #
#                    E:\proj\ARKN141\sw\xspace\proj\ARKN141_DEMO\HONGJING_CVB #
#                    S_3D_OFF_JLINK\Obj\xm_gdi_image.o                        #
#                    E:\proj\ARKN141\sw\xspace\proj\ARKN141_DEMO\HONGJING_CVB #
#                    S_3D_OFF_JLINK\Obj\xm_gdi_rom_image.o                    #
#                    E:\proj\ARKN141\sw\xspace\proj\ARKN141_DEMO\HONGJING_CVB #
#                    S_3D_OFF_JLINK\Obj\xm_h264_cache_command_queue.o         #
#                    E:\proj\ARKN141\sw\xspace\proj\ARKN141_DEMO\HONGJING_CVB #
#                    S_3D_OFF_JLINK\Obj\xm_h264_cache_file.o                  #
#                    E:\proj\ARKN141\sw\xspace\proj\ARKN141_DEMO\HONGJING_CVB #
#                    S_3D_OFF_JLINK\Obj\xm_h264_file.o                        #
#                    E:\proj\ARKN141\sw\xspace\proj\ARKN141_DEMO\HONGJING_CVB #
#                    S_3D_OFF_JLINK\Obj\xm_hybrid_stream.o                    #
#                    E:\proj\ARKN141\sw\xspace\proj\ARKN141_DEMO\HONGJING_CVB #
#                    S_3D_OFF_JLINK\Obj\xm_i2c.o                              #
#                    E:\proj\ARKN141\sw\xspace\proj\ARKN141_DEMO\HONGJING_CVB #
#                    S_3D_OFF_JLINK\Obj\xm_icon_manage.o                      #
#                    E:\proj\ARKN141\sw\xspace\proj\ARKN141_DEMO\HONGJING_CVB #
#                    S_3D_OFF_JLINK\Obj\xm_iisadc.o                           #
#                    E:\proj\ARKN141\sw\xspace\proj\ARKN141_DEMO\HONGJING_CVB #
#                    S_3D_OFF_JLINK\Obj\xm_isp_scalar.o                       #
#                    E:\proj\ARKN141\sw\xspace\proj\ARKN141_DEMO\HONGJING_CVB #
#                    S_3D_OFF_JLINK\Obj\xm_itu656_in.o                        #
#                    E:\proj\ARKN141\sw\xspace\proj\ARKN141_DEMO\HONGJING_CVB #
#                    S_3D_OFF_JLINK\Obj\xm_kbd_drv.o                          #
#                    E:\proj\ARKN141\sw\xspace\proj\ARKN141_DEMO\HONGJING_CVB #
#                    S_3D_OFF_JLINK\Obj\xm_led.o                              #
#                    E:\proj\ARKN141\sw\xspace\proj\ARKN141_DEMO\HONGJING_CVB #
#                    S_3D_OFF_JLINK\Obj\xm_osd_framebuffer.o                  #
#                    E:\proj\ARKN141\sw\xspace\proj\ARKN141_DEMO\HONGJING_CVB #
#                    S_3D_OFF_JLINK\Obj\xm_osd_framebuffer_config.o           #
#                    E:\proj\ARKN141\sw\xspace\proj\ARKN141_DEMO\HONGJING_CVB #
#                    S_3D_OFF_JLINK\Obj\xm_osd_layer.o                        #
#                    E:\proj\ARKN141\sw\xspace\proj\ARKN141_DEMO\HONGJING_CVB #
#                    S_3D_OFF_JLINK\Obj\xm_osd_layer_animate.o                #
#                    E:\proj\ARKN141\sw\xspace\proj\ARKN141_DEMO\HONGJING_CVB #
#                    S_3D_OFF_JLINK\Obj\xm_osd_layer_gif.o                    #
#                    E:\proj\ARKN141\sw\xspace\proj\ARKN141_DEMO\HONGJING_CVB #
#                    S_3D_OFF_JLINK\Obj\xm_power.o                            #
#                    E:\proj\ARKN141\sw\xspace\proj\ARKN141_DEMO\HONGJING_CVB #
#                    S_3D_OFF_JLINK\Obj\xm_recycle.o                          #
#                    E:\proj\ARKN141\sw\xspace\proj\ARKN141_DEMO\HONGJING_CVB #
#                    S_3D_OFF_JLINK\Obj\xm_semaphore.o                        #
#                    E:\proj\ARKN141\sw\xspace\proj\ARKN141_DEMO\HONGJING_CVB #
#                    S_3D_OFF_JLINK\Obj\xm_system_update.o                    #
#                    E:\proj\ARKN141\sw\xspace\proj\ARKN141_DEMO\HONGJING_CVB #
#                    S_3D_OFF_JLINK\Obj\xm_tester.o                           #
#                    E:\proj\ARKN141\sw\xspace\proj\ARKN141_DEMO\HONGJING_CVB #
#                    S_3D_OFF_JLINK\Obj\xm_tester_script.o                    #
#                    E:\proj\ARKN141\sw\xspace\proj\ARKN141_DEMO\HONGJING_CVB #
#                    S_3D_OFF_JLINK\Obj\xm_time_drv.o                         #
#                    "E:\proj\ARKN141\sw\xspace\proj\ARKN141_DEMO\HONGJING_CV #
#                    BS_3D_OFF_JLINK\Obj\xm_touch_drv .o"                     #
#                    E:\proj\ARKN141\sw\xspace\proj\ARKN141_DEMO\HONGJING_CVB #
#                    S_3D_OFF_JLINK\Obj\xm_uart.o                             #
#                    E:\proj\ARKN141\sw\xspace\proj\ARKN141_DEMO\HONGJING_CVB #
#                    S_3D_OFF_JLINK\Obj\xm_uart_drv.o                         #
#                    E:\proj\ARKN141\sw\xspace\proj\ARKN141_DEMO\HONGJING_CVB #
#                    S_3D_OFF_JLINK\Obj\xm_uvc_socket.o                       #
#                    E:\proj\ARKN141\sw\xspace\proj\ARKN141_DEMO\HONGJING_CVB #
#                    S_3D_OFF_JLINK\Obj\xm_video_task.o                       #
#                    E:\proj\ARKN141\sw\xspace\proj\ARKN141_DEMO\HONGJING_CVB #
#                    S_3D_OFF_JLINK\Obj\xm_win_base.o                         #
#                    E:\proj\ARKN141\sw\xspace\proj\ARKN141_DEMO\HONGJING_CVB #
#                    S_3D_OFF_JLINK\Obj\xm_win_gdi.o                          #
#                    E:\proj\ARKN141\sw\xspace\proj\ARKN141_DEMO\HONGJING_CVB #
#                    S_3D_OFF_JLINK\Obj\xm_win_main.o                         #
#                    E:\proj\ARKN141\sw\xspace\proj\ARKN141_DEMO\HONGJING_CVB #
#                    S_3D_OFF_JLINK\Obj\xm_win_mem.o                          #
#                    E:\proj\ARKN141\sw\xspace\proj\ARKN141_DEMO\HONGJING_CVB #
#                    S_3D_OFF_JLINK\Obj\xm_win_user.o                         #
#                    E:\proj\ARKN141\sw\xspace\proj\ARKN141_DEMO\HONGJING_CVB #
#                    S_3D_OFF_JLINK\Obj\xm_win_widget.o                       #
#                    E:\proj\ARKN141\sw\xspace\proj\ARKN141_DEMO\HONGJING_CVB #
#                    S_3D_OFF_JLINK\Obj\xm_xml.o                              #
#                    E:\proj\ARKN141\sw\xspace\proj\ARKN141_DEMO\HONGJING_CVB #
#                    S_3D_OFF_JLINK\Obj\xmvideoitem.o -o                      #
#                    E:\proj\ARKN141\sw\xspace\proj\ARKN141_DEMO\HONGJING_CVB #
#                    S_3D_OFF_JLINK\Exe\ARKN141_DEMO.out --map                #
#                    E:\proj\ARKN141\sw\xspace\proj\ARKN141_DEMO\HONGJING_CVB #
#                    S_3D_OFF_JLINK\List\ARKN141_DEMO.map --config            #
#                    E:\proj\ARKN141\sw\xspace\proj\ARKN141_DEMO\arkn141_hong #
#                    jing_cvbs.icf --image_input=E:\proj\ARKN141\sw\xspace\pr #
#                    oj\ARKN141_DEMO\..\..\rtos\core\rom.bin,_ROM_BIN_,       #
#                    _ROM_SECTION_,32 --image_input=E:\proj\ARKN141\sw\xspace #
#                    \proj\ARKN141_DEMO\..\..\rtos\core\dvr.jpg,_DVR_BIN_,    #
#                    _DVR_SECTION_,32 E:\proj\ARKN141\sw\xspace\proj\ARKN141_ #
#                    DEMO\..\..\hwlib\libavcodec.a                            #
#                    E:\proj\ARKN141\sw\xspace\proj\ARKN141_DEMO\..\..\hwlib\ #
#                    libavformat.a E:\proj\ARKN141\sw\xspace\proj\ARKN141_DEM #
#                    O\..\..\hwlib\libavutil.a --entry __iar_program_start)   #
#                                                                             #
#                                                                             #
###############################################################################

*******************************************************************************
*** MESSAGES
***

Warning[Lt017]: Old abi version used in g729_dec.o(speech_decoder_thumb.a) and
          25 other objects
Warning[Lt009]: Inconsistent wchar_t size
          E:\proj\ARKN141\sw\xspace\proj\ARKN141_DEMO\HONGJING_CVBS_3D_OFF_JLIN
                    K\Obj\AudioFunction.o and 535 other objects has wchar_t
                    size 16 bits
          tachograph.o(libavformat.a) and 50 other objects has wchar_t size 32
                    bits
Warning[Lt010]: Inconsistent enum container size
          E:\proj\ARKN141\sw\xspace\proj\ARKN141_DEMO\HONGJING_CVBS_3D_OFF_JLIN
                    K\Obj\EncJpeg.o and 157 other objects uses smallest
                    possible
          tachograph.o(libavformat.a) and 50 other objects uses word size


*******************************************************************************
*** RUNTIME MODEL ATTRIBUTES
***

CppFlavor                   = *
__CPP_Exceptions            = *
__CPP_Language              = C++
__SystemLibrary             = DLib
__dlib_iterator_debugging   = 0
__dlib_jmp_buf_num_elements = 8
__iar_jmp_buf_elem_needed   = 8


*******************************************************************************
*** PLACEMENT SUMMARY
***

"A1":  place at 0x80000000 { ro section .intvec };
"P3":  place in [from 0x80000080 to 0x802fffff] { ro };
"P4":  place in [from 0x80300000 to 0x83ffffff] {
          rw, block CSTACK, block SVC_STACK, block IRQ_STACK, block FIQ_STACK,
          block UND_STACK, block ABT_STACK, block HEAP };

  Section                 Kind        Address       Size  Object
  -------                 ----        -------       ----  ------
"A1":                                               0x40
  .intvec                 ro code  0x80000000       0x40  cortex_a5_board_cstartup_iar.o [1]
                                 - 0x80000040       0x40

"P3":                                           0x1e3358
  _ROM_SECTION_                    0x80000080    0xe04bf  <Block>
    _ROM_SECTION_         const    0x80000080    0xe04bf  rom.bin [2]
  .text                   ro code  0x800e0540     0xb930  utils.o [6]
  .text                   ro code  0x800ebe70       0x24  strspn.o [4]
  .text                   ro code  0x800ebea0      0xb20  mem.o [7]
  .text                   ro code  0x800ec9c0       0x54  strlen.o [11]
  .text                   ro code  0x800eca14       0x74  strcmp.o [11]
  .text                   ro code  0x800eca88       0x14  xmvideoitem.o [1]
  .text                   ro code  0x800ecaa0      0x710  log.o [7]
  .text                   ro code  0x800ed1b0        0xa  strtol.o [4]
  .text                   ro code  0x800ed1ba        0xa  abort.o [4]
  .text                   ro code  0x800ed1c4       0x30  S32ToDbl.o [9]
  .text                   ro code  0x800ed1f4      0x38c  DblDiv.o [9]
  .text                   ro code  0x800ed580      0x204  DblMul.o [9]
  .text                   ro code  0x800ed784       0x14  DblLogGt.o [11]
  .text                   ro code  0x800ed7a0      0xab0  rational.o [7]
  .text                   ro code  0x800ee250      0x1ec  DblSub.o [9]
  .text                   ro code  0x800ee440      0xac0  avpacket.o [5]
  .text                   ro code  0x800eef00      0xf30  parseutils.o [7]
  .text                   ro code  0x800efe30       0x20  strchr.o [11]
  .text                   ro code  0x800efe50      0x680  avstring.o [7]
  Veneer                  ro code  0x800f04d0        0x8  - Linker created -
  .text                   ro code  0x800f04d8        0x4  xmvideoitem.o [1]
  Veneer                  ro code  0x800f04dc        0x8  - Linker created -
  .text                   ro code  0x800f04e4        0x4  xmvideoitem.o [1]
  .text                   ro code  0x800f04f0      0x900  mathematics.o [7]
  .text                   ro code  0x800f0df0     0x1b90  mux.o [6]
  .text                   ro code  0x800f2980       0x3c  vsnprint.o [4]
  .text                   ro code  0x800f29c0     0x5ff0  utils.o [5]
  .text                   ro code  0x800f89b0      0x1a8  I32DivMod.o [11]
  Veneer                  ro code  0x800f8b58        0x8  - Linker created -
  Veneer                  ro code  0x800f8b60        0x8  - Linker created -
  .text                   ro code  0x800f8b68      0x164  avio.o [1]
  .text                   ro code  0x800f8ccc       0x48  snprintf.o [4]
  .text                   ro code  0x800f8d20       0x80  time.o [7]
  .text                   ro code  0x800f8da0      0x184  I64DivMod.o [11]
  .text                   ro code  0x800f8f30      0x4d0  dict.o [7]
  .text                   ro code  0x800f9400       0x24  strcspn.o [4]
  .text                   ro code  0x800f9424       0xac  DblToFlt.o [9]
  .text                   ro code  0x800f94d0       0x40  lrintf.o [9]
  .text                   ro code  0x800f9510       0x5c  S64ToDbl.o [11]
  .text                   ro code  0x800f9570      0x470  options.o [5]
  .text                   ro code  0x800f99e0      0xc60  parser.o [5]
  .text                   ro code  0x800fa640     0x3b00  opt.o [7]
  .text                   ro code  0x800fe140     0x3560  aviobuf.o [6]
  .text                   ro code  0x801016a0       0x14  memmove.o [11]
  .text                   ro code  0x801016c0      0x6c0  buffer.o [7]
  .text                   ro code  0x80101d80       0x14  DblLogGe.o [11]
  .text                   ro code  0x80101d94       0x14  DblLogLe.o [11]
  .text                   ro code  0x80101da8       0x60  DblToS32.o [9]
  .text                   ro code  0x80101e08       0x70  I64ToFlt.o [11]
  .text                   ro code  0x80101e78      0x1c0  FltDiv.o [9]
  .text                   ro code  0x80102038       0x64  FltToDbl.o [9]
  .text                   ro code  0x801020a0     0x1360  id3v2.o [6]
  .text                   ro code  0x80103400       0x24  xmvideoitem.o [1]
  .text                   ro code  0x80103430      0x100  codec_desc.o [5]
  .text                   ro code  0x80103530     0x1900  tachograph.o [6]
  .text                   ro code  0x80104e30      0xbd0  avio.o [6]
  .text.unlikely          ro code  0x80105a00      0x110  utils.o [5]
  .text                   ro code  0x80105b10       0x14  DblLogLt.o [11]
  .text                   ro code  0x80105b30       0x30  raw.o [5]
  .text                   ro code  0x80105b60      0x670  rawdec.o [5]
  .text                   ro code  0x801061d0       0x4c  llrint.o [9]
  .text                   ro code  0x8010621c      0x140  DblAdd.o [9]
  .text                   ro code  0x80106360      0x150  options.o [6]
  .text                   ro code  0x801064b0     0x11fc  target.o [1]
  .text                   ro code  0x801076ac       0xd4  ABImemcpy.o [11]
  .text                   ro code  0x80107780       0x48  getenv.o [4]
  .text                   ro code  0x801077c8       0x68  strcpy.o [11]
  .text                   ro code  0x80107830       0x9c  xstol.o [4]
  .text                   ro code  0x801078cc       0x14  XXexit.o [11]
  .text                   ro code  0x801078e0       0x38  DblCmpGe.o [9]
  .text                   ro code  0x80107918        0xa  log.o [9]
  .constdata              const    0x80107922       0x62  rom_table.o [13]
  .text                   ro code  0x80107984       0x14  DblLogEq.o [11]
  .text                   ro code  0x801079a0       0x10  random_seed.o [7]
  .text                   ro code  0x801079b0       0x30  strncmp.o [4]
  .text                   ro code  0x801079e0        0x8  strtoul.o [4]
  .text                   ro code  0x801079e8        0xc  U32ToDbl.o [9]
  .text                   ro code  0x801079f4       0x3c  DblToU32.o [9]
  .text                   ro code  0x80107a30        0xa  strtod.o [9]
  .text                   ro code  0x80107a3a       0x3e  bsearch.o [4]
  .text                   ro code  0x80107a80     0x1ea0  eval.o [7]
  .text                   ro code  0x80109920        0xe  time.o [4]
  .text                   ro code  0x8010992e        0xe  gmtime.o [4]
  .text                   ro code  0x8010993c       0xe8  mktime.o [4]
  .text                   ro code  0x80109a24       0xc0  localtim.o [4]
  .text                   ro code  0x80109af0      0x9f0  bprint.o [7]
  .text                   ro code  0x8010a4e0       0x74  memcmp.o [11]
  .text                   ro code  0x8010a554       0x2e  strstr.o [4]
  .text                   ro code  0x8010a582       0x1a  strrchr.o [4]
  .text                   ro code  0x8010a59c      0xe2e  xprintffull.o [4]
  .text                   ro code  0x8010b3d0     0x10f0  frame.o [7]
  .text                   ro code  0x8010c4c0      0xe50  pixdesc.o [7]
  .text                   ro code  0x8010d310     0x1180  imgutils.o [7]
  .text                   ro code  0x8010e490      0x710  channel_layout.o [7]
  .text                   ro code  0x8010eba0      0x820  samplefmt.o [7]
  .text                   ro code  0x8010f3c0      0x230  utils.o [7]
  .text                   ro code  0x8010f5f0        0x4  IntDivZer.o [11]
  .text                   ro code  0x8010f5f4       0x24  printf.o [4]
  .text                   ro code  0x8010f618       0x1c  vsscanf.o [4]
  .text                   ro code  0x8010f634       0x98  rand.o [4]
  .text                   ro code  0x8010f6cc        0x4  I64DivZer.o [11]
  .text                   ro code  0x8010f6d0       0x1c  nearbyintf.o [9]
  .text                   ro code  0x8010f6ec       0x2c  FltCmpGe.o [9]
  .text                   ro code  0x8010f718       0x2c  FltCmpLe.o [9]
  .text                   ro code  0x8010f744       0x58  FltToS32.o [9]
  .text                   ro code  0x8010f79c       0x10  errno.o [4]
  .text                   ro code  0x8010f7ac       0xb8  DblToS64.o [11]
  .text                   ro code  0x8010f870       0x80  error.o [7]
  .text                   ro code  0x8010f8f0      0x2c0  crc.o [7]
  .text                   ro code  0x8010fbb0       0xd4  ABImemmove.o [11]
  .text                   ro code  0x8010fc84       0x38  DblCmpLe.o [9]
  .text                   ro code  0x8010fcc0      0x410  metadata.o [6]
  .text                   ro code  0x801100d0       0x78  ABImemset.o [11]
  .text                   ro code  0x80110148       0x31  puts.o [4]
  .text                   ro code  0x80110180       0x60  allformats.o [6]
  .text                   ro code  0x801101e0     0x26b8  xm_osd_layer.o [1]
  .text                   ro code  0x80112898      0x47c  rtosinit.o [1]
  .text                   ro code  0x80112d14     0x21a4  avi_codec_task.o [1]
  .text                   ro code  0x80114eb8      0x9a0  OSKERN.o [10]
  .text                   ro code  0x80115858      0xc50  xm_iisadc.o [1]
  .text                   ro code  0x801164a8      0xce0  xm_video_task.o [1]
  .text                   ro code  0x80117188       0x38  sprintf.o [4]
  .text                   ro code  0x801171c0      0x3f8  xm_h264_file.o [1]
  .text                   ro code  0x801175b8     0x12b0  sensor_task.o [1]
  .text                   ro code  0x80118868      0x204  xm_hybrid_stream.o [1]
  .text                   ro code  0x80118a70       0xd0  avpicture.o [5]
  .text                   ro code  0x80118b40       0x3c  xdtest.o [9]
  .text                   ro code  0x80118b7c       0x1e  nearbyint.o [9]
  .constdata              const    0x80118b9a       0x42  rom_table.o [13]
  .text                   ro code  0x80118bdc      0x658  lcd.o [1]
  .text                   ro code  0x80119234      0x208  xm_kbd_drv.o [1]
  .text                   ro code  0x8011943c      0x168  wdt.o [1]
  .text                   ro code  0x801195a4      0x258  xm_power.o [1]
  .text                   ro code  0x801197fc      0xf4c  hw_osd_layer_iar.o [1]
  .text                   ro code  0x8011a748      0x434  xm_adc.o [1]
  .text                   ro code  0x8011ab7c      0xfa0  ssi.o [1]
  .text                   ro code  0x8011bb1c      0x178  FS_Time.o [1]
  .text                   ro code  0x8011bc94      0x2ac  FS_Dir.o [1]
  .text                   ro code  0x8011bf40      0x6a4  FS_Misc.o [1]
  .text                   ro code  0x8011c5e4       0xa0  FS_Move.o [1]
  .text                   ro code  0x8011c684      0x420  FS_Volume.o [1]
  .text                   ro code  0x8011caa4       0xd4  FS_Attrib.o [1]
  .text                   ro code  0x8011cb78     0x27ac  xm_uvc_socket.o [1]
  .text                   ro code  0x8011f324       0x78  OS_Alloc.o [10]
  .text                   ro code  0x8011f39c     0x4df4  sdmmc.o [1]
  .text                   ro code  0x80124190      0x184  xstoul.o [4]
  .text                   ro code  0x80124314      0x37c  xlog.o [9]
  .text                   ro code  0x80124690       0x2c  DblCmpEq.o [9]
  .text                   ro code  0x801246bc      0x152  xstod.o [9]
  .text                   ro code  0x8012480e       0x12  trunc.o [9]
  .text                   ro code  0x80124820       0x84  ceil.o [9]
  .text                   ro code  0x801248a4       0x78  DblToU64.o [11]
  .text                   ro code  0x8012491c       0x10  U64ToDbl.o [11]
  .text                   ro code  0x8012492c      0x184  sqrt.o [9]
  .text                   ro code  0x80124ab0       0x84  floor.o [9]
  .rodata.str1.4          const    0x80124b34       0x74  mathematics.o [7]
  .text                   ro code  0x80124ba8      0x8a8  pow.o [9]
  .text                   ro code  0x80125450       0x40  exp.o [9]
  .text                   ro code  0x80125490      0x15c  xttotm.o [4]
  .text                   ro code  0x801255ec       0x28  xtls.o [10]
  .text                   ro code  0x80125614       0x2c  setlocale.o [4]
  .text                   ro code  0x80125640        0x6  getzone.o [4]
  .text                   ro code  0x80125646       0x40  xgettime.o [4]
  .text                   ro code  0x80125686       0x1e  strftime.o [4]
  .text                   ro code  0x801256a4       0x94  memchr.o [11]
  .text                   ro code  0x80125738       0x48  xdnorm.o [9]
  .text                   ro code  0x80125780      0x128  xdscale.o [9]
  .text                   ro code  0x801258a8       0x20  div.o [4]
  .text                   ro code  0x801258c8        0x8  strtoll.o [4]
  .text                   ro code  0x801258d0      0xb00  xscanffull.o [4]
  .text                   ro code  0x801263d0       0x68  xfrint.o [9]
  .text                   ro code  0x80126438      0x3bc  main.o [1]
  .text                   ro code  0x80126800       0x40  allcodecs.o [5]
  .text                   ro code  0x80126840      0xb3c  pngread.o [8]
  .text                   ro code  0x8012737c      0x150  app_task.o [1]
  .text                   ro code  0x801274cc     0x1338  png.o [8]
  .text                   ro code  0x80128804      0x554  xm_win_gdi.o [1]
  .text                   ro code  0x80128d58      0x134  uart.o [1]
  .text                   ro code  0x80128e8c      0x1f4  cortex_a5_mmu.o [1]
  .text                   ro code  0x80129080      0x578  os_change_task.o [1]
  .text                   ro code  0x801295f8      0x68c  timer.o [1]
  .text                   ro code  0x80129c84      0x11c  OS_TICK_HandleEx.o [10]
  .text                   ro code  0x80129da0      0xa14  rtc.o [1]
  .text                   ro code  0x8012a7b4      0x28c  hardtimer_task.o [1]
  .text                   ro code  0x8012aa40      0x8ac  dma.o [1]
  .text                   ro code  0x8012b2ec      0x9fc  gpio.o [1]
  .text                   ro code  0x8012bce8       0x58  xm_uart.o [1]
  .text                   ro code  0x8012bd40     0x1abc  xm_i2c.o [1]
  .text                   ro code  0x8012d7fc      0x2b8  irq.o [1]
  .text                   ro code  0x8012dab4       0x94  OS_Error.o [1]
  .text                   ro code  0x8012db48       0x2c  vsprintf.o [4]
  .text                   ro code  0x8012db74      0xdd8  app_menudata.o [1]
  .text                   ro code  0x8012e94c      0xc24  Gem_isp.o [1]
  .text                   ro code  0x8012f570       0xa8  OSCMB.o [10]
  .text                   ro code  0x8012f618      0x14c  OSPM1.o [10]
  .text                   ro code  0x8012f764      0x284  OSRSEM.o [10]
  Veneer                  ro code  0x8012f9e8        0x8  - Linker created -
  .text                   ro code  0x8012f9f0     0x4568  xmvideoitem.o [1]
  .text                   ro code  0x80133f58       0x38  OSEVENGE.o [10]
  .text                   ro code  0x80133f90       0xec  OSEVENWS.o [10]
  .text                   ro code  0x8013407c       0xe8  OSEVENW.o [10]
  .text                   ro code  0x80134164       0xf0  OSMAIL.o [10]
  .text                   ro code  0x80134254      0x120  OS_CreateTask.o [10]
  .text                   ro code  0x80134374     0x13e4  xm_system_update.o [1]
  .text                   ro code  0x80135758       0x9c  OSEVENS.o [10]
  .text                   ro code  0x801357f4       0xe8  OSGMT.o [10]
  .text                   ro code  0x801358dc        0x8  abs.o [4]
  .text                   ro code  0x801358e4     0x1714  xm_osd_framebuffer.o [1]
  .text                   ro code  0x80136ff8       0x34  OS_STACKINFO_ARM.o [10]
  .text                   ro code  0x8013702c       0x54  OS_GetCPUState.o [10]
  .text                   ro code  0x80137080      0x180  rtos.o [10]
  .text                   ro code  0x80137200      0x23c  OSCSEM.o [10]
  .text                   ro code  0x8013743c       0x90  OS_SetCSemaValue.o [10]
  .text                   ro code  0x801374cc       0x56  xassert.o [4]
  .constdata              const    0x80137522       0x42  rom_table.o [13]
  .text                   ro code  0x80137564       0xb0  queue.o [1]
  .text                   ro code  0x80137614      0xf58  xm_isp_scalar.o [1]
  .text                   ro code  0x8013856c      0x2c0  OSTIME.o [10]
  .text                   ro code  0x8013882c     0x10b8  arkn141_scale.o [1]
  .text                   ro code  0x801398e4      0xff0  xm_icon_manage.o [1]
  .text                   ro code  0x8013a8d4      0x5fc  camera_task.o [1]
  .text                   ro code  0x8013aed0     0x13a8  jpeg_task.o [1]
  .text                   ro code  0x8013c278       0x20  OSTimeD.o [10]
  .text                   ro code  0x8013c298      0x618  xm_core_file.o [1]
  Veneer                  ro code  0x8013c8b0        0x8  - Linker created -
  .text                   ro code  0x8013c8b8     0x22a8  xm_h264_cache_file.o [1]
  .text                   ro code  0x8013eb60      0x578  Gem_isp_sys.o [1]
  .text                   ro code  0x8013f0d8       0x7c  OSEVENCL.o [10]
  .text                   ro code  0x8013f154      0x128  OSTERM.o [10]
  .text                   ro code  0x8013f27c      0x14c  OSGM1.o [10]
  .text                   ro code  0x8013f3c8     0x1384  CdrRequest.o [1]
  .text                   ro code  0x8014074c       0x80  xrint.o [9]
  .text                   ro code  0x801407cc       0x18  lcd.o [1]
  .text                   ro code  0x801407e4      0x308  tv_ntsc.o [1]
  .text                   ro code  0x80140aec      0x148  FltMul.o [9]
  .text                   ro code  0x80140c34       0x34  FltToU32.o [9]
  .text                   ro code  0x80140c68     0x13a8  CpuClkCounter.o [1]
  .text                   ro code  0x80142010       0x24  FltCmpEq.o [11]
  .text                   ro code  0x80142034       0x5c  OSTIMERX.o [10]
  .text                   ro code  0x80142090      0x300  tv_pal.o [1]
  .text                   ro code  0x80142390       0x40  lcdc_rgb.o [1]
  .text                   ro code  0x801423d0       0x28  OS_EVENT_Create.o [10]
  .text                   ro code  0x801423f8       0x6c  OS_EVENT_Reset.o [10]
  .text                   ro code  0x80142464       0xc4  OS_EVENT_Set.o [10]
  .text                   ro code  0x80142528       0x78  clock.o [1]
  .text                   ro code  0x801425a0      0x108  FS_OS_Interface.o [1]
  .text                   ro code  0x801426a8      0x268  FAT_DirEntry.o [1]
  .text                   ro code  0x80142910      0x3c8  FAT_Dir.o [1]
  .text                   ro code  0x80142cd8       0xa0  FS_OS.o [1]
  .text                   ro code  0x80142d78      0x56c  FAT_Write.o [1]
  .text                   ro code  0x801432e4      0x6f4  FS_LogBlock.o [1]
  .text                   ro code  0x801439d8      0x9b8  FAT_Open.o [1]
  .text                   ro code  0x80144390      0x294  FAT_Move.o [1]
  .text                   ro code  0x80144624      0x150  FS_CopyFile.o [1]
  .text                   ro code  0x80144774      0x514  FS_Core.o [1]
  .text                   ro code  0x80144c88       0xc4  FAT_DiskInfo.o [1]
  .text                   ro code  0x80144d4c     0x131c  FAT_Misc.o [1]
  .text                   ro code  0x80146068      0x564  message_task.o [1]
  .text                   ro code  0x801465cc      0x848  xm_file_manager_task.o [1]
  .text                   ro code  0x80146e14      0x6f8  UvcVideo.o [1]
  .text                   ro code  0x8014750c      0x63c  onekeyphotograph_task.o [1]
  .text                   ro code  0x80147b48     0x1368  dlmalloc.o [4]
  .text                   ro code  0x80148eb0       0xa4  OS_EVENT_Wait.o [10]
  .text                   ro code  0x80148f54      0x134  xstopfx.o [4]
  .text                   ro code  0x80149088      0x1b8  xstoflt.o [4]
  .text                   ro code  0x80149240      0x200  xdtento.o [9]
  .text                   ro code  0x80149440      0x210  xstoxflt.o [4]
  .text                   ro code  0x80149650       0x94  xdint.o [9]
  .text                   ro code  0x801496e4       0x14  iarEdom.o [11]
  .text                   ro code  0x801496f8      0x2c8  xexp.o [9]
  .text                   ro code  0x801499c0      0x140  xisdst.o [4]
  .text                   ro code  0x80149b00      0x172  xlocale_c.o [4]
  .text                   ro code  0x80149c72       0xe8  xstrftim.o [4]
  .text                   ro code  0x80149d5a       0xc0  xstoll.o [4]
  .text                   ro code  0x80149e1a        0xa  xsprout.o [4]
  .text                   ro code  0x80149e24      0x1e0  xstoull.o [4]
[...]
totalZeros_4            0x801b50d8       0x20  Data  Lc  h264hwd_cavlc.o [1]
totalZeros_5            0x801b50f8       0x20  Data  Lc  h264hwd_cavlc.o [1]
totalZeros_6            0x801b5118       0x40  Data  Lc  h264hwd_cavlc.o [1]
totalZeros_7            0x801b5158       0x40  Data  Lc  h264hwd_cavlc.o [1]
totalZeros_8            0x801b5198       0x40  Data  Lc  h264hwd_cavlc.o [1]
totalZeros_9            0x801b51d8       0x40  Data  Lc  h264hwd_cavlc.o [1]
toupper                 0x8015d0ec        0x4  Code  Gb  FAT_VolumeLabel.o [1]
translate_gamma_flags   0x8014bcd4       0x50  Code  Lc  pngrtran.o [8]
trunc                   0x8012480f       0x12  Code  Gb  trunc.o [9]
try_decode_frame        0x800e8451      0x36e  Code  Lc  utils.o [6]
tv_ntsc_osd_init        0x801407e4      0x130  Code  Lc  tv_ntsc.o [1]
tv_ntsc_screen_init     0x801409dc       0x88  Code  Lc  tv_ntsc.o [1]
tv_pal_osd_init         0x80142090      0x134  Code  Lc  tv_pal.o [1]
tv_pal_screen_init      0x8014228c       0x88  Code  Lc  tv_pal.o [1]
tvencoder_init_pal      0x801421c4       0xc8  Code  Lc  tv_pal.o [1]
tvencoder_ntsc_init     0x80140914       0xc8  Code  Lc  tv_ntsc.o [1]
txt.4128                0x801e1aa4       0x1c  Data  Lc  bprint.o [7]
txtColor                0x83febbbc        0x4  Data  Gb  xm_win_gdi.o [1]
tzone                   0x80149c70        0x1  Data  Lc  xlocale_c.o [4]
uart0_init              0x80128d58       0xa4  Code  Gb  uart.o [1]
uart0_send_char         0x80128dfc       0x34  Code  Gb  uart.o [1]
uartInit                0x83fec3b2        0x1  Data  Lc  xm_uart_drv.o [1]
uart_access_sema        0x83feb054       0xa0  Data  Lc  xm_uart.o [1]
uart_ch_buff            0x83fec3b0        0x2  Data  Lc  xm_uart_drv.o [1]
uart_ch_size            0x83fec3a4        0x4  Data  Lc  xm_uart_drv.o [1]
uart_device             0x83feb030       0x20  Data  Lc  xm_uart.o [1]
uart_inited             0x83feb050        0x1  Data  Lc  xm_uart.o [1]
uart_last_key           0x83fec3a8        0x4  Data  Lc  xm_uart_drv.o [1]
uart_recv               0x83fec3ac        0x4  Data  Lc  xm_uart_drv.o [1]
ulChip                  0x83fec18c        0x4  Data  Lc  ssi.o [1]
ulaw2linear             0x801deb11       0x22  Code  Lc  pcm.o [5]
unselect_i2c_pad        0x8012bd9c       0x1c  Code  Lc  xm_i2c.o [1]
update_audio_cur_attribute
                        0x80164ea8       0x64  Code  Gb  globalfunc.o [1]
update_exc_err          0x8018f564      0x158  Code  Gb  taming.o [13]
update_frame_pool       0x800f73b1      0x4d0  Code  Lc  utils.o [5]
update_initial_timestamps
                        0x800e46b1      0x64a  Code  Lc  utils.o [6]
update_model            0x801beb6c      0x1a8  Code  Lc  H264Mad.o [1]
update_model            0x801bd014      0x1ec  Code  Lc  H264RateControl.o [1]
update_rc_error         0x801bc970       0x94  Code  Lc  H264RateControl.o [1]
update_stream_timings   0x800e41e1      0x45c  Code  Lc  utils.o [6]
update_tables           0x801bea34       0x5c  Code  Lc  H264Mad.o [1]
update_tables           0x801bcfa0       0x74  Code  Lc  H264RateControl.o [1]
update_video_cur_attribute
                        0x80164e24       0x84  Code  Gb  globalfunc.o [1]
updatewindow            0x8014cbd4      0x120  Code  Lc  inflate.o [14]
url_alloc_for_protocol  0x801051a1      0x1ea  Code  Lc  avio.o [6]
url_feof                0x800ff0e1       0x1c  Code  Gb  aviobuf.o [6]
urlcontext_child_class_next
                        0x80104e91       0x5e  Code  Lc  avio.o [6]
urlcontext_child_next   0x80104e71       0x18  Code  Lc  avio.o [6]
urlcontext_to_name      0x80104e51       0x1a  Code  Lc  avio.o [6]
usb_di_count            0x83fec4c8        0x4  Data  Lc  pc_main.o [1]
usb_dma_interrupt       0x80159684        0x4  Code  Gb  interrupt.o [1]
usb_endpoints_reset     0x80159190      0x144  Code  Gb  interrupt.o [1]
usb_ep0_isr             0x80159414      0x15c  Code  Gb  interrupt.o [1]
usb_ep0_transfer        0x80166468       0xb8  Code  Gb  UsbRequest.o [1]
usb_fetch_out           0x80165778       0x84  Code  Gb  UsbRequest.o [1]
usb_init_descriptor     0x80165634       0xf8  Code  Gb  UsbRequest.o [1]
usb_interrupt_rom       0x80159570       0xe4  Code  Gb  interrupt.o [1]
usb_proc_cmd            0x80166378       0xe8  Code  Gb  UsbRequest.o [1]
usb_read_cmd            0x80159398       0x7c  Code  Gb  interrupt.o [1]
usb_request             0x80166314       0x60  Code  Gb  UsbRequest.o [1]
usb_reset               0x801592d4       0x84  Code  Gb  interrupt.o [1]
usb_resume              0x80159364       0x14  Code  Gb  interrupt.o [1]
usb_setup_in            0x8016574c       0x2c  Code  Gb  UsbRequest.o [1]
usb_start_video         0x8016572c       0x20  Code  Gb  UsbRequest.o [1]
usb_suspend             0x80159378       0x20  Code  Gb  interrupt.o [1]
usb_video_opened        0x83fc7f18        0x4  Data  Lc  xm_video_task.o [1]
use_color               0x83fc8e70        0x4  Data  Lc  log.o [7]
uvc_command             0x83fc7f8c        0x4  Data  Lc  CdrRequest.o [1]
uvc_dma_stop            0x801473f0       0x74  Code  Lc  UvcVideo.o [1]
uvc_message_socket_access_sema
                        0x83fc8360       0x14  Data  Lc  xm_uvc_socket.o [1]
uvc_output_image_cx     0x83fec3c4        0x4  Data  Lc  UvcVideo.o [1]
uvc_output_image_cy     0x83fec3c8        0x4  Data  Lc  UvcVideo.o [1]
uvc_parameter           0x83fc7fa4      0x100  Data  Lc  CdrRequest.o [1]
uvc_parameter_len       0x83fc7f90        0x4  Data  Lc  CdrRequest.o [1]
uvc_parameter_received  0x83fc7f94        0x4  Data  Lc  CdrRequest.o [1]
uvc_request             0x801771e0       0xc4  Code  Gb  UvcRequest.o [1]
uvc_response_command    0x83fc7f98        0x4  Data  Lc  CdrRequest.o [1]
uvc_response_data       0x83fc80a4       0x40  Data  Lc  CdrRequest.o [1]
uvc_response_left_to_transfer
                        0x83fc7fa0        0x4  Data  Lc  CdrRequest.o [1]
uvc_response_len        0x83fc7f9c        0x4  Data  Lc  CdrRequest.o [1]
uvc_socket_enabled      0x83fc8cd4        0x4  Data  Lc  xm_uvc_socket.o [1]
uvc_socket_inited       0x83fc830c        0x4  Data  Lc  xm_uvc_socket.o [1]
uvc_usb_dma_transfer_finish_interrupt
                        0x80147464       0x2c  Code  Gb  UvcVideo.o [1]
v_read_frame            0x80160698       0x3c  Code  Gb  g729_dec.o [13]
vaddr_to_page_addr      0x80129068       0x18  Code  Gb  cortex_a5_mmu.o [1]
verify_buffer           0x83fe7000     0x1000  Data  Lc  xm_h264_cache_file.o [1]
verify_expr             0x80107b01       0xf0  Code  Lc  eval.o [7]
verify_icon_state       0x801398e4       0x60  Code  Lc  xm_icon_manage.o [1]
videoItemMonitorSema    0x83fec054       0x14  Data  Lc  xmvideoitem.o [1]
videoItemMutexSema      0x83fec040       0x14  Data  Lc  xmvideoitem.o [1]
videoListViewBtn_0      0x801d16a0       0x24  Data  Lc  app_videolistview.o [1]
videoListViewBtn_1      0x801d16c4       0x24  Data  Lc  app_videolistview.o [1]
videoRecordBtn          0x801d33b8       0x24  Data  Lc  app_videosettingview.o [1]
videoViewBtn_0          0x801d0c18       0x24  Data  Lc  app_videoview.o [1]
video_control_get_cur   0x80187e3c      0x308  Code  Gb  VideoFunction.o [1]
video_control_get_def   0x801884cc      0x258  Code  Gb  VideoFunction.o [1]
video_control_get_info  0x8018886c      0x1e0  Code  Gb  VideoFunction.o [1]
video_control_get_len   0x80188a54       0xe8  Code  Gb  VideoFunction.o [1]
video_control_get_max   0x801882a4      0x228  Code  Gb  VideoFunction.o [1]
video_control_get_min   0x80188144      0x160  Code  Gb  VideoFunction.o [1]
video_control_get_res   0x80188730      0x12c  Code  Gb  VideoFunction.o [1]
video_control_set_cur   0x80187918      0x524  Code  Gb  VideoFunction.o [1]
video_framebuffer       0x83fc7f04        0x4  Data  Lc  xm_video_task.o [1]
video_get_buffer        0x800f4731      0x258  Code  Lc  utils.o [5]
video_h                 0x83fc7f0c        0x4  Data  Lc  xm_video_task.o [1]
video_isp_scalar_fifo   0x83fc7dd0      0x130  Data  Lc  xm_video_task.o [1]
video_isp_scalar_inited
                        0x83fc7f00        0x4  Data  Lc  xm_video_task.o [1]
video_item_alarm_time   0x83fc7a3c        0x4  Data  Lc  xmvideoitem.o [1]
video_item_count        0x83fc7a40        0x4  Data  Lc  xmvideoitem.o [1]
video_item_locked_space
                        0x83fc7a30        0x8  Data  Lc  xmvideoitem.o [1]
video_item_next         0x83fc7a20        0x8  Data  Lc  xmvideoitem.o [1]
video_item_recycle_space
                        0x83fc7a28        0x8  Data  Lc  xmvideoitem.o [1]
video_path              0x83fc6670        0x4  Data  Lc  main.o [1]
video_path_count        0x83fc7a64        0x4  Data  Lc  xmvideoitem.o [1]
video_path_name         0x83fc7a80      0x100  Data  Lc  xmvideoitem.o [1]
video_rate_abbrs        0x801d9128       0x60  Data  Lc  parseutils.o [7]
video_scalar_frame_exit
                        0x801164c8       0x40  Code  Lc  xm_video_task.o [1]
video_scalar_frame_init
                        0x80116508       0xe8  Code  Lc  xm_video_task.o [1]
video_scalar_object     0x83fc7f14        0x4  Data  Lc  xm_video_task.o [1]
video_size_abbrs        0x801d8ac4      0x204  Data  Lc  parseutils.o [7]
video_stream_get_cur    0x80188d1c      0x120  Code  Gb  VideoFunction.o [1]
video_stream_set_cur    0x80188b3c      0x1dc  Code  Gb  VideoFunction.o [1]
video_task_semaphore    0x83fc7f64       0x14  Data  Lc  xm_video_task.o [1]
video_temp_index        0x83fc7a6c        0x4  Data  Lc  xmvideoitem.o [1]
video_volume_count      0x83fc7a68        0x4  Data  Lc  xmvideoitem.o [1]
video_volume_name       0x83fc7b80       0x80  Data  Lc  xmvideoitem.o [1]
video_w                 0x83fc7f08        0x4  Data  Lc  xm_video_task.o [1]
videoitem_debug         0x83fc7a7c        0x4  Data  Lc  xmvideoitem.o [1]
videoitem_free          0x8012fab0       0x60  Code  Lc  xmvideoitem.o [1]
videoitem_int           0x8012f9f0       0x44  Code  Gb  xmvideoitem.o [1]
videoitem_malloc        0x8012fa34       0x7c  Code  Lc  xmvideoitem.o [1]
videoitem_service_opened
                        0x83fc7a74        0x4  Data  Lc  xmvideoitem.o [1]
videorecord_mode        0x83fc7a78        0x4  Data  Lc  xmvideoitem.o [1]
view_animating_direction
                        0x83fc7754        0x4  Data  Lc  xm_win_user.o [1]
view_default_align      0x83fc7760        0x4  Data  Lc  xm_win_user.o [1]
view_default_horz_ratio
                        0x83fc7758        0x4  Data  Lc  xm_win_user.o [1]
view_default_vert_ratio
                        0x83fc775c        0x4  Data  Lc  xm_win_user.o [1]
voice_array             0x83fc25bc       0x20  Data  Lc  app_voice.o [1]
voice_count             0x83fc25dc        0x4  Data  Lc  app_voice.o [1]
voice_decode            0x8014f390       0x48  Code  Lc  app_voice.o [1]
voice_id_2_rom_res      0x8014f24c       0x2c  Code  Gb  app_voice.o [1]
voice_index             0x83fc25e0        0x4  Data  Lc  app_voice.o [1]
voice_prompts_count_sema
                        0x83fc25f4        0x4  Data  Lc  app_voice.o [1]
voice_prompts_count_sema_name
                        0x83fc25f0        0x4  Data  Lc  app_voice.o [1]
voice_prompts_sema      0x83fc25ec        0x4  Data  Lc  app_voice.o [1]
voice_prompts_sema_name
                        0x83fc25e8        0x4  Data  Lc  app_voice.o [1]
voice_text              0x83fc8dc8       0x14  Data  Lc  app_voice.o [1]
voicing                 0x83fc8db0        0x2  Data  Lc  g729_dec.o [13]
vsnprintf               0x800f2981       0x3c  Code  Gb  vsnprint.o [4]
vsprintf                0x8012db49       0x2c  Code  Gb  vsprintf.o [4]
vsscanf                 0x8010f619       0x1c  Code  Gb  vsscanf.o [4]
wAutoPowerOffTime       0x83fc8c04        0x2  Data  Lc  target.o [1]
warned.9050             0x83fec53c        0x4  Data  Lc  mux.o [6]
watchdog_reset          0x80119540       0x14  Code  Gb  wdt.o [1]
wav_inited              0x83febbf8        0x4  Data  Lc  xm_iisadc.o [1]
week_day                0x8012a2ec       0xf8  Code  Gb  rtc.o [1]
white_datetime_char_length
                        0x80186420       0x38  Data  Lc  app_time.o [1]
white_datetime_char_offset
                        0x801863e8       0x38  Data  Lc  app_time.o [1]
widget_count            0x83fc7765        0x1  Data  Lc  xm_win_user.o [1]
widget_flag             0x83fc79f8        0x8  Data  Lc  xm_win_user.o [1]
widget_userdata         0x83fc7a00       0x20  Data  Lc  xm_win_user.o [1]
window_count            0x83fc7764        0x1  Data  Lc  xm_win_user.o [1]
window_stack            0x83fc7664       0xe0  Data  Lc  xm_win_user.o [1]
wingdi_exit             0x801288a0        0x4  Code  Gb  xm_win_gdi.o [1]
wingdi_init             0x80128804       0x9c  Code  Gb  xm_win_gdi.o [1]
winmem_init             0x8014eee4       0x54  Code  Gb  xm_win_mem.o [1]
winmem_restore_environment
                        0x8014ef8c       0x58  Code  Gb  xm_win_mem.o [1]
winmem_save_environment
                        0x8014ef38       0x54  Code  Gb  xm_win_mem.o [1]
winuser_exit            0x8014fee0        0x4  Code  Gb  xm_win_user.o [1]
winuser_init            0x8014fe28       0xb8  Code  Gb  xm_win_user.o [1]
workingFifoSampleCount  0x83febbe4        0x8  Data  Lc  xm_iisadc.o [1]
wrap_timestamp          0x800e0571       0xe6  Code  Lc  utils.o [6]
write                   0x8013c788       0x24  Code  Gb  xm_core_file.o [1]
write_audio_frame       0x80103bf1       0xb4  Code  Lc  tachograph.o [6]
write_number            0x800fab71      0x1e6  Code  Lc  opt.o [7]
write_packet            0x800f0ea1      0x148  Code  Lc  mux.o [6]
write_video_frame       0x80104131      0x12c  Code  Lc  tachograph.o [6]
writel                  0x8015ed88        0x8  Code  Gb  hx280enc.o [1]
x0                      0x83fc8f78        0x2  Data  Lc  mul64_op.o [12]
x1                      0x83fc8f7a        0x2  Data  Lc  mul64_op.o [12]
x264_arkn141_H264SliceReady
                        0x801b6010        0x4  Code  Gb  arkn141_h264_encoder.o [1]
x264_arkn141_close_encoder
                        0x801b6818       0x84  Code  Gb  arkn141_h264_encoder.o [1]
x264_arkn141_defaults   0x801dfe20       0x28  Data  Lc  x264_arkn141.o [5]
x264_arkn141_encoder_encode
                        0x801b6b40      0x530  Code  Gb  arkn141_h264_encoder.o [1]
x264_arkn141_encoder_headers
                        0x801b69e0      0x160  Code  Gb  arkn141_h264_encoder.o [1]
x264_arkn141_open_encoder
                        0x801b689c      0x144  Code  Gb  arkn141_h264_encoder.o [1]
x264_arkn141_param_default
                        0x801b6014      0x198  Code  Gb  arkn141_h264_encoder.o [1]
x264_arkn141_parse_param
                        0x801b7074      0x988  Code  Gb  arkn141_h264_encoder.o [1]
xm_adc_init             0x8011a99c      0x108  Code  Gb  xm_adc.o [1]
xm_arkn141_isp_set_exposure_compensation
                        0x8012f200       0x88  Code  Gb  Gem_isp.o [1]
xm_arkn141_isp_set_sharpening_value
                        0x8012f288       0xb0  Code  Gb  Gem_isp.o [1]
xm_autotest_init        0x80157190       0x18  Code  Gb  xm_at.o [1]
xm_autotest_run         0x80157228      0x184  Code  Gb  xm_at.o [1]
xm_autotest_stop        0x801571a8       0x80  Code  Gb  xm_at.o [1]
xm_close_volume_service
                        0x80146114       0x54  Code  Gb  message_task.o [1]
xm_core_allocate_linear_memory
                        0x801596d0       0x84  Code  Gb  xm_core_linear_memory.o [1]
xm_core_free_linear_memory
                        0x80159754       0x4c  Code  Gb  xm_core_linear_memory.o [1]
xm_do_change_task       0x8012952c       0x60  Code  Gb  os_change_task.o [1]
xm_h264_cache_command_queue_init
                        0x8015a828       0xd8  Code  Gb  xm_h264_cache_command_queue.o [1]
xm_h264_cache_command_queue_insert_command
                        0x8015a900      0x19c  Code  Gb  xm_h264_cache_command_queue.o [1]
xm_h264_cache_command_queue_remove_command
                        0x8015aa9c       0xac  Code  Gb  xm_h264_cache_command_queue.o [1]
xm_h264_file_init       0x801171c0       0x54  Code  Gb  xm_h264_file.o [1]
xm_i2c_close            0x8012c888       0x9c  Code  Gb  xm_i2c.o [1]
xm_i2c_device_close     0x8012ccf0      0x108  Code  Gb  xm_i2c.o [1]
xm_i2c_device_open      0x8012cae4      0x204  Code  Gb  xm_i2c.o [1]
xm_i2c_init             0x8012c60c       0x50  Code  Gb  xm_i2c.o [1]
xm_i2c_open             0x8012c65c      0x22c  Code  Gb  xm_i2c.o [1]
xm_i2c_read             0x8012c9fc       0xe8  Code  Gb  xm_i2c.o [1]
xm_i2c_write            0x8012c924       0xd8  Code  Gb  xm_i2c.o [1]
xm_isp_init             0x8012ebac        0x8  Code  Gb  Gem_isp.o [1]
xm_isp_scalar_buffer_clear
                        0x80137940       0x14  Code  Lc  xm_isp_scalar.o [1]
xm_isp_scalar_config    0x80137720      0x220  Code  Gb  xm_isp_scalar.o [1]
xm_isp_scalar_create    0x80137fb8       0xf4  Code  Gb  xm_isp_scalar.o [1]
xm_isp_scalar_delete    0x80137e7c      0x11c  Code  Gb  xm_isp_scalar.o [1]
xm_isp_scalar_init      0x8013765c       0xc4  Code  Gb  xm_isp_scalar.o [1]
xm_isp_scalar_register_user_buffer
                        0x80137d68      0x114  Code  Gb  xm_isp_scalar.o [1]
xm_isp_scalar_run       0x80137c8c       0xdc  Code  Gb  xm_isp_scalar.o [1]
xm_jpeg_decode          0x8013bcc0      0x174  Code  Gb  jpeg_task.o [1]
xm_led_on               0x8014a3e0        0x4  Code  Gb  xm_led.o [1]
xm_memset               0x801560c8       0x2c  Code  Gb  common_string.o [1]
xm_open_volume_service  0x80146068       0xac  Code  Gb  message_task.o [1]
xm_power_unlock         0x801196c0       0x3c  Code  Gb  xm_power.o [1]
xm_powerkey_init        0x80119710       0x98  Code  Gb  xm_power.o [1]
xm_powerkey_test        0x801195ac       0x24  Code  Gb  xm_power.o [1]
xm_restore_environment  0x8014fb68      0x198  Code  Gb  xm_win_user.o [1]
xm_save_environment     0x8014fad4       0x94  Code  Gb  xm_win_user.o [1]
xm_strcmpi              0x801560f4       0x48  Code  Gb  common_string.o [1]
xm_stricmp              0x8015613c        0x4  Code  Gb  common_string.o [1]
xm_uart_init            0x8012bce8       0x54  Code  Gb  xm_uart.o [1]
y1                      0x83fc8f80        0x4  Data  Lc  mul64_op.o [12]
y2                      0x83fc8f7c        0x4  Data  Lc  mul64_op.o [12]
yuv_buf0                0x82c32800   0x2f7600  Data  Gb  Gem_isp.o [1]
yuv_buf1                0x82f2a000   0x2f7600  Data  Gb  Gem_isp.o [1]
yuv_buf2                0x83221800   0x2f7600  Data  Gb  Gem_isp.o [1]
yuv_buf3                0x83519000   0x2f7600  Data  Gb  Gem_isp.o [1]
yuv_wFrameSize_height   0x83fc6698       0x20  Data  Gb  descript_def.o [1]
yuv_wFrameSize_width    0x83fc6678       0x20  Data  Gb  descript_def.o [1]
yuv_winFrame_BufferSize
                        0x83fc66f8       0x3c  Data  Gb  descript_def.o [1]
yuv_winFrame_order      0x83fc6778       0x10  Data  Gb  descript_def.o [1]
zcalloc                 0x801e1cc0       0x18  Code  Gb  zutil.o [14]
zcfree                  0x801e1cd8       0x10  Code  Gb  zutil.o [14]
zerobuffer.9132         0x83fec148       0x20  Data  Lc  utils.o [6]
zigZag4x4               0x801ada60       0x40  Data  Lc  h264hwd_seq_param_set.o [1]
zigZag8x8               0x801adaa0      0x100  Data  Lc  h264hwd_seq_param_set.o [1]
zigzag                  0x8018a4b4       0x40  Data  Lc  EncJpeg.o [1]
zzOrder                 0x8017dc14       0x40  Data  Lc  jpegdecinternal.o [1]


[1] = E:\proj\ARKN141\sw\xspace\proj\ARKN141_DEMO\HONGJING_CVBS_3D_OFF_JLINK\Obj
[2] = E:\proj\ARKN141\sw\xspace\rtos\core
[3] = command line
[4] = dl5E_tln.a
[5] = libavcodec.a
[6] = libavformat.a
[7] = libavutil.a
[8] = lpng167.a
[9] = m5E_tl.a
[10] = os5t_al__d.a
[11] = rt5E_al.a
[12] = speech_decoder_arm.a
[13] = speech_decoder_thumb.a
[14] = zlib-1.2.8.a

     942 854 bytes of readonly  code memory
   1 036 430 bytes of readonly  data memory
  63 882 615 bytes of readwrite data memory

Errors: none
Warnings: 3
